======================================================================
🚀 LORA TRAINING (ACDC-snow)
======================================================================
Start: 2025-11-22 06:44:38
Device: cuda
LoRA: r=16
======================================================================

 Creating base model...

📂 Loading baseline decoder...
✅ Baseline decoder loaded!
✅ Linear-like modules found: 96
encoder.layers.0.self_attn.k_proj
encoder.layers.0.self_attn.v_proj
encoder.layers.0.self_attn.q_proj
encoder.layers.0.self_attn.out_proj
encoder.layers.1.self_attn.k_proj
encoder.layers.1.self_attn.v_proj
encoder.layers.1.self_attn.q_proj
encoder.layers.1.self_attn.out_proj
encoder.layers.2.self_attn.k_proj
encoder.layers.2.self_attn.v_proj
encoder.layers.2.self_attn.q_proj
encoder.layers.2.self_attn.out_proj
encoder.layers.3.self_attn.k_proj
encoder.layers.3.self_attn.v_proj
encoder.layers.3.self_attn.q_proj
encoder.layers.3.self_attn.out_proj
encoder.layers.4.self_attn.k_proj
encoder.layers.4.self_attn.v_proj
encoder.layers.4.self_attn.q_proj
encoder.layers.4.self_attn.out_proj
encoder.layers.5.self_attn.k_proj
encoder.layers.5.self_attn.v_proj
encoder.layers.5.self_attn.q_proj
encoder.layers.5.self_attn.out_proj
encoder.layers.6.self_attn.k_proj
encoder.layers.6.self_attn.v_proj
encoder.layers.6.self_attn.q_proj
encoder.layers.6.self_attn.out_proj
encoder.layers.7.self_attn.k_proj
encoder.layers.7.self_attn.v_proj
encoder.layers.7.self_attn.q_proj
encoder.layers.7.self_attn.out_proj
encoder.layers.8.self_attn.k_proj
encoder.layers.8.self_attn.v_proj
encoder.layers.8.self_attn.q_proj
encoder.layers.8.self_attn.out_proj
encoder.layers.9.self_attn.k_proj
encoder.layers.9.self_attn.v_proj
encoder.layers.9.self_attn.q_proj
encoder.layers.9.self_attn.out_proj
encoder.layers.10.self_attn.k_proj
encoder.layers.10.self_attn.v_proj
encoder.layers.10.self_attn.q_proj
encoder.layers.10.self_attn.out_proj
encoder.layers.11.self_attn.k_proj
encoder.layers.11.self_attn.v_proj
encoder.layers.11.self_attn.q_proj
encoder.layers.11.self_attn.out_proj
encoder.layers.12.self_attn.k_proj
encoder.layers.12.self_attn.v_proj
encoder.layers.12.self_attn.q_proj
encoder.layers.12.self_attn.out_proj
encoder.layers.13.self_attn.k_proj
encoder.layers.13.self_attn.v_proj
encoder.layers.13.self_attn.q_proj
encoder.layers.13.self_attn.out_proj
encoder.layers.14.self_attn.k_proj
encoder.layers.14.self_attn.v_proj
encoder.layers.14.self_attn.q_proj
encoder.layers.14.self_attn.out_proj
encoder.layers.15.self_attn.k_proj
encoder.layers.15.self_attn.v_proj
encoder.layers.15.self_attn.q_proj
encoder.layers.15.self_attn.out_proj
encoder.layers.16.self_attn.k_proj
encoder.layers.16.self_attn.v_proj
encoder.layers.16.self_attn.q_proj
encoder.layers.16.self_attn.out_proj
encoder.layers.17.self_attn.k_proj
encoder.layers.17.self_attn.v_proj
encoder.layers.17.self_attn.q_proj
encoder.layers.17.self_attn.out_proj
encoder.layers.18.self_attn.k_proj
encoder.layers.18.self_attn.v_proj
encoder.layers.18.self_attn.q_proj
encoder.layers.18.self_attn.out_proj
encoder.layers.19.self_attn.k_proj
encoder.layers.19.self_attn.v_proj
encoder.layers.19.self_attn.q_proj
encoder.layers.19.self_attn.out_proj
encoder.layers.20.self_attn.k_proj
encoder.layers.20.self_attn.v_proj
encoder.layers.20.self_attn.q_proj
encoder.layers.20.self_attn.out_proj
encoder.layers.21.self_attn.k_proj
encoder.layers.21.self_attn.v_proj
encoder.layers.21.self_attn.q_proj
encoder.layers.21.self_attn.out_proj
encoder.layers.22.self_attn.k_proj
encoder.layers.22.self_attn.v_proj
encoder.layers.22.self_attn.q_proj
encoder.layers.22.self_attn.out_proj
encoder.layers.23.self_attn.k_proj
encoder.layers.23.self_attn.v_proj
encoder.layers.23.self_attn.q_proj
encoder.layers.23.self_attn.out_proj
⚠️ Non-linear modules skipped: 24
('encoder.layers.0.self_attn', 'CLIPAttention')
('encoder.layers.1.self_attn', 'CLIPAttention')
('encoder.layers.2.self_attn', 'CLIPAttention')
('encoder.layers.3.self_attn', 'CLIPAttention')
('encoder.layers.4.self_attn', 'CLIPAttention')
('encoder.layers.5.self_attn', 'CLIPAttention')
('encoder.layers.6.self_attn', 'CLIPAttention')
('encoder.layers.7.self_attn', 'CLIPAttention')
('encoder.layers.8.self_attn', 'CLIPAttention')
('encoder.layers.9.self_attn', 'CLIPAttention')
('encoder.layers.10.self_attn', 'CLIPAttention')
('encoder.layers.11.self_attn', 'CLIPAttention')
('encoder.layers.12.self_attn', 'CLIPAttention')
('encoder.layers.13.self_attn', 'CLIPAttention')
('encoder.layers.14.self_attn', 'CLIPAttention')
('encoder.layers.15.self_attn', 'CLIPAttention')
('encoder.layers.16.self_attn', 'CLIPAttention')
('encoder.layers.17.self_attn', 'CLIPAttention')
('encoder.layers.18.self_attn', 'CLIPAttention')
('encoder.layers.19.self_attn', 'CLIPAttention')
('encoder.layers.20.self_attn', 'CLIPAttention')
('encoder.layers.21.self_attn', 'CLIPAttention')
('encoder.layers.22.self_attn', 'CLIPAttention')
('encoder.layers.23.self_attn', 'CLIPAttention')

🔧 Applying LoRA to CLIP...

⚙️ Setting up optimizer...
✅ Setup complete!
   LoRA params: 3,145,728
   Decoder params: 0

======================================================================
🎯 STARTING TRAINING
======================================================================


======================================================================
Epoch 1/20
======================================================================

📊 Epoch 1 Summary:
  Train Loss: 0.2733
  Val Loss: 0.3666
  Val mIoU: 0.4483
💾 Best model saved! (mIoU: 0.4483)

======================================================================
Epoch 2/20
======================================================================

📊 Epoch 2 Summary:
  Train Loss: 0.2664
  Val Loss: 0.3634
  Val mIoU: 0.4495
💾 Best model saved! (mIoU: 0.4495)

======================================================================
Epoch 3/20
======================================================================

📊 Epoch 3 Summary:
  Train Loss: 0.2605
  Val Loss: 0.3608
  Val mIoU: 0.4533
💾 Best model saved! (mIoU: 0.4533)

======================================================================
Epoch 4/20
======================================================================

📊 Epoch 4 Summary:
  Train Loss: 0.2555
  Val Loss: 0.3584
  Val mIoU: 0.4544
💾 Best model saved! (mIoU: 0.4544)

======================================================================
Epoch 5/20
======================================================================

📊 Epoch 5 Summary:
  Train Loss: 0.2488
  Val Loss: 0.3556
  Val mIoU: 0.4563
💾 Best model saved! (mIoU: 0.4563)

======================================================================
Epoch 6/20
======================================================================

📊 Epoch 6 Summary:
  Train Loss: 0.2431
  Val Loss: 0.3600
  Val mIoU: 0.4532

======================================================================
Epoch 7/20
======================================================================

📊 Epoch 7 Summary:
  Train Loss: 0.2391
  Val Loss: 0.3599
  Val mIoU: 0.4577
💾 Best model saved! (mIoU: 0.4577)

======================================================================
Epoch 8/20
======================================================================

📊 Epoch 8 Summary:
  Train Loss: 0.2351
  Val Loss: 0.3613
  Val mIoU: 0.4573

======================================================================
Epoch 9/20
======================================================================

📊 Epoch 9 Summary:
  Train Loss: 0.2317
  Val Loss: 0.3593
  Val mIoU: 0.4589
💾 Best model saved! (mIoU: 0.4589)

======================================================================
Epoch 10/20
======================================================================

📊 Epoch 10 Summary:
  Train Loss: 0.2282
  Val Loss: 0.3615
  Val mIoU: 0.4571

======================================================================
Epoch 11/20
======================================================================

📊 Epoch 11 Summary:
  Train Loss: 0.2255
  Val Loss: 0.3604
  Val mIoU: 0.4582

======================================================================
Epoch 12/20
======================================================================

📊 Epoch 12 Summary:
  Train Loss: 0.2220
  Val Loss: 0.3613
  Val mIoU: 0.4574

======================================================================
Epoch 13/20
======================================================================

📊 Epoch 13 Summary:
  Train Loss: 0.2204
  Val Loss: 0.3641
  Val mIoU: 0.4595
💾 Best model saved! (mIoU: 0.4595)

======================================================================
Epoch 14/20
======================================================================

📊 Epoch 14 Summary:
  Train Loss: 0.2190
  Val Loss: 0.3655
  Val mIoU: 0.4577

======================================================================
Epoch 15/20
======================================================================

📊 Epoch 15 Summary:
  Train Loss: 0.2171
  Val Loss: 0.3636
  Val mIoU: 0.4584

======================================================================
Epoch 16/20
======================================================================

📊 Epoch 16 Summary:
  Train Loss: 0.2158
  Val Loss: 0.3671
  Val mIoU: 0.4585

======================================================================
Epoch 17/20
======================================================================

📊 Epoch 17 Summary:
  Train Loss: 0.2148
  Val Loss: 0.3675
  Val mIoU: 0.4590

======================================================================
Epoch 18/20
======================================================================

📊 Epoch 18 Summary:
  Train Loss: 0.2143
  Val Loss: 0.3652
  Val mIoU: 0.4594

======================================================================
Epoch 19/20
======================================================================

📊 Epoch 19 Summary:
  Train Loss: 0.2140
  Val Loss: 0.3660
  Val mIoU: 0.4591

======================================================================
Epoch 20/20
======================================================================

📊 Epoch 20 Summary:
  Train Loss: 0.2142
  Val Loss: 0.3658
  Val mIoU: 0.4591

======================================================================
✅ TRAINING COMPLETE!
======================================================================
Best mIoU: 0.4595
======================================================================
======================================================================
🚀 LORA TRAINING (ACDC-snow)
======================================================================
Start: 2025-11-24 18:34:10
Device: cuda
LoRA: r=16
======================================================================

 Creating base model...

📂 Loading baseline decoder...
✅ Baseline decoder loaded!
✅ Linear-like modules found: 96
encoder.layers.0.self_attn.k_proj
encoder.layers.0.self_attn.v_proj
encoder.layers.0.self_attn.q_proj
encoder.layers.0.self_attn.out_proj
encoder.layers.1.self_attn.k_proj
encoder.layers.1.self_attn.v_proj
encoder.layers.1.self_attn.q_proj
encoder.layers.1.self_attn.out_proj
encoder.layers.2.self_attn.k_proj
encoder.layers.2.self_attn.v_proj
encoder.layers.2.self_attn.q_proj
encoder.layers.2.self_attn.out_proj
encoder.layers.3.self_attn.k_proj
encoder.layers.3.self_attn.v_proj
encoder.layers.3.self_attn.q_proj
encoder.layers.3.self_attn.out_proj
encoder.layers.4.self_attn.k_proj
encoder.layers.4.self_attn.v_proj
encoder.layers.4.self_attn.q_proj
encoder.layers.4.self_attn.out_proj
encoder.layers.5.self_attn.k_proj
encoder.layers.5.self_attn.v_proj
encoder.layers.5.self_attn.q_proj
encoder.layers.5.self_attn.out_proj
encoder.layers.6.self_attn.k_proj
encoder.layers.6.self_attn.v_proj
encoder.layers.6.self_attn.q_proj
encoder.layers.6.self_attn.out_proj
encoder.layers.7.self_attn.k_proj
encoder.layers.7.self_attn.v_proj
encoder.layers.7.self_attn.q_proj
encoder.layers.7.self_attn.out_proj
encoder.layers.8.self_attn.k_proj
encoder.layers.8.self_attn.v_proj
encoder.layers.8.self_attn.q_proj
encoder.layers.8.self_attn.out_proj
encoder.layers.9.self_attn.k_proj
encoder.layers.9.self_attn.v_proj
encoder.layers.9.self_attn.q_proj
encoder.layers.9.self_attn.out_proj
encoder.layers.10.self_attn.k_proj
encoder.layers.10.self_attn.v_proj
encoder.layers.10.self_attn.q_proj
encoder.layers.10.self_attn.out_proj
encoder.layers.11.self_attn.k_proj
encoder.layers.11.self_attn.v_proj
encoder.layers.11.self_attn.q_proj
encoder.layers.11.self_attn.out_proj
encoder.layers.12.self_attn.k_proj
encoder.layers.12.self_attn.v_proj
encoder.layers.12.self_attn.q_proj
encoder.layers.12.self_attn.out_proj
encoder.layers.13.self_attn.k_proj
encoder.layers.13.self_attn.v_proj
encoder.layers.13.self_attn.q_proj
encoder.layers.13.self_attn.out_proj
encoder.layers.14.self_attn.k_proj
encoder.layers.14.self_attn.v_proj
encoder.layers.14.self_attn.q_proj
encoder.layers.14.self_attn.out_proj
encoder.layers.15.self_attn.k_proj
encoder.layers.15.self_attn.v_proj
encoder.layers.15.self_attn.q_proj
encoder.layers.15.self_attn.out_proj
encoder.layers.16.self_attn.k_proj
encoder.layers.16.self_attn.v_proj
encoder.layers.16.self_attn.q_proj
encoder.layers.16.self_attn.out_proj
encoder.layers.17.self_attn.k_proj
encoder.layers.17.self_attn.v_proj
encoder.layers.17.self_attn.q_proj
encoder.layers.17.self_attn.out_proj
encoder.layers.18.self_attn.k_proj
encoder.layers.18.self_attn.v_proj
encoder.layers.18.self_attn.q_proj
encoder.layers.18.self_attn.out_proj
encoder.layers.19.self_attn.k_proj
encoder.layers.19.self_attn.v_proj
encoder.layers.19.self_attn.q_proj
encoder.layers.19.self_attn.out_proj
encoder.layers.20.self_attn.k_proj
encoder.layers.20.self_attn.v_proj
encoder.layers.20.self_attn.q_proj
encoder.layers.20.self_attn.out_proj
encoder.layers.21.self_attn.k_proj
encoder.layers.21.self_attn.v_proj
encoder.layers.21.self_attn.q_proj
encoder.layers.21.self_attn.out_proj
encoder.layers.22.self_attn.k_proj
encoder.layers.22.self_attn.v_proj
encoder.layers.22.self_attn.q_proj
encoder.layers.22.self_attn.out_proj
encoder.layers.23.self_attn.k_proj
encoder.layers.23.self_attn.v_proj
encoder.layers.23.self_attn.q_proj
encoder.layers.23.self_attn.out_proj
⚠️ Non-linear modules skipped: 24
('encoder.layers.0.self_attn', 'CLIPAttention')
('encoder.layers.1.self_attn', 'CLIPAttention')
('encoder.layers.2.self_attn', 'CLIPAttention')
('encoder.layers.3.self_attn', 'CLIPAttention')
('encoder.layers.4.self_attn', 'CLIPAttention')
('encoder.layers.5.self_attn', 'CLIPAttention')
('encoder.layers.6.self_attn', 'CLIPAttention')
('encoder.layers.7.self_attn', 'CLIPAttention')
('encoder.layers.8.self_attn', 'CLIPAttention')
('encoder.layers.9.self_attn', 'CLIPAttention')
('encoder.layers.10.self_attn', 'CLIPAttention')
('encoder.layers.11.self_attn', 'CLIPAttention')
('encoder.layers.12.self_attn', 'CLIPAttention')
('encoder.layers.13.self_attn', 'CLIPAttention')
('encoder.layers.14.self_attn', 'CLIPAttention')
('encoder.layers.15.self_attn', 'CLIPAttention')
('encoder.layers.16.self_attn', 'CLIPAttention')
('encoder.layers.17.self_attn', 'CLIPAttention')
('encoder.layers.18.self_attn', 'CLIPAttention')
('encoder.layers.19.self_attn', 'CLIPAttention')
('encoder.layers.20.self_attn', 'CLIPAttention')
('encoder.layers.21.self_attn', 'CLIPAttention')
('encoder.layers.22.self_attn', 'CLIPAttention')
('encoder.layers.23.self_attn', 'CLIPAttention')

🔧 Applying LoRA to CLIP...

⚙️ Setting up optimizer...
✅ Setup complete!
   LoRA params: 3,145,728
   Decoder params: 0

======================================================================
🎯 STARTING TRAINING
======================================================================


======================================================================
Epoch 1/20
======================================================================

📊 Epoch 1 Summary:
  Train Loss: 0.5147
  Val Loss: 0.4789
  Val mIoU: 0.3742
💾 Best model saved! (mIoU: 0.3742)

======================================================================
Epoch 2/20
======================================================================

📊 Epoch 2 Summary:
  Train Loss: 0.4538
  Val Loss: 0.4235
  Val mIoU: 0.3901
💾 Best model saved! (mIoU: 0.3901)

======================================================================
Epoch 3/20
======================================================================

📊 Epoch 3 Summary:
  Train Loss: 0.4173
  Val Loss: 0.4066
  Val mIoU: 0.3962
💾 Best model saved! (mIoU: 0.3962)

======================================================================
Epoch 4/20
======================================================================

📊 Epoch 4 Summary:
  Train Loss: 0.3983
  Val Loss: 0.3967
  Val mIoU: 0.3999
💾 Best model saved! (mIoU: 0.3999)

======================================================================
Epoch 5/20
======================================================================

📊 Epoch 5 Summary:
  Train Loss: 0.3817
  Val Loss: 0.3886
  Val mIoU: 0.4035
💾 Best model saved! (mIoU: 0.4035)

======================================================================
Epoch 6/20
======================================================================

📊 Epoch 6 Summary:
  Train Loss: 0.3695
  Val Loss: 0.3827
  Val mIoU: 0.4065
💾 Best model saved! (mIoU: 0.4065)

======================================================================
Epoch 7/20
======================================================================

📊 Epoch 7 Summary:
  Train Loss: 0.3606
  Val Loss: 0.3777
  Val mIoU: 0.4112
💾 Best model saved! (mIoU: 0.4112)

======================================================================
Epoch 8/20
======================================================================

📊 Epoch 8 Summary:
  Train Loss: 0.3527
  Val Loss: 0.3734
  Val mIoU: 0.4141
💾 Best model saved! (mIoU: 0.4141)

======================================================================
Epoch 9/20
======================================================================

📊 Epoch 9 Summary:
  Train Loss: 0.3449
  Val Loss: 0.3711
  Val mIoU: 0.4179
💾 Best model saved! (mIoU: 0.4179)

======================================================================
Epoch 10/20
======================================================================

📊 Epoch 10 Summary:
  Train Loss: 0.3405
  Val Loss: 0.3683
  Val mIoU: 0.4207
💾 Best model saved! (mIoU: 0.4207)

======================================================================
Epoch 11/20
======================================================================

📊 Epoch 11 Summary:
  Train Loss: 0.3352
  Val Loss: 0.3667
  Val mIoU: 0.4223
💾 Best model saved! (mIoU: 0.4223)

======================================================================
Epoch 12/20
======================================================================

📊 Epoch 12 Summary:
  Train Loss: 0.3315
  Val Loss: 0.3654
  Val mIoU: 0.4232
💾 Best model saved! (mIoU: 0.4232)

======================================================================
Epoch 13/20
======================================================================

📊 Epoch 13 Summary:
  Train Loss: 0.3262
  Val Loss: 0.3640
  Val mIoU: 0.4253
💾 Best model saved! (mIoU: 0.4253)

======================================================================
Epoch 14/20
======================================================================

📊 Epoch 14 Summary:
  Train Loss: 0.3254
  Val Loss: 0.3627
  Val mIoU: 0.4265
💾 Best model saved! (mIoU: 0.4265)

======================================================================
Epoch 15/20
======================================================================

📊 Epoch 15 Summary:
  Train Loss: 0.3224
  Val Loss: 0.3618
  Val mIoU: 0.4277
💾 Best model saved! (mIoU: 0.4277)

======================================================================
Epoch 16/20
======================================================================

📊 Epoch 16 Summary:
  Train Loss: 0.3211
  Val Loss: 0.3612
  Val mIoU: 0.4282
💾 Best model saved! (mIoU: 0.4282)

======================================================================
Epoch 17/20
======================================================================

📊 Epoch 17 Summary:
  Train Loss: 0.3190
  Val Loss: 0.3608
  Val mIoU: 0.4284
💾 Best model saved! (mIoU: 0.4284)

======================================================================
Epoch 18/20
======================================================================

📊 Epoch 18 Summary:
  Train Loss: 0.3190
  Val Loss: 0.3606
  Val mIoU: 0.4285
💾 Best model saved! (mIoU: 0.4285)

======================================================================
Epoch 19/20
======================================================================

📊 Epoch 19 Summary:
  Train Loss: 0.3190
  Val Loss: 0.3606
  Val mIoU: 0.4286
💾 Best model saved! (mIoU: 0.4286)

======================================================================
Epoch 20/20
======================================================================

📊 Epoch 20 Summary:
  Train Loss: 0.3179
  Val Loss: 0.3605
  Val mIoU: 0.4287
💾 Best model saved! (mIoU: 0.4287)

======================================================================
✅ TRAINING COMPLETE!
======================================================================
Best mIoU: 0.4287
======================================================================
