======================================================================
🚀 LORA TRAINING (CS)
======================================================================
Start: 2025-11-22 05:41:37
Device: cuda
LoRA: r=16
======================================================================

 Creating base model...

📂 Loading baseline decoder...
✅ Baseline decoder loaded!
✅ Linear-like modules found: 96
encoder.layers.0.self_attn.k_proj
encoder.layers.0.self_attn.v_proj
encoder.layers.0.self_attn.q_proj
encoder.layers.0.self_attn.out_proj
encoder.layers.1.self_attn.k_proj
encoder.layers.1.self_attn.v_proj
encoder.layers.1.self_attn.q_proj
encoder.layers.1.self_attn.out_proj
encoder.layers.2.self_attn.k_proj
encoder.layers.2.self_attn.v_proj
encoder.layers.2.self_attn.q_proj
encoder.layers.2.self_attn.out_proj
encoder.layers.3.self_attn.k_proj
encoder.layers.3.self_attn.v_proj
encoder.layers.3.self_attn.q_proj
encoder.layers.3.self_attn.out_proj
encoder.layers.4.self_attn.k_proj
encoder.layers.4.self_attn.v_proj
encoder.layers.4.self_attn.q_proj
encoder.layers.4.self_attn.out_proj
encoder.layers.5.self_attn.k_proj
encoder.layers.5.self_attn.v_proj
encoder.layers.5.self_attn.q_proj
encoder.layers.5.self_attn.out_proj
encoder.layers.6.self_attn.k_proj
encoder.layers.6.self_attn.v_proj
encoder.layers.6.self_attn.q_proj
encoder.layers.6.self_attn.out_proj
encoder.layers.7.self_attn.k_proj
encoder.layers.7.self_attn.v_proj
encoder.layers.7.self_attn.q_proj
encoder.layers.7.self_attn.out_proj
encoder.layers.8.self_attn.k_proj
encoder.layers.8.self_attn.v_proj
encoder.layers.8.self_attn.q_proj
encoder.layers.8.self_attn.out_proj
encoder.layers.9.self_attn.k_proj
encoder.layers.9.self_attn.v_proj
encoder.layers.9.self_attn.q_proj
encoder.layers.9.self_attn.out_proj
encoder.layers.10.self_attn.k_proj
encoder.layers.10.self_attn.v_proj
encoder.layers.10.self_attn.q_proj
encoder.layers.10.self_attn.out_proj
encoder.layers.11.self_attn.k_proj
encoder.layers.11.self_attn.v_proj
encoder.layers.11.self_attn.q_proj
encoder.layers.11.self_attn.out_proj
encoder.layers.12.self_attn.k_proj
encoder.layers.12.self_attn.v_proj
encoder.layers.12.self_attn.q_proj
encoder.layers.12.self_attn.out_proj
encoder.layers.13.self_attn.k_proj
encoder.layers.13.self_attn.v_proj
encoder.layers.13.self_attn.q_proj
encoder.layers.13.self_attn.out_proj
encoder.layers.14.self_attn.k_proj
encoder.layers.14.self_attn.v_proj
encoder.layers.14.self_attn.q_proj
encoder.layers.14.self_attn.out_proj
encoder.layers.15.self_attn.k_proj
encoder.layers.15.self_attn.v_proj
encoder.layers.15.self_attn.q_proj
encoder.layers.15.self_attn.out_proj
encoder.layers.16.self_attn.k_proj
encoder.layers.16.self_attn.v_proj
encoder.layers.16.self_attn.q_proj
encoder.layers.16.self_attn.out_proj
encoder.layers.17.self_attn.k_proj
encoder.layers.17.self_attn.v_proj
encoder.layers.17.self_attn.q_proj
encoder.layers.17.self_attn.out_proj
encoder.layers.18.self_attn.k_proj
encoder.layers.18.self_attn.v_proj
encoder.layers.18.self_attn.q_proj
encoder.layers.18.self_attn.out_proj
encoder.layers.19.self_attn.k_proj
encoder.layers.19.self_attn.v_proj
encoder.layers.19.self_attn.q_proj
encoder.layers.19.self_attn.out_proj
encoder.layers.20.self_attn.k_proj
encoder.layers.20.self_attn.v_proj
encoder.layers.20.self_attn.q_proj
encoder.layers.20.self_attn.out_proj
encoder.layers.21.self_attn.k_proj
encoder.layers.21.self_attn.v_proj
encoder.layers.21.self_attn.q_proj
encoder.layers.21.self_attn.out_proj
encoder.layers.22.self_attn.k_proj
encoder.layers.22.self_attn.v_proj
encoder.layers.22.self_attn.q_proj
encoder.layers.22.self_attn.out_proj
encoder.layers.23.self_attn.k_proj
encoder.layers.23.self_attn.v_proj
encoder.layers.23.self_attn.q_proj
encoder.layers.23.self_attn.out_proj
⚠️ Non-linear modules skipped: 24
('encoder.layers.0.self_attn', 'CLIPAttention')
('encoder.layers.1.self_attn', 'CLIPAttention')
('encoder.layers.2.self_attn', 'CLIPAttention')
('encoder.layers.3.self_attn', 'CLIPAttention')
('encoder.layers.4.self_attn', 'CLIPAttention')
('encoder.layers.5.self_attn', 'CLIPAttention')
('encoder.layers.6.self_attn', 'CLIPAttention')
('encoder.layers.7.self_attn', 'CLIPAttention')
('encoder.layers.8.self_attn', 'CLIPAttention')
('encoder.layers.9.self_attn', 'CLIPAttention')
('encoder.layers.10.self_attn', 'CLIPAttention')
('encoder.layers.11.self_attn', 'CLIPAttention')
('encoder.layers.12.self_attn', 'CLIPAttention')
('encoder.layers.13.self_attn', 'CLIPAttention')
('encoder.layers.14.self_attn', 'CLIPAttention')
('encoder.layers.15.self_attn', 'CLIPAttention')
('encoder.layers.16.self_attn', 'CLIPAttention')
('encoder.layers.17.self_attn', 'CLIPAttention')
('encoder.layers.18.self_attn', 'CLIPAttention')
('encoder.layers.19.self_attn', 'CLIPAttention')
('encoder.layers.20.self_attn', 'CLIPAttention')
('encoder.layers.21.self_attn', 'CLIPAttention')
('encoder.layers.22.self_attn', 'CLIPAttention')
('encoder.layers.23.self_attn', 'CLIPAttention')

🔧 Applying LoRA to CLIP...

⚙️ Setting up optimizer...
✅ Setup complete!
   LoRA params: 3,145,728
   Decoder params: 0

======================================================================
🎯 STARTING TRAINING
======================================================================


======================================================================
Epoch 1/20
======================================================================
[Epoch 1][100/186] Loss: 0.3175

📊 Epoch 1 Summary:
  Train Loss: 0.3159
  Val Loss: 0.3644
  Val mIoU: 0.4193
💾 Best model saved! (mIoU: 0.4193)

======================================================================
Epoch 2/20
======================================================================
[Epoch 2][100/186] Loss: 0.3067

📊 Epoch 2 Summary:
  Train Loss: 0.3066
  Val Loss: 0.3513
  Val mIoU: 0.4279
💾 Best model saved! (mIoU: 0.4279)

======================================================================
Epoch 3/20
======================================================================
[Epoch 3][100/186] Loss: 0.2994

📊 Epoch 3 Summary:
  Train Loss: 0.2991
  Val Loss: 0.3410
  Val mIoU: 0.4345
💾 Best model saved! (mIoU: 0.4345)

======================================================================
Epoch 4/20
======================================================================
[Epoch 4][100/186] Loss: 0.2903

📊 Epoch 4 Summary:
  Train Loss: 0.2909
  Val Loss: 0.3365
  Val mIoU: 0.4407
💾 Best model saved! (mIoU: 0.4407)

======================================================================
Epoch 5/20
======================================================================
[Epoch 5][100/186] Loss: 0.2813

📊 Epoch 5 Summary:
  Train Loss: 0.2835
  Val Loss: 0.3328
  Val mIoU: 0.4444
💾 Best model saved! (mIoU: 0.4444)

======================================================================
Epoch 6/20
======================================================================
[Epoch 6][100/186] Loss: 0.2789

📊 Epoch 6 Summary:
  Train Loss: 0.2772
  Val Loss: 0.3299
  Val mIoU: 0.4458
💾 Best model saved! (mIoU: 0.4458)

======================================================================
Epoch 7/20
======================================================================
[Epoch 7][100/186] Loss: 0.2714

📊 Epoch 7 Summary:
  Train Loss: 0.2709
  Val Loss: 0.3267
  Val mIoU: 0.4504
💾 Best model saved! (mIoU: 0.4504)

======================================================================
Epoch 8/20
======================================================================
[Epoch 8][100/186] Loss: 0.2654

📊 Epoch 8 Summary:
  Train Loss: 0.2656
  Val Loss: 0.3254
  Val mIoU: 0.4523
💾 Best model saved! (mIoU: 0.4523)

======================================================================
Epoch 9/20
======================================================================
[Epoch 9][100/186] Loss: 0.2593

📊 Epoch 9 Summary:
  Train Loss: 0.2615
  Val Loss: 0.3238
  Val mIoU: 0.4538
💾 Best model saved! (mIoU: 0.4538)

======================================================================
Epoch 10/20
======================================================================
[Epoch 10][100/186] Loss: 0.2549

📊 Epoch 10 Summary:
  Train Loss: 0.2575
  Val Loss: 0.3241
  Val mIoU: 0.4562
💾 Best model saved! (mIoU: 0.4562)

======================================================================
Epoch 11/20
======================================================================
[Epoch 11][100/186] Loss: 0.2540

📊 Epoch 11 Summary:
  Train Loss: 0.2538
  Val Loss: 0.3218
  Val mIoU: 0.4573
💾 Best model saved! (mIoU: 0.4573)

======================================================================
Epoch 12/20
======================================================================
[Epoch 12][100/186] Loss: 0.2508

📊 Epoch 12 Summary:
  Train Loss: 0.2508
  Val Loss: 0.3238
  Val mIoU: 0.4549

======================================================================
Epoch 13/20
======================================================================
[Epoch 13][100/186] Loss: 0.2484

📊 Epoch 13 Summary:
  Train Loss: 0.2483
  Val Loss: 0.3229
  Val mIoU: 0.4571

======================================================================
Epoch 14/20
======================================================================
[Epoch 14][100/186] Loss: 0.2461

📊 Epoch 14 Summary:
  Train Loss: 0.2458
  Val Loss: 0.3226
  Val mIoU: 0.4565

======================================================================
Epoch 15/20
======================================================================
[Epoch 15][100/186] Loss: 0.2427

📊 Epoch 15 Summary:
  Train Loss: 0.2438
  Val Loss: 0.3233
  Val mIoU: 0.4588
💾 Best model saved! (mIoU: 0.4588)

======================================================================
Epoch 16/20
======================================================================
[Epoch 16][100/186] Loss: 0.2426

📊 Epoch 16 Summary:
  Train Loss: 0.2424
  Val Loss: 0.3235
  Val mIoU: 0.4573

======================================================================
Epoch 17/20
======================================================================
[Epoch 17][100/186] Loss: 0.2382

📊 Epoch 17 Summary:
  Train Loss: 0.2412
  Val Loss: 0.3232
  Val mIoU: 0.4580

======================================================================
Epoch 18/20
======================================================================
[Epoch 18][100/186] Loss: 0.2409

📊 Epoch 18 Summary:
  Train Loss: 0.2404
  Val Loss: 0.3240
  Val mIoU: 0.4566

======================================================================
Epoch 19/20
======================================================================
[Epoch 19][100/186] Loss: 0.2411

📊 Epoch 19 Summary:
  Train Loss: 0.2400
  Val Loss: 0.3238
  Val mIoU: 0.4572

======================================================================
Epoch 20/20
======================================================================
[Epoch 20][100/186] Loss: 0.2378

📊 Epoch 20 Summary:
  Train Loss: 0.2395
  Val Loss: 0.3237
  Val mIoU: 0.4573

======================================================================
✅ TRAINING COMPLETE!
======================================================================
Best mIoU: 0.4588
======================================================================
======================================================================
🚀 LORA TRAINING (CS)
======================================================================
Start: 2025-11-24 17:48:15
Device: cuda
LoRA: r=16
======================================================================

 Creating base model...

📂 Loading baseline decoder...
✅ Baseline decoder loaded!
✅ Linear-like modules found: 96
encoder.layers.0.self_attn.k_proj
encoder.layers.0.self_attn.v_proj
encoder.layers.0.self_attn.q_proj
encoder.layers.0.self_attn.out_proj
encoder.layers.1.self_attn.k_proj
encoder.layers.1.self_attn.v_proj
encoder.layers.1.self_attn.q_proj
encoder.layers.1.self_attn.out_proj
encoder.layers.2.self_attn.k_proj
encoder.layers.2.self_attn.v_proj
encoder.layers.2.self_attn.q_proj
encoder.layers.2.self_attn.out_proj
encoder.layers.3.self_attn.k_proj
encoder.layers.3.self_attn.v_proj
encoder.layers.3.self_attn.q_proj
encoder.layers.3.self_attn.out_proj
encoder.layers.4.self_attn.k_proj
encoder.layers.4.self_attn.v_proj
encoder.layers.4.self_attn.q_proj
encoder.layers.4.self_attn.out_proj
encoder.layers.5.self_attn.k_proj
encoder.layers.5.self_attn.v_proj
encoder.layers.5.self_attn.q_proj
encoder.layers.5.self_attn.out_proj
encoder.layers.6.self_attn.k_proj
encoder.layers.6.self_attn.v_proj
encoder.layers.6.self_attn.q_proj
encoder.layers.6.self_attn.out_proj
encoder.layers.7.self_attn.k_proj
encoder.layers.7.self_attn.v_proj
encoder.layers.7.self_attn.q_proj
encoder.layers.7.self_attn.out_proj
encoder.layers.8.self_attn.k_proj
encoder.layers.8.self_attn.v_proj
encoder.layers.8.self_attn.q_proj
encoder.layers.8.self_attn.out_proj
encoder.layers.9.self_attn.k_proj
encoder.layers.9.self_attn.v_proj
encoder.layers.9.self_attn.q_proj
encoder.layers.9.self_attn.out_proj
encoder.layers.10.self_attn.k_proj
encoder.layers.10.self_attn.v_proj
encoder.layers.10.self_attn.q_proj
encoder.layers.10.self_attn.out_proj
encoder.layers.11.self_attn.k_proj
encoder.layers.11.self_attn.v_proj
encoder.layers.11.self_attn.q_proj
encoder.layers.11.self_attn.out_proj
encoder.layers.12.self_attn.k_proj
encoder.layers.12.self_attn.v_proj
encoder.layers.12.self_attn.q_proj
encoder.layers.12.self_attn.out_proj
encoder.layers.13.self_attn.k_proj
encoder.layers.13.self_attn.v_proj
encoder.layers.13.self_attn.q_proj
encoder.layers.13.self_attn.out_proj
encoder.layers.14.self_attn.k_proj
encoder.layers.14.self_attn.v_proj
encoder.layers.14.self_attn.q_proj
encoder.layers.14.self_attn.out_proj
encoder.layers.15.self_attn.k_proj
encoder.layers.15.self_attn.v_proj
encoder.layers.15.self_attn.q_proj
encoder.layers.15.self_attn.out_proj
encoder.layers.16.self_attn.k_proj
encoder.layers.16.self_attn.v_proj
encoder.layers.16.self_attn.q_proj
encoder.layers.16.self_attn.out_proj
encoder.layers.17.self_attn.k_proj
encoder.layers.17.self_attn.v_proj
encoder.layers.17.self_attn.q_proj
encoder.layers.17.self_attn.out_proj
encoder.layers.18.self_attn.k_proj
encoder.layers.18.self_attn.v_proj
encoder.layers.18.self_attn.q_proj
encoder.layers.18.self_attn.out_proj
encoder.layers.19.self_attn.k_proj
encoder.layers.19.self_attn.v_proj
encoder.layers.19.self_attn.q_proj
encoder.layers.19.self_attn.out_proj
encoder.layers.20.self_attn.k_proj
encoder.layers.20.self_attn.v_proj
encoder.layers.20.self_attn.q_proj
encoder.layers.20.self_attn.out_proj
encoder.layers.21.self_attn.k_proj
encoder.layers.21.self_attn.v_proj
encoder.layers.21.self_attn.q_proj
encoder.layers.21.self_attn.out_proj
encoder.layers.22.self_attn.k_proj
encoder.layers.22.self_attn.v_proj
encoder.layers.22.self_attn.q_proj
encoder.layers.22.self_attn.out_proj
encoder.layers.23.self_attn.k_proj
encoder.layers.23.self_attn.v_proj
encoder.layers.23.self_attn.q_proj
encoder.layers.23.self_attn.out_proj
⚠️ Non-linear modules skipped: 24
('encoder.layers.0.self_attn', 'CLIPAttention')
('encoder.layers.1.self_attn', 'CLIPAttention')
('encoder.layers.2.self_attn', 'CLIPAttention')
('encoder.layers.3.self_attn', 'CLIPAttention')
('encoder.layers.4.self_attn', 'CLIPAttention')
('encoder.layers.5.self_attn', 'CLIPAttention')
('encoder.layers.6.self_attn', 'CLIPAttention')
('encoder.layers.7.self_attn', 'CLIPAttention')
('encoder.layers.8.self_attn', 'CLIPAttention')
('encoder.layers.9.self_attn', 'CLIPAttention')
('encoder.layers.10.self_attn', 'CLIPAttention')
('encoder.layers.11.self_attn', 'CLIPAttention')
('encoder.layers.12.self_attn', 'CLIPAttention')
('encoder.layers.13.self_attn', 'CLIPAttention')
('encoder.layers.14.self_attn', 'CLIPAttention')
('encoder.layers.15.self_attn', 'CLIPAttention')
('encoder.layers.16.self_attn', 'CLIPAttention')
('encoder.layers.17.self_attn', 'CLIPAttention')
('encoder.layers.18.self_attn', 'CLIPAttention')
('encoder.layers.19.self_attn', 'CLIPAttention')
('encoder.layers.20.self_attn', 'CLIPAttention')
('encoder.layers.21.self_attn', 'CLIPAttention')
('encoder.layers.22.self_attn', 'CLIPAttention')
('encoder.layers.23.self_attn', 'CLIPAttention')

🔧 Applying LoRA to CLIP...

⚙️ Setting up optimizer...
✅ Setup complete!
   LoRA params: 3,145,728
   Decoder params: 0

======================================================================
🎯 STARTING TRAINING
======================================================================


======================================================================
Epoch 1/20
======================================================================
[Epoch 1][100/372] Loss: 0.4148
[Epoch 1][200/372] Loss: 0.4129
[Epoch 1][300/372] Loss: 0.4107

📊 Epoch 1 Summary:
  Train Loss: 0.4075
  Val Loss: 0.4137
  Val mIoU: 0.3798
💾 Best model saved! (mIoU: 0.3798)

======================================================================
Epoch 2/20
======================================================================
[Epoch 2][100/372] Loss: 0.3939
[Epoch 2][200/372] Loss: 0.3869
[Epoch 2][300/372] Loss: 0.3816

📊 Epoch 2 Summary:
  Train Loss: 0.3795
  Val Loss: 0.3865
  Val mIoU: 0.3922
💾 Best model saved! (mIoU: 0.3922)

======================================================================
Epoch 3/20
======================================================================
[Epoch 3][100/372] Loss: 0.3641
[Epoch 3][200/372] Loss: 0.3595
[Epoch 3][300/372] Loss: 0.3574

📊 Epoch 3 Summary:
  Train Loss: 0.3538
  Val Loss: 0.3658
  Val mIoU: 0.4061
💾 Best model saved! (mIoU: 0.4061)

======================================================================
Epoch 4/20
======================================================================
[Epoch 4][100/372] Loss: 0.3476
[Epoch 4][200/372] Loss: 0.3398
[Epoch 4][300/372] Loss: 0.3378

📊 Epoch 4 Summary:
  Train Loss: 0.3377
  Val Loss: 0.3535
  Val mIoU: 0.4129
💾 Best model saved! (mIoU: 0.4129)

======================================================================
Epoch 5/20
======================================================================
[Epoch 5][100/372] Loss: 0.3252
[Epoch 5][200/372] Loss: 0.3271
[Epoch 5][300/372] Loss: 0.3264

📊 Epoch 5 Summary:
  Train Loss: 0.3264
  Val Loss: 0.3470
  Val mIoU: 0.4167
💾 Best model saved! (mIoU: 0.4167)

======================================================================
Epoch 6/20
======================================================================
[Epoch 6][100/372] Loss: 0.3230
[Epoch 6][200/372] Loss: 0.3203
[Epoch 6][300/372] Loss: 0.3208

📊 Epoch 6 Summary:
  Train Loss: 0.3194
  Val Loss: 0.3427
  Val mIoU: 0.4193
💾 Best model saved! (mIoU: 0.4193)

======================================================================
Epoch 7/20
======================================================================
[Epoch 7][100/372] Loss: 0.3145
[Epoch 7][200/372] Loss: 0.3169
[Epoch 7][300/372] Loss: 0.3150

📊 Epoch 7 Summary:
  Train Loss: 0.3137
  Val Loss: 0.3398
  Val mIoU: 0.4213
💾 Best model saved! (mIoU: 0.4213)

======================================================================
Epoch 8/20
======================================================================
[Epoch 8][100/372] Loss: 0.3133
[Epoch 8][200/372] Loss: 0.3099
[Epoch 8][300/372] Loss: 0.3078

📊 Epoch 8 Summary:
  Train Loss: 0.3088
  Val Loss: 0.3365
  Val mIoU: 0.4233
💾 Best model saved! (mIoU: 0.4233)

======================================================================
Epoch 9/20
======================================================================
[Epoch 9][100/372] Loss: 0.3036
[Epoch 9][200/372] Loss: 0.3060
[Epoch 9][300/372] Loss: 0.3051

📊 Epoch 9 Summary:
  Train Loss: 0.3046
  Val Loss: 0.3356
  Val mIoU: 0.4236
💾 Best model saved! (mIoU: 0.4236)

======================================================================
Epoch 10/20
======================================================================
[Epoch 10][100/372] Loss: 0.2998
[Epoch 10][200/372] Loss: 0.2986
[Epoch 10][300/372] Loss: 0.3018

📊 Epoch 10 Summary:
  Train Loss: 0.3015
  Val Loss: 0.3326
  Val mIoU: 0.4245
💾 Best model saved! (mIoU: 0.4245)

======================================================================
Epoch 11/20
======================================================================
[Epoch 11][100/372] Loss: 0.2928
[Epoch 11][200/372] Loss: 0.2965
[Epoch 11][300/372] Loss: 0.2977

📊 Epoch 11 Summary:
  Train Loss: 0.2988
  Val Loss: 0.3321
  Val mIoU: 0.4255
💾 Best model saved! (mIoU: 0.4255)

======================================================================
Epoch 12/20
======================================================================
[Epoch 12][100/372] Loss: 0.2951
[Epoch 12][200/372] Loss: 0.2961
[Epoch 12][300/372] Loss: 0.2960

📊 Epoch 12 Summary:
  Train Loss: 0.2963
  Val Loss: 0.3308
  Val mIoU: 0.4271
💾 Best model saved! (mIoU: 0.4271)

======================================================================
Epoch 13/20
======================================================================
[Epoch 13][100/372] Loss: 0.2912
[Epoch 13][200/372] Loss: 0.2909
[Epoch 13][300/372] Loss: 0.2926

📊 Epoch 13 Summary:
  Train Loss: 0.2941
  Val Loss: 0.3299
  Val mIoU: 0.4256

======================================================================
Epoch 14/20
======================================================================
[Epoch 14][100/372] Loss: 0.2909
[Epoch 14][200/372] Loss: 0.2911
[Epoch 14][300/372] Loss: 0.2921

📊 Epoch 14 Summary:
  Train Loss: 0.2928
  Val Loss: 0.3295
  Val mIoU: 0.4258

======================================================================
Epoch 15/20
======================================================================
[Epoch 15][100/372] Loss: 0.2888
[Epoch 15][200/372] Loss: 0.2901
[Epoch 15][300/372] Loss: 0.2920

📊 Epoch 15 Summary:
  Train Loss: 0.2911
  Val Loss: 0.3293
  Val mIoU: 0.4257

======================================================================
Epoch 16/20
======================================================================
[Epoch 16][100/372] Loss: 0.2913
[Epoch 16][200/372] Loss: 0.2928
[Epoch 16][300/372] Loss: 0.2906

📊 Epoch 16 Summary:
  Train Loss: 0.2900
  Val Loss: 0.3282
  Val mIoU: 0.4275
💾 Best model saved! (mIoU: 0.4275)

======================================================================
Epoch 17/20
======================================================================
[Epoch 17][100/372] Loss: 0.2864
[Epoch 17][200/372] Loss: 0.2882
[Epoch 17][300/372] Loss: 0.2900

📊 Epoch 17 Summary:
  Train Loss: 0.2892
  Val Loss: 0.3282
  Val mIoU: 0.4274

======================================================================
Epoch 18/20
======================================================================
[Epoch 18][100/372] Loss: 0.2929
[Epoch 18][200/372] Loss: 0.2885
[Epoch 18][300/372] Loss: 0.2884

📊 Epoch 18 Summary:
  Train Loss: 0.2887
  Val Loss: 0.3279
  Val mIoU: 0.4279
💾 Best model saved! (mIoU: 0.4279)

======================================================================
Epoch 19/20
======================================================================
[Epoch 19][100/372] Loss: 0.2927
[Epoch 19][200/372] Loss: 0.2896
[Epoch 19][300/372] Loss: 0.2879

📊 Epoch 19 Summary:
  Train Loss: 0.2882
  Val Loss: 0.3280
  Val mIoU: 0.4276

======================================================================
Epoch 20/20
======================================================================
[Epoch 20][100/372] Loss: 0.2943
[Epoch 20][200/372] Loss: 0.2915
[Epoch 20][300/372] Loss: 0.2896

📊 Epoch 20 Summary:
  Train Loss: 0.2883
  Val Loss: 0.3279
  Val mIoU: 0.4278

======================================================================
✅ TRAINING COMPLETE!
======================================================================
Best mIoU: 0.4279
======================================================================
