======================================================================
🚀 BLOCK-LORA TRAINING (ACDC-fog)
======================================================================
Start: 2025-11-21 23:23:30
Device: cuda
Block-LoRA: r=16, n=2
======================================================================

 Creating base model...

📂 Loading baseline decoder...
✅ Baseline decoder loaded!
✅ Linear-like modules found: 96
encoder.layers.0.self_attn.k_proj
encoder.layers.0.self_attn.v_proj
encoder.layers.0.self_attn.q_proj
encoder.layers.0.self_attn.out_proj
encoder.layers.1.self_attn.k_proj
encoder.layers.1.self_attn.v_proj
encoder.layers.1.self_attn.q_proj
encoder.layers.1.self_attn.out_proj
encoder.layers.2.self_attn.k_proj
encoder.layers.2.self_attn.v_proj
encoder.layers.2.self_attn.q_proj
encoder.layers.2.self_attn.out_proj
encoder.layers.3.self_attn.k_proj
encoder.layers.3.self_attn.v_proj
encoder.layers.3.self_attn.q_proj
encoder.layers.3.self_attn.out_proj
encoder.layers.4.self_attn.k_proj
encoder.layers.4.self_attn.v_proj
encoder.layers.4.self_attn.q_proj
encoder.layers.4.self_attn.out_proj
encoder.layers.5.self_attn.k_proj
encoder.layers.5.self_attn.v_proj
encoder.layers.5.self_attn.q_proj
encoder.layers.5.self_attn.out_proj
encoder.layers.6.self_attn.k_proj
encoder.layers.6.self_attn.v_proj
encoder.layers.6.self_attn.q_proj
encoder.layers.6.self_attn.out_proj
encoder.layers.7.self_attn.k_proj
encoder.layers.7.self_attn.v_proj
encoder.layers.7.self_attn.q_proj
encoder.layers.7.self_attn.out_proj
encoder.layers.8.self_attn.k_proj
encoder.layers.8.self_attn.v_proj
encoder.layers.8.self_attn.q_proj
encoder.layers.8.self_attn.out_proj
encoder.layers.9.self_attn.k_proj
encoder.layers.9.self_attn.v_proj
encoder.layers.9.self_attn.q_proj
encoder.layers.9.self_attn.out_proj
encoder.layers.10.self_attn.k_proj
encoder.layers.10.self_attn.v_proj
encoder.layers.10.self_attn.q_proj
encoder.layers.10.self_attn.out_proj
encoder.layers.11.self_attn.k_proj
encoder.layers.11.self_attn.v_proj
encoder.layers.11.self_attn.q_proj
encoder.layers.11.self_attn.out_proj
encoder.layers.12.self_attn.k_proj
encoder.layers.12.self_attn.v_proj
encoder.layers.12.self_attn.q_proj
encoder.layers.12.self_attn.out_proj
encoder.layers.13.self_attn.k_proj
encoder.layers.13.self_attn.v_proj
encoder.layers.13.self_attn.q_proj
encoder.layers.13.self_attn.out_proj
encoder.layers.14.self_attn.k_proj
encoder.layers.14.self_attn.v_proj
encoder.layers.14.self_attn.q_proj
encoder.layers.14.self_attn.out_proj
encoder.layers.15.self_attn.k_proj
encoder.layers.15.self_attn.v_proj
encoder.layers.15.self_attn.q_proj
encoder.layers.15.self_attn.out_proj
encoder.layers.16.self_attn.k_proj
encoder.layers.16.self_attn.v_proj
encoder.layers.16.self_attn.q_proj
encoder.layers.16.self_attn.out_proj
encoder.layers.17.self_attn.k_proj
encoder.layers.17.self_attn.v_proj
encoder.layers.17.self_attn.q_proj
encoder.layers.17.self_attn.out_proj
encoder.layers.18.self_attn.k_proj
encoder.layers.18.self_attn.v_proj
encoder.layers.18.self_attn.q_proj
encoder.layers.18.self_attn.out_proj
encoder.layers.19.self_attn.k_proj
encoder.layers.19.self_attn.v_proj
encoder.layers.19.self_attn.q_proj
encoder.layers.19.self_attn.out_proj
encoder.layers.20.self_attn.k_proj
encoder.layers.20.self_attn.v_proj
encoder.layers.20.self_attn.q_proj
encoder.layers.20.self_attn.out_proj
encoder.layers.21.self_attn.k_proj
encoder.layers.21.self_attn.v_proj
encoder.layers.21.self_attn.q_proj
encoder.layers.21.self_attn.out_proj
encoder.layers.22.self_attn.k_proj
encoder.layers.22.self_attn.v_proj
encoder.layers.22.self_attn.q_proj
encoder.layers.22.self_attn.out_proj
encoder.layers.23.self_attn.k_proj
encoder.layers.23.self_attn.v_proj
encoder.layers.23.self_attn.q_proj
encoder.layers.23.self_attn.out_proj
⚠️ Non-linear modules skipped: 24
('encoder.layers.0.self_attn', 'CLIPAttention')
('encoder.layers.1.self_attn', 'CLIPAttention')
('encoder.layers.2.self_attn', 'CLIPAttention')
('encoder.layers.3.self_attn', 'CLIPAttention')
('encoder.layers.4.self_attn', 'CLIPAttention')
('encoder.layers.5.self_attn', 'CLIPAttention')
('encoder.layers.6.self_attn', 'CLIPAttention')
('encoder.layers.7.self_attn', 'CLIPAttention')
('encoder.layers.8.self_attn', 'CLIPAttention')
('encoder.layers.9.self_attn', 'CLIPAttention')
('encoder.layers.10.self_attn', 'CLIPAttention')
('encoder.layers.11.self_attn', 'CLIPAttention')
('encoder.layers.12.self_attn', 'CLIPAttention')
('encoder.layers.13.self_attn', 'CLIPAttention')
('encoder.layers.14.self_attn', 'CLIPAttention')
('encoder.layers.15.self_attn', 'CLIPAttention')
('encoder.layers.16.self_attn', 'CLIPAttention')
('encoder.layers.17.self_attn', 'CLIPAttention')
('encoder.layers.18.self_attn', 'CLIPAttention')
('encoder.layers.19.self_attn', 'CLIPAttention')
('encoder.layers.20.self_attn', 'CLIPAttention')
('encoder.layers.21.self_attn', 'CLIPAttention')
('encoder.layers.22.self_attn', 'CLIPAttention')
('encoder.layers.23.self_attn', 'CLIPAttention')

🔧 Applying Block-LoRA to CLIP...

⚙️ Setting up optimizer...
✅ Setup complete!
   Block-LoRA params: 3,145,728
   Decoder params: 0

======================================================================
🎯 STARTING TRAINING
======================================================================


======================================================================
Epoch 1/20
======================================================================

📊 Epoch 1 Summary:
  Train Loss: 0.1911
  Val Loss: 0.2908
  Val mIoU: 0.4569
💾 Best model saved! (mIoU: 0.4569)

======================================================================
Epoch 2/20
======================================================================

📊 Epoch 2 Summary:
  Train Loss: 0.1872
  Val Loss: 0.2895
  Val mIoU: 0.4582
💾 Best model saved! (mIoU: 0.4582)

======================================================================
Epoch 3/20
======================================================================

📊 Epoch 3 Summary:
  Train Loss: 0.1829
  Val Loss: 0.2884
  Val mIoU: 0.4599
💾 Best model saved! (mIoU: 0.4599)

======================================================================
Epoch 4/20
======================================================================

📊 Epoch 4 Summary:
  Train Loss: 0.1787
  Val Loss: 0.2861
  Val mIoU: 0.4623
💾 Best model saved! (mIoU: 0.4623)

======================================================================
Epoch 5/20
======================================================================

📊 Epoch 5 Summary:
  Train Loss: 0.1754
  Val Loss: 0.2844
  Val mIoU: 0.4631
💾 Best model saved! (mIoU: 0.4631)

======================================================================
Epoch 6/20
======================================================================

📊 Epoch 6 Summary:
  Train Loss: 0.1711
  Val Loss: 0.2849
  Val mIoU: 0.4635
💾 Best model saved! (mIoU: 0.4635)

======================================================================
Epoch 7/20
======================================================================

📊 Epoch 7 Summary:
  Train Loss: 0.1676
  Val Loss: 0.2839
  Val mIoU: 0.4656
💾 Best model saved! (mIoU: 0.4656)

======================================================================
Epoch 8/20
======================================================================

📊 Epoch 8 Summary:
  Train Loss: 0.1650
  Val Loss: 0.2835
  Val mIoU: 0.4661
💾 Best model saved! (mIoU: 0.4661)

======================================================================
Epoch 9/20
======================================================================

📊 Epoch 9 Summary:
  Train Loss: 0.1614
  Val Loss: 0.2828
  Val mIoU: 0.4666
💾 Best model saved! (mIoU: 0.4666)

======================================================================
Epoch 10/20
======================================================================

📊 Epoch 10 Summary:
  Train Loss: 0.1597
  Val Loss: 0.2839
  Val mIoU: 0.4667
💾 Best model saved! (mIoU: 0.4667)

======================================================================
Epoch 11/20
======================================================================

📊 Epoch 11 Summary:
  Train Loss: 0.1574
  Val Loss: 0.2827
  Val mIoU: 0.4673
💾 Best model saved! (mIoU: 0.4673)

======================================================================
Epoch 12/20
======================================================================

📊 Epoch 12 Summary:
  Train Loss: 0.1554
  Val Loss: 0.2827
  Val mIoU: 0.4689
💾 Best model saved! (mIoU: 0.4689)

======================================================================
Epoch 13/20
======================================================================

📊 Epoch 13 Summary:
  Train Loss: 0.1533
  Val Loss: 0.2827
  Val mIoU: 0.4686

======================================================================
Epoch 14/20
======================================================================

📊 Epoch 14 Summary:
  Train Loss: 0.1525
  Val Loss: 0.2825
  Val mIoU: 0.4675

======================================================================
Epoch 15/20
======================================================================

📊 Epoch 15 Summary:
  Train Loss: 0.1514
  Val Loss: 0.2832
  Val mIoU: 0.4684

======================================================================
Epoch 16/20
======================================================================

📊 Epoch 16 Summary:
  Train Loss: 0.1509
  Val Loss: 0.2824
  Val mIoU: 0.4690
💾 Best model saved! (mIoU: 0.4690)

======================================================================
Epoch 17/20
======================================================================

📊 Epoch 17 Summary:
  Train Loss: 0.1507
  Val Loss: 0.2830
  Val mIoU: 0.4690

======================================================================
Epoch 18/20
======================================================================

📊 Epoch 18 Summary:
  Train Loss: 0.1502
  Val Loss: 0.2829
  Val mIoU: 0.4689

======================================================================
Epoch 19/20
======================================================================

📊 Epoch 19 Summary:
  Train Loss: 0.1498
  Val Loss: 0.2828
  Val mIoU: 0.4688

======================================================================
Epoch 20/20
======================================================================

📊 Epoch 20 Summary:
  Train Loss: 0.1497
  Val Loss: 0.2828
  Val mIoU: 0.4688

======================================================================
✅ TRAINING COMPLETE!
======================================================================
Best mIoU: 0.4690
======================================================================
======================================================================
🚀 BLOCK-LORA TRAINING (ACDC-fog)
======================================================================
Start: 2025-11-24 12:38:53
Device: cuda
Block-LoRA: r=16, n=2
======================================================================

 Creating base model...

📂 Loading baseline decoder...
✅ Baseline decoder loaded!
✅ Linear-like modules found: 96
encoder.layers.0.self_attn.k_proj
encoder.layers.0.self_attn.v_proj
encoder.layers.0.self_attn.q_proj
encoder.layers.0.self_attn.out_proj
encoder.layers.1.self_attn.k_proj
encoder.layers.1.self_attn.v_proj
encoder.layers.1.self_attn.q_proj
encoder.layers.1.self_attn.out_proj
encoder.layers.2.self_attn.k_proj
encoder.layers.2.self_attn.v_proj
encoder.layers.2.self_attn.q_proj
encoder.layers.2.self_attn.out_proj
encoder.layers.3.self_attn.k_proj
encoder.layers.3.self_attn.v_proj
encoder.layers.3.self_attn.q_proj
encoder.layers.3.self_attn.out_proj
encoder.layers.4.self_attn.k_proj
encoder.layers.4.self_attn.v_proj
encoder.layers.4.self_attn.q_proj
encoder.layers.4.self_attn.out_proj
encoder.layers.5.self_attn.k_proj
encoder.layers.5.self_attn.v_proj
encoder.layers.5.self_attn.q_proj
encoder.layers.5.self_attn.out_proj
encoder.layers.6.self_attn.k_proj
encoder.layers.6.self_attn.v_proj
encoder.layers.6.self_attn.q_proj
encoder.layers.6.self_attn.out_proj
encoder.layers.7.self_attn.k_proj
encoder.layers.7.self_attn.v_proj
encoder.layers.7.self_attn.q_proj
encoder.layers.7.self_attn.out_proj
encoder.layers.8.self_attn.k_proj
encoder.layers.8.self_attn.v_proj
encoder.layers.8.self_attn.q_proj
encoder.layers.8.self_attn.out_proj
encoder.layers.9.self_attn.k_proj
encoder.layers.9.self_attn.v_proj
encoder.layers.9.self_attn.q_proj
encoder.layers.9.self_attn.out_proj
encoder.layers.10.self_attn.k_proj
encoder.layers.10.self_attn.v_proj
encoder.layers.10.self_attn.q_proj
encoder.layers.10.self_attn.out_proj
encoder.layers.11.self_attn.k_proj
encoder.layers.11.self_attn.v_proj
encoder.layers.11.self_attn.q_proj
encoder.layers.11.self_attn.out_proj
encoder.layers.12.self_attn.k_proj
encoder.layers.12.self_attn.v_proj
encoder.layers.12.self_attn.q_proj
encoder.layers.12.self_attn.out_proj
encoder.layers.13.self_attn.k_proj
encoder.layers.13.self_attn.v_proj
encoder.layers.13.self_attn.q_proj
encoder.layers.13.self_attn.out_proj
encoder.layers.14.self_attn.k_proj
encoder.layers.14.self_attn.v_proj
encoder.layers.14.self_attn.q_proj
encoder.layers.14.self_attn.out_proj
encoder.layers.15.self_attn.k_proj
encoder.layers.15.self_attn.v_proj
encoder.layers.15.self_attn.q_proj
encoder.layers.15.self_attn.out_proj
encoder.layers.16.self_attn.k_proj
encoder.layers.16.self_attn.v_proj
encoder.layers.16.self_attn.q_proj
encoder.layers.16.self_attn.out_proj
encoder.layers.17.self_attn.k_proj
encoder.layers.17.self_attn.v_proj
encoder.layers.17.self_attn.q_proj
encoder.layers.17.self_attn.out_proj
encoder.layers.18.self_attn.k_proj
encoder.layers.18.self_attn.v_proj
encoder.layers.18.self_attn.q_proj
encoder.layers.18.self_attn.out_proj
encoder.layers.19.self_attn.k_proj
encoder.layers.19.self_attn.v_proj
encoder.layers.19.self_attn.q_proj
encoder.layers.19.self_attn.out_proj
encoder.layers.20.self_attn.k_proj
encoder.layers.20.self_attn.v_proj
encoder.layers.20.self_attn.q_proj
encoder.layers.20.self_attn.out_proj
encoder.layers.21.self_attn.k_proj
encoder.layers.21.self_attn.v_proj
encoder.layers.21.self_attn.q_proj
encoder.layers.21.self_attn.out_proj
encoder.layers.22.self_attn.k_proj
encoder.layers.22.self_attn.v_proj
encoder.layers.22.self_attn.q_proj
encoder.layers.22.self_attn.out_proj
encoder.layers.23.self_attn.k_proj
encoder.layers.23.self_attn.v_proj
encoder.layers.23.self_attn.q_proj
encoder.layers.23.self_attn.out_proj
⚠️ Non-linear modules skipped: 24
('encoder.layers.0.self_attn', 'CLIPAttention')
('encoder.layers.1.self_attn', 'CLIPAttention')
('encoder.layers.2.self_attn', 'CLIPAttention')
('encoder.layers.3.self_attn', 'CLIPAttention')
('encoder.layers.4.self_attn', 'CLIPAttention')
('encoder.layers.5.self_attn', 'CLIPAttention')
('encoder.layers.6.self_attn', 'CLIPAttention')
('encoder.layers.7.self_attn', 'CLIPAttention')
('encoder.layers.8.self_attn', 'CLIPAttention')
('encoder.layers.9.self_attn', 'CLIPAttention')
('encoder.layers.10.self_attn', 'CLIPAttention')
('encoder.layers.11.self_attn', 'CLIPAttention')
('encoder.layers.12.self_attn', 'CLIPAttention')
('encoder.layers.13.self_attn', 'CLIPAttention')
('encoder.layers.14.self_attn', 'CLIPAttention')
('encoder.layers.15.self_attn', 'CLIPAttention')
('encoder.layers.16.self_attn', 'CLIPAttention')
('encoder.layers.17.self_attn', 'CLIPAttention')
('encoder.layers.18.self_attn', 'CLIPAttention')
('encoder.layers.19.self_attn', 'CLIPAttention')
('encoder.layers.20.self_attn', 'CLIPAttention')
('encoder.layers.21.self_attn', 'CLIPAttention')
('encoder.layers.22.self_attn', 'CLIPAttention')
('encoder.layers.23.self_attn', 'CLIPAttention')

🔧 Applying Block-LoRA to CLIP...

⚙️ Setting up optimizer...
✅ Setup complete!
   Block-LoRA params: 3,145,728
   Decoder params: 0

======================================================================
🎯 STARTING TRAINING
======================================================================


======================================================================
Epoch 1/20
======================================================================

📊 Epoch 1 Summary:
  Train Loss: 0.3169
  Val Loss: 0.3370
  Val mIoU: 0.4161
💾 Best model saved! (mIoU: 0.4161)

======================================================================
Epoch 2/20
======================================================================

📊 Epoch 2 Summary:
  Train Loss: 0.3065
  Val Loss: 0.3280
  Val mIoU: 0.4209
💾 Best model saved! (mIoU: 0.4209)

======================================================================
Epoch 3/20
======================================================================

📊 Epoch 3 Summary:
  Train Loss: 0.2888
  Val Loss: 0.3202
  Val mIoU: 0.4260
💾 Best model saved! (mIoU: 0.4260)

======================================================================
Epoch 4/20
======================================================================

📊 Epoch 4 Summary:
  Train Loss: 0.2766
  Val Loss: 0.3169
  Val mIoU: 0.4277
💾 Best model saved! (mIoU: 0.4277)

======================================================================
Epoch 5/20
======================================================================

📊 Epoch 5 Summary:
  Train Loss: 0.2675
  Val Loss: 0.3143
  Val mIoU: 0.4289
💾 Best model saved! (mIoU: 0.4289)

======================================================================
Epoch 6/20
======================================================================

📊 Epoch 6 Summary:
  Train Loss: 0.2581
  Val Loss: 0.3121
  Val mIoU: 0.4301
💾 Best model saved! (mIoU: 0.4301)

======================================================================
Epoch 7/20
======================================================================

📊 Epoch 7 Summary:
  Train Loss: 0.2518
  Val Loss: 0.3090
  Val mIoU: 0.4317
💾 Best model saved! (mIoU: 0.4317)

======================================================================
Epoch 8/20
======================================================================

📊 Epoch 8 Summary:
  Train Loss: 0.2468
  Val Loss: 0.3071
  Val mIoU: 0.4318
💾 Best model saved! (mIoU: 0.4318)

======================================================================
Epoch 9/20
======================================================================

📊 Epoch 9 Summary:
  Train Loss: 0.2418
  Val Loss: 0.3059
  Val mIoU: 0.4323
💾 Best model saved! (mIoU: 0.4323)

======================================================================
Epoch 10/20
======================================================================

📊 Epoch 10 Summary:
  Train Loss: 0.2376
  Val Loss: 0.3045
  Val mIoU: 0.4328
💾 Best model saved! (mIoU: 0.4328)

======================================================================
Epoch 11/20
======================================================================

📊 Epoch 11 Summary:
  Train Loss: 0.2332
  Val Loss: 0.3027
  Val mIoU: 0.4333
💾 Best model saved! (mIoU: 0.4333)

======================================================================
Epoch 12/20
======================================================================

📊 Epoch 12 Summary:
  Train Loss: 0.2303
  Val Loss: 0.3017
  Val mIoU: 0.4336
💾 Best model saved! (mIoU: 0.4336)

======================================================================
Epoch 13/20
======================================================================

📊 Epoch 13 Summary:
  Train Loss: 0.2291
  Val Loss: 0.3012
  Val mIoU: 0.4340
💾 Best model saved! (mIoU: 0.4340)

======================================================================
Epoch 14/20
======================================================================

📊 Epoch 14 Summary:
  Train Loss: 0.2273
  Val Loss: 0.3005
  Val mIoU: 0.4346
💾 Best model saved! (mIoU: 0.4346)

======================================================================
Epoch 15/20
======================================================================

📊 Epoch 15 Summary:
  Train Loss: 0.2248
  Val Loss: 0.3000
  Val mIoU: 0.4347
💾 Best model saved! (mIoU: 0.4347)

======================================================================
Epoch 16/20
======================================================================

📊 Epoch 16 Summary:
  Train Loss: 0.2245
  Val Loss: 0.2997
  Val mIoU: 0.4349
💾 Best model saved! (mIoU: 0.4349)

======================================================================
Epoch 17/20
======================================================================

📊 Epoch 17 Summary:
  Train Loss: 0.2235
  Val Loss: 0.2994
  Val mIoU: 0.4352
💾 Best model saved! (mIoU: 0.4352)

======================================================================
Epoch 18/20
======================================================================

📊 Epoch 18 Summary:
  Train Loss: 0.2236
  Val Loss: 0.2993
  Val mIoU: 0.4353
💾 Best model saved! (mIoU: 0.4353)

======================================================================
Epoch 19/20
======================================================================

📊 Epoch 19 Summary:
  Train Loss: 0.2227
  Val Loss: 0.2992
  Val mIoU: 0.4354
💾 Best model saved! (mIoU: 0.4354)

======================================================================
Epoch 20/20
======================================================================

📊 Epoch 20 Summary:
  Train Loss: 0.2224
  Val Loss: 0.2992
  Val mIoU: 0.4354
💾 Best model saved! (mIoU: 0.4354)

======================================================================
✅ TRAINING COMPLETE!
======================================================================
Best mIoU: 0.4354
======================================================================
======================================================================
🚀 BLOCK-LORA TRAINING (ACDC-fog)
======================================================================
Start: 2025-11-24 13:00:04
Device: cuda
Block-LoRA: r=16, n=2
======================================================================

 Creating base model...

📂 Loading baseline decoder...
✅ Baseline decoder loaded!
✅ Linear-like modules found: 96
encoder.layers.0.self_attn.k_proj
encoder.layers.0.self_attn.v_proj
encoder.layers.0.self_attn.q_proj
encoder.layers.0.self_attn.out_proj
encoder.layers.1.self_attn.k_proj
encoder.layers.1.self_attn.v_proj
encoder.layers.1.self_attn.q_proj
encoder.layers.1.self_attn.out_proj
encoder.layers.2.self_attn.k_proj
encoder.layers.2.self_attn.v_proj
encoder.layers.2.self_attn.q_proj
encoder.layers.2.self_attn.out_proj
encoder.layers.3.self_attn.k_proj
encoder.layers.3.self_attn.v_proj
encoder.layers.3.self_attn.q_proj
encoder.layers.3.self_attn.out_proj
encoder.layers.4.self_attn.k_proj
encoder.layers.4.self_attn.v_proj
encoder.layers.4.self_attn.q_proj
encoder.layers.4.self_attn.out_proj
encoder.layers.5.self_attn.k_proj
encoder.layers.5.self_attn.v_proj
encoder.layers.5.self_attn.q_proj
encoder.layers.5.self_attn.out_proj
encoder.layers.6.self_attn.k_proj
encoder.layers.6.self_attn.v_proj
encoder.layers.6.self_attn.q_proj
encoder.layers.6.self_attn.out_proj
encoder.layers.7.self_attn.k_proj
encoder.layers.7.self_attn.v_proj
encoder.layers.7.self_attn.q_proj
encoder.layers.7.self_attn.out_proj
encoder.layers.8.self_attn.k_proj
encoder.layers.8.self_attn.v_proj
encoder.layers.8.self_attn.q_proj
encoder.layers.8.self_attn.out_proj
encoder.layers.9.self_attn.k_proj
encoder.layers.9.self_attn.v_proj
encoder.layers.9.self_attn.q_proj
encoder.layers.9.self_attn.out_proj
encoder.layers.10.self_attn.k_proj
encoder.layers.10.self_attn.v_proj
encoder.layers.10.self_attn.q_proj
encoder.layers.10.self_attn.out_proj
encoder.layers.11.self_attn.k_proj
encoder.layers.11.self_attn.v_proj
encoder.layers.11.self_attn.q_proj
encoder.layers.11.self_attn.out_proj
encoder.layers.12.self_attn.k_proj
encoder.layers.12.self_attn.v_proj
encoder.layers.12.self_attn.q_proj
encoder.layers.12.self_attn.out_proj
encoder.layers.13.self_attn.k_proj
encoder.layers.13.self_attn.v_proj
encoder.layers.13.self_attn.q_proj
encoder.layers.13.self_attn.out_proj
encoder.layers.14.self_attn.k_proj
encoder.layers.14.self_attn.v_proj
encoder.layers.14.self_attn.q_proj
encoder.layers.14.self_attn.out_proj
encoder.layers.15.self_attn.k_proj
encoder.layers.15.self_attn.v_proj
encoder.layers.15.self_attn.q_proj
encoder.layers.15.self_attn.out_proj
encoder.layers.16.self_attn.k_proj
encoder.layers.16.self_attn.v_proj
encoder.layers.16.self_attn.q_proj
encoder.layers.16.self_attn.out_proj
encoder.layers.17.self_attn.k_proj
encoder.layers.17.self_attn.v_proj
encoder.layers.17.self_attn.q_proj
encoder.layers.17.self_attn.out_proj
encoder.layers.18.self_attn.k_proj
encoder.layers.18.self_attn.v_proj
encoder.layers.18.self_attn.q_proj
encoder.layers.18.self_attn.out_proj
encoder.layers.19.self_attn.k_proj
encoder.layers.19.self_attn.v_proj
encoder.layers.19.self_attn.q_proj
encoder.layers.19.self_attn.out_proj
encoder.layers.20.self_attn.k_proj
encoder.layers.20.self_attn.v_proj
encoder.layers.20.self_attn.q_proj
encoder.layers.20.self_attn.out_proj
encoder.layers.21.self_attn.k_proj
encoder.layers.21.self_attn.v_proj
encoder.layers.21.self_attn.q_proj
encoder.layers.21.self_attn.out_proj
encoder.layers.22.self_attn.k_proj
encoder.layers.22.self_attn.v_proj
encoder.layers.22.self_attn.q_proj
encoder.layers.22.self_attn.out_proj
encoder.layers.23.self_attn.k_proj
encoder.layers.23.self_attn.v_proj
encoder.layers.23.self_attn.q_proj
encoder.layers.23.self_attn.out_proj
⚠️ Non-linear modules skipped: 24
('encoder.layers.0.self_attn', 'CLIPAttention')
('encoder.layers.1.self_attn', 'CLIPAttention')
('encoder.layers.2.self_attn', 'CLIPAttention')
('encoder.layers.3.self_attn', 'CLIPAttention')
('encoder.layers.4.self_attn', 'CLIPAttention')
('encoder.layers.5.self_attn', 'CLIPAttention')
('encoder.layers.6.self_attn', 'CLIPAttention')
('encoder.layers.7.self_attn', 'CLIPAttention')
('encoder.layers.8.self_attn', 'CLIPAttention')
('encoder.layers.9.self_attn', 'CLIPAttention')
('encoder.layers.10.self_attn', 'CLIPAttention')
('encoder.layers.11.self_attn', 'CLIPAttention')
('encoder.layers.12.self_attn', 'CLIPAttention')
('encoder.layers.13.self_attn', 'CLIPAttention')
('encoder.layers.14.self_attn', 'CLIPAttention')
('encoder.layers.15.self_attn', 'CLIPAttention')
('encoder.layers.16.self_attn', 'CLIPAttention')
('encoder.layers.17.self_attn', 'CLIPAttention')
('encoder.layers.18.self_attn', 'CLIPAttention')
('encoder.layers.19.self_attn', 'CLIPAttention')
('encoder.layers.20.self_attn', 'CLIPAttention')
('encoder.layers.21.self_attn', 'CLIPAttention')
('encoder.layers.22.self_attn', 'CLIPAttention')
('encoder.layers.23.self_attn', 'CLIPAttention')

🔧 Applying Block-LoRA to CLIP...

⚙️ Setting up optimizer...
✅ Setup complete!
   Block-LoRA params: 3,145,728
   Decoder params: 0

======================================================================
🎯 STARTING TRAINING
======================================================================


======================================================================
Epoch 1/30
======================================================================

📊 Epoch 1 Summary:
  Train Loss: 0.3153
  Val Loss: 0.3367
  Val mIoU: 0.4162
💾 Best model saved! (mIoU: 0.4162)

======================================================================
Epoch 2/30
======================================================================

📊 Epoch 2 Summary:
  Train Loss: 0.3059
  Val Loss: 0.3271
  Val mIoU: 0.4216
💾 Best model saved! (mIoU: 0.4216)

======================================================================
Epoch 3/30
======================================================================

📊 Epoch 3 Summary:
  Train Loss: 0.2904
  Val Loss: 0.3199
  Val mIoU: 0.4267
💾 Best model saved! (mIoU: 0.4267)

======================================================================
Epoch 4/30
======================================================================

📊 Epoch 4 Summary:
  Train Loss: 0.2758
  Val Loss: 0.3167
  Val mIoU: 0.4285
💾 Best model saved! (mIoU: 0.4285)

======================================================================
Epoch 5/30
======================================================================

📊 Epoch 5 Summary:
  Train Loss: 0.2668
  Val Loss: 0.3138
  Val mIoU: 0.4298
💾 Best model saved! (mIoU: 0.4298)

======================================================================
Epoch 6/30
======================================================================

📊 Epoch 6 Summary:
  Train Loss: 0.2588
  Val Loss: 0.3113
  Val mIoU: 0.4307
💾 Best model saved! (mIoU: 0.4307)

======================================================================
Epoch 7/30
======================================================================

📊 Epoch 7 Summary:
  Train Loss: 0.2510
  Val Loss: 0.3088
  Val mIoU: 0.4321
💾 Best model saved! (mIoU: 0.4321)

======================================================================
Epoch 8/30
======================================================================

📊 Epoch 8 Summary:
  Train Loss: 0.2458
  Val Loss: 0.3072
  Val mIoU: 0.4321

======================================================================
Epoch 9/30
======================================================================

📊 Epoch 9 Summary:
  Train Loss: 0.2401
  Val Loss: 0.3053
  Val mIoU: 0.4326
💾 Best model saved! (mIoU: 0.4326)

======================================================================
Epoch 10/30
======================================================================

📊 Epoch 10 Summary:
  Train Loss: 0.2365
  Val Loss: 0.3033
  Val mIoU: 0.4336
💾 Best model saved! (mIoU: 0.4336)

======================================================================
Epoch 11/30
======================================================================

📊 Epoch 11 Summary:
  Train Loss: 0.2319
  Val Loss: 0.3016
  Val mIoU: 0.4343
💾 Best model saved! (mIoU: 0.4343)

======================================================================
Epoch 12/30
======================================================================

📊 Epoch 12 Summary:
  Train Loss: 0.2289
  Val Loss: 0.2998
  Val mIoU: 0.4351
💾 Best model saved! (mIoU: 0.4351)

======================================================================
Epoch 13/30
======================================================================

📊 Epoch 13 Summary:
  Train Loss: 0.2261
  Val Loss: 0.2989
  Val mIoU: 0.4357
💾 Best model saved! (mIoU: 0.4357)

======================================================================
Epoch 14/30
======================================================================

📊 Epoch 14 Summary:
  Train Loss: 0.2233
  Val Loss: 0.2973
  Val mIoU: 0.4368
💾 Best model saved! (mIoU: 0.4368)

======================================================================
Epoch 15/30
======================================================================

📊 Epoch 15 Summary:
  Train Loss: 0.2196
  Val Loss: 0.2964
  Val mIoU: 0.4375
💾 Best model saved! (mIoU: 0.4375)

======================================================================
Epoch 16/30
======================================================================

📊 Epoch 16 Summary:
  Train Loss: 0.2173
  Val Loss: 0.2953
  Val mIoU: 0.4383
💾 Best model saved! (mIoU: 0.4383)

======================================================================
Epoch 17/30
======================================================================

📊 Epoch 17 Summary:
  Train Loss: 0.2155
  Val Loss: 0.2947
  Val mIoU: 0.4390
💾 Best model saved! (mIoU: 0.4390)

======================================================================
Epoch 18/30
======================================================================

📊 Epoch 18 Summary:
  Train Loss: 0.2141
  Val Loss: 0.2938
  Val mIoU: 0.4405
💾 Best model saved! (mIoU: 0.4405)

======================================================================
Epoch 19/30
======================================================================

📊 Epoch 19 Summary:
  Train Loss: 0.2126
  Val Loss: 0.2933
  Val mIoU: 0.4409
💾 Best model saved! (mIoU: 0.4409)

======================================================================
Epoch 20/30
======================================================================

📊 Epoch 20 Summary:
  Train Loss: 0.2110
  Val Loss: 0.2930
  Val mIoU: 0.4414
💾 Best model saved! (mIoU: 0.4414)

======================================================================
Epoch 21/30
======================================================================

📊 Epoch 21 Summary:
  Train Loss: 0.2097
  Val Loss: 0.2928
  Val mIoU: 0.4416
💾 Best model saved! (mIoU: 0.4416)

======================================================================
Epoch 22/30
======================================================================

📊 Epoch 22 Summary:
  Train Loss: 0.2094
  Val Loss: 0.2923
  Val mIoU: 0.4423
💾 Best model saved! (mIoU: 0.4423)

======================================================================
Epoch 23/30
======================================================================

📊 Epoch 23 Summary:
  Train Loss: 0.2090
  Val Loss: 0.2922
  Val mIoU: 0.4427
💾 Best model saved! (mIoU: 0.4427)

======================================================================
Epoch 24/30
======================================================================

📊 Epoch 24 Summary:
  Train Loss: 0.2086
  Val Loss: 0.2920
  Val mIoU: 0.4430
💾 Best model saved! (mIoU: 0.4430)

======================================================================
Epoch 25/30
======================================================================

📊 Epoch 25 Summary:
  Train Loss: 0.2078
  Val Loss: 0.2919
  Val mIoU: 0.4431
💾 Best model saved! (mIoU: 0.4431)

======================================================================
Epoch 26/30
======================================================================

📊 Epoch 26 Summary:
  Train Loss: 0.2081
  Val Loss: 0.2917
  Val mIoU: 0.4433
💾 Best model saved! (mIoU: 0.4433)

======================================================================
Epoch 27/30
======================================================================

📊 Epoch 27 Summary:
  Train Loss: 0.2081
  Val Loss: 0.2916
  Val mIoU: 0.4434
💾 Best model saved! (mIoU: 0.4434)

======================================================================
Epoch 28/30
======================================================================

📊 Epoch 28 Summary:
  Train Loss: 0.2074
  Val Loss: 0.2916
  Val mIoU: 0.4435
💾 Best model saved! (mIoU: 0.4435)

======================================================================
Epoch 29/30
======================================================================

📊 Epoch 29 Summary:
  Train Loss: 0.2077
  Val Loss: 0.2916
  Val mIoU: 0.4435

======================================================================
Epoch 30/30
======================================================================

📊 Epoch 30 Summary:
  Train Loss: 0.2078
  Val Loss: 0.2916
  Val mIoU: 0.4435
💾 Best model saved! (mIoU: 0.4435)

======================================================================
✅ TRAINING COMPLETE!
======================================================================
Best mIoU: 0.4435
======================================================================
