======================================================================
🚀 BLOCK-LORA TRAINING (ACDC-rain)
======================================================================
Start: 2025-11-21 23:40:40
Device: cuda
Block-LoRA: r=16, n=2
======================================================================

 Creating base model...

📂 Loading baseline decoder...
✅ Baseline decoder loaded!
✅ Linear-like modules found: 96
encoder.layers.0.self_attn.k_proj
encoder.layers.0.self_attn.v_proj
encoder.layers.0.self_attn.q_proj
encoder.layers.0.self_attn.out_proj
encoder.layers.1.self_attn.k_proj
encoder.layers.1.self_attn.v_proj
encoder.layers.1.self_attn.q_proj
encoder.layers.1.self_attn.out_proj
encoder.layers.2.self_attn.k_proj
encoder.layers.2.self_attn.v_proj
encoder.layers.2.self_attn.q_proj
encoder.layers.2.self_attn.out_proj
encoder.layers.3.self_attn.k_proj
encoder.layers.3.self_attn.v_proj
encoder.layers.3.self_attn.q_proj
encoder.layers.3.self_attn.out_proj
encoder.layers.4.self_attn.k_proj
encoder.layers.4.self_attn.v_proj
encoder.layers.4.self_attn.q_proj
encoder.layers.4.self_attn.out_proj
encoder.layers.5.self_attn.k_proj
encoder.layers.5.self_attn.v_proj
encoder.layers.5.self_attn.q_proj
encoder.layers.5.self_attn.out_proj
encoder.layers.6.self_attn.k_proj
encoder.layers.6.self_attn.v_proj
encoder.layers.6.self_attn.q_proj
encoder.layers.6.self_attn.out_proj
encoder.layers.7.self_attn.k_proj
encoder.layers.7.self_attn.v_proj
encoder.layers.7.self_attn.q_proj
encoder.layers.7.self_attn.out_proj
encoder.layers.8.self_attn.k_proj
encoder.layers.8.self_attn.v_proj
encoder.layers.8.self_attn.q_proj
encoder.layers.8.self_attn.out_proj
encoder.layers.9.self_attn.k_proj
encoder.layers.9.self_attn.v_proj
encoder.layers.9.self_attn.q_proj
encoder.layers.9.self_attn.out_proj
encoder.layers.10.self_attn.k_proj
encoder.layers.10.self_attn.v_proj
encoder.layers.10.self_attn.q_proj
encoder.layers.10.self_attn.out_proj
encoder.layers.11.self_attn.k_proj
encoder.layers.11.self_attn.v_proj
encoder.layers.11.self_attn.q_proj
encoder.layers.11.self_attn.out_proj
encoder.layers.12.self_attn.k_proj
encoder.layers.12.self_attn.v_proj
encoder.layers.12.self_attn.q_proj
encoder.layers.12.self_attn.out_proj
encoder.layers.13.self_attn.k_proj
encoder.layers.13.self_attn.v_proj
encoder.layers.13.self_attn.q_proj
encoder.layers.13.self_attn.out_proj
encoder.layers.14.self_attn.k_proj
encoder.layers.14.self_attn.v_proj
encoder.layers.14.self_attn.q_proj
encoder.layers.14.self_attn.out_proj
encoder.layers.15.self_attn.k_proj
encoder.layers.15.self_attn.v_proj
encoder.layers.15.self_attn.q_proj
encoder.layers.15.self_attn.out_proj
encoder.layers.16.self_attn.k_proj
encoder.layers.16.self_attn.v_proj
encoder.layers.16.self_attn.q_proj
encoder.layers.16.self_attn.out_proj
encoder.layers.17.self_attn.k_proj
encoder.layers.17.self_attn.v_proj
encoder.layers.17.self_attn.q_proj
encoder.layers.17.self_attn.out_proj
encoder.layers.18.self_attn.k_proj
encoder.layers.18.self_attn.v_proj
encoder.layers.18.self_attn.q_proj
encoder.layers.18.self_attn.out_proj
encoder.layers.19.self_attn.k_proj
encoder.layers.19.self_attn.v_proj
encoder.layers.19.self_attn.q_proj
encoder.layers.19.self_attn.out_proj
encoder.layers.20.self_attn.k_proj
encoder.layers.20.self_attn.v_proj
encoder.layers.20.self_attn.q_proj
encoder.layers.20.self_attn.out_proj
encoder.layers.21.self_attn.k_proj
encoder.layers.21.self_attn.v_proj
encoder.layers.21.self_attn.q_proj
encoder.layers.21.self_attn.out_proj
encoder.layers.22.self_attn.k_proj
encoder.layers.22.self_attn.v_proj
encoder.layers.22.self_attn.q_proj
encoder.layers.22.self_attn.out_proj
encoder.layers.23.self_attn.k_proj
encoder.layers.23.self_attn.v_proj
encoder.layers.23.self_attn.q_proj
encoder.layers.23.self_attn.out_proj
⚠️ Non-linear modules skipped: 24
('encoder.layers.0.self_attn', 'CLIPAttention')
('encoder.layers.1.self_attn', 'CLIPAttention')
('encoder.layers.2.self_attn', 'CLIPAttention')
('encoder.layers.3.self_attn', 'CLIPAttention')
('encoder.layers.4.self_attn', 'CLIPAttention')
('encoder.layers.5.self_attn', 'CLIPAttention')
('encoder.layers.6.self_attn', 'CLIPAttention')
('encoder.layers.7.self_attn', 'CLIPAttention')
('encoder.layers.8.self_attn', 'CLIPAttention')
('encoder.layers.9.self_attn', 'CLIPAttention')
('encoder.layers.10.self_attn', 'CLIPAttention')
('encoder.layers.11.self_attn', 'CLIPAttention')
('encoder.layers.12.self_attn', 'CLIPAttention')
('encoder.layers.13.self_attn', 'CLIPAttention')
('encoder.layers.14.self_attn', 'CLIPAttention')
('encoder.layers.15.self_attn', 'CLIPAttention')
('encoder.layers.16.self_attn', 'CLIPAttention')
('encoder.layers.17.self_attn', 'CLIPAttention')
('encoder.layers.18.self_attn', 'CLIPAttention')
('encoder.layers.19.self_attn', 'CLIPAttention')
('encoder.layers.20.self_attn', 'CLIPAttention')
('encoder.layers.21.self_attn', 'CLIPAttention')
('encoder.layers.22.self_attn', 'CLIPAttention')
('encoder.layers.23.self_attn', 'CLIPAttention')

🔧 Applying Block-LoRA to CLIP...

⚙️ Setting up optimizer...
✅ Setup complete!
   Block-LoRA params: 3,145,728
   Decoder params: 0

======================================================================
🎯 STARTING TRAINING
======================================================================


======================================================================
Epoch 1/20
======================================================================

📊 Epoch 1 Summary:
  Train Loss: 0.2616
  Val Loss: 0.3345
  Val mIoU: 0.4176
💾 Best model saved! (mIoU: 0.4176)

======================================================================
Epoch 2/20
======================================================================

📊 Epoch 2 Summary:
  Train Loss: 0.2572
  Val Loss: 0.3357
  Val mIoU: 0.4182
💾 Best model saved! (mIoU: 0.4182)

======================================================================
Epoch 3/20
======================================================================

📊 Epoch 3 Summary:
  Train Loss: 0.2534
  Val Loss: 0.3344
  Val mIoU: 0.4186
💾 Best model saved! (mIoU: 0.4186)

======================================================================
Epoch 4/20
======================================================================

📊 Epoch 4 Summary:
  Train Loss: 0.2486
  Val Loss: 0.3315
  Val mIoU: 0.4187
💾 Best model saved! (mIoU: 0.4187)

======================================================================
Epoch 5/20
======================================================================

📊 Epoch 5 Summary:
  Train Loss: 0.2439
  Val Loss: 0.3304
  Val mIoU: 0.4199
💾 Best model saved! (mIoU: 0.4199)

======================================================================
Epoch 6/20
======================================================================

📊 Epoch 6 Summary:
  Train Loss: 0.2385
  Val Loss: 0.3303
  Val mIoU: 0.4204
💾 Best model saved! (mIoU: 0.4204)

======================================================================
Epoch 7/20
======================================================================

📊 Epoch 7 Summary:
  Train Loss: 0.2338
  Val Loss: 0.3296
  Val mIoU: 0.4211
💾 Best model saved! (mIoU: 0.4211)

======================================================================
Epoch 8/20
======================================================================

📊 Epoch 8 Summary:
  Train Loss: 0.2314
  Val Loss: 0.3290
  Val mIoU: 0.4223
💾 Best model saved! (mIoU: 0.4223)

======================================================================
Epoch 9/20
======================================================================

📊 Epoch 9 Summary:
  Train Loss: 0.2271
  Val Loss: 0.3289
  Val mIoU: 0.4226
💾 Best model saved! (mIoU: 0.4226)

======================================================================
Epoch 10/20
======================================================================

📊 Epoch 10 Summary:
  Train Loss: 0.2246
  Val Loss: 0.3281
  Val mIoU: 0.4238
💾 Best model saved! (mIoU: 0.4238)

======================================================================
Epoch 11/20
======================================================================

📊 Epoch 11 Summary:
  Train Loss: 0.2220
  Val Loss: 0.3293
  Val mIoU: 0.4251
💾 Best model saved! (mIoU: 0.4251)

======================================================================
Epoch 12/20
======================================================================

📊 Epoch 12 Summary:
  Train Loss: 0.2190
  Val Loss: 0.3293
  Val mIoU: 0.4252
💾 Best model saved! (mIoU: 0.4252)

======================================================================
Epoch 13/20
======================================================================

📊 Epoch 13 Summary:
  Train Loss: 0.2177
  Val Loss: 0.3307
  Val mIoU: 0.4249

======================================================================
Epoch 14/20
======================================================================

📊 Epoch 14 Summary:
  Train Loss: 0.2157
  Val Loss: 0.3306
  Val mIoU: 0.4254
💾 Best model saved! (mIoU: 0.4254)

======================================================================
Epoch 15/20
======================================================================

📊 Epoch 15 Summary:
  Train Loss: 0.2141
  Val Loss: 0.3319
  Val mIoU: 0.4251

======================================================================
Epoch 16/20
======================================================================

📊 Epoch 16 Summary:
  Train Loss: 0.2130
  Val Loss: 0.3310
  Val mIoU: 0.4257
💾 Best model saved! (mIoU: 0.4257)

======================================================================
Epoch 17/20
======================================================================

📊 Epoch 17 Summary:
  Train Loss: 0.2129
  Val Loss: 0.3317
  Val mIoU: 0.4256

======================================================================
Epoch 18/20
======================================================================

📊 Epoch 18 Summary:
  Train Loss: 0.2125
  Val Loss: 0.3313
  Val mIoU: 0.4257

======================================================================
Epoch 19/20
======================================================================

📊 Epoch 19 Summary:
  Train Loss: 0.2116
  Val Loss: 0.3315
  Val mIoU: 0.4256

======================================================================
Epoch 20/20
======================================================================

📊 Epoch 20 Summary:
  Train Loss: 0.2117
  Val Loss: 0.3316
  Val mIoU: 0.4256

======================================================================
✅ TRAINING COMPLETE!
======================================================================
Best mIoU: 0.4257
======================================================================
======================================================================
🚀 BLOCK-LORA TRAINING (ACDC-rain)
======================================================================
Start: 2025-11-24 12:52:40
Device: cuda
Block-LoRA: r=16, n=2
======================================================================

 Creating base model...

📂 Loading baseline decoder...
✅ Baseline decoder loaded!
✅ Linear-like modules found: 96
encoder.layers.0.self_attn.k_proj
encoder.layers.0.self_attn.v_proj
encoder.layers.0.self_attn.q_proj
encoder.layers.0.self_attn.out_proj
encoder.layers.1.self_attn.k_proj
encoder.layers.1.self_attn.v_proj
encoder.layers.1.self_attn.q_proj
encoder.layers.1.self_attn.out_proj
encoder.layers.2.self_attn.k_proj
encoder.layers.2.self_attn.v_proj
encoder.layers.2.self_attn.q_proj
encoder.layers.2.self_attn.out_proj
encoder.layers.3.self_attn.k_proj
encoder.layers.3.self_attn.v_proj
encoder.layers.3.self_attn.q_proj
encoder.layers.3.self_attn.out_proj
encoder.layers.4.self_attn.k_proj
encoder.layers.4.self_attn.v_proj
encoder.layers.4.self_attn.q_proj
encoder.layers.4.self_attn.out_proj
encoder.layers.5.self_attn.k_proj
encoder.layers.5.self_attn.v_proj
encoder.layers.5.self_attn.q_proj
encoder.layers.5.self_attn.out_proj
encoder.layers.6.self_attn.k_proj
encoder.layers.6.self_attn.v_proj
encoder.layers.6.self_attn.q_proj
encoder.layers.6.self_attn.out_proj
encoder.layers.7.self_attn.k_proj
encoder.layers.7.self_attn.v_proj
encoder.layers.7.self_attn.q_proj
encoder.layers.7.self_attn.out_proj
encoder.layers.8.self_attn.k_proj
encoder.layers.8.self_attn.v_proj
encoder.layers.8.self_attn.q_proj
encoder.layers.8.self_attn.out_proj
encoder.layers.9.self_attn.k_proj
encoder.layers.9.self_attn.v_proj
encoder.layers.9.self_attn.q_proj
encoder.layers.9.self_attn.out_proj
encoder.layers.10.self_attn.k_proj
encoder.layers.10.self_attn.v_proj
encoder.layers.10.self_attn.q_proj
encoder.layers.10.self_attn.out_proj
encoder.layers.11.self_attn.k_proj
encoder.layers.11.self_attn.v_proj
encoder.layers.11.self_attn.q_proj
encoder.layers.11.self_attn.out_proj
encoder.layers.12.self_attn.k_proj
encoder.layers.12.self_attn.v_proj
encoder.layers.12.self_attn.q_proj
encoder.layers.12.self_attn.out_proj
encoder.layers.13.self_attn.k_proj
encoder.layers.13.self_attn.v_proj
encoder.layers.13.self_attn.q_proj
encoder.layers.13.self_attn.out_proj
encoder.layers.14.self_attn.k_proj
encoder.layers.14.self_attn.v_proj
encoder.layers.14.self_attn.q_proj
encoder.layers.14.self_attn.out_proj
encoder.layers.15.self_attn.k_proj
encoder.layers.15.self_attn.v_proj
encoder.layers.15.self_attn.q_proj
encoder.layers.15.self_attn.out_proj
encoder.layers.16.self_attn.k_proj
encoder.layers.16.self_attn.v_proj
encoder.layers.16.self_attn.q_proj
encoder.layers.16.self_attn.out_proj
encoder.layers.17.self_attn.k_proj
encoder.layers.17.self_attn.v_proj
encoder.layers.17.self_attn.q_proj
encoder.layers.17.self_attn.out_proj
encoder.layers.18.self_attn.k_proj
encoder.layers.18.self_attn.v_proj
encoder.layers.18.self_attn.q_proj
encoder.layers.18.self_attn.out_proj
encoder.layers.19.self_attn.k_proj
encoder.layers.19.self_attn.v_proj
encoder.layers.19.self_attn.q_proj
encoder.layers.19.self_attn.out_proj
encoder.layers.20.self_attn.k_proj
encoder.layers.20.self_attn.v_proj
encoder.layers.20.self_attn.q_proj
encoder.layers.20.self_attn.out_proj
encoder.layers.21.self_attn.k_proj
encoder.layers.21.self_attn.v_proj
encoder.layers.21.self_attn.q_proj
encoder.layers.21.self_attn.out_proj
encoder.layers.22.self_attn.k_proj
encoder.layers.22.self_attn.v_proj
encoder.layers.22.self_attn.q_proj
encoder.layers.22.self_attn.out_proj
encoder.layers.23.self_attn.k_proj
encoder.layers.23.self_attn.v_proj
encoder.layers.23.self_attn.q_proj
encoder.layers.23.self_attn.out_proj
⚠️ Non-linear modules skipped: 24
('encoder.layers.0.self_attn', 'CLIPAttention')
('encoder.layers.1.self_attn', 'CLIPAttention')
('encoder.layers.2.self_attn', 'CLIPAttention')
('encoder.layers.3.self_attn', 'CLIPAttention')
('encoder.layers.4.self_attn', 'CLIPAttention')
('encoder.layers.5.self_attn', 'CLIPAttention')
('encoder.layers.6.self_attn', 'CLIPAttention')
('encoder.layers.7.self_attn', 'CLIPAttention')
('encoder.layers.8.self_attn', 'CLIPAttention')
('encoder.layers.9.self_attn', 'CLIPAttention')
('encoder.layers.10.self_attn', 'CLIPAttention')
('encoder.layers.11.self_attn', 'CLIPAttention')
('encoder.layers.12.self_attn', 'CLIPAttention')
('encoder.layers.13.self_attn', 'CLIPAttention')
('encoder.layers.14.self_attn', 'CLIPAttention')
('encoder.layers.15.self_attn', 'CLIPAttention')
('encoder.layers.16.self_attn', 'CLIPAttention')
('encoder.layers.17.self_attn', 'CLIPAttention')
('encoder.layers.18.self_attn', 'CLIPAttention')
('encoder.layers.19.self_attn', 'CLIPAttention')
('encoder.layers.20.self_attn', 'CLIPAttention')
('encoder.layers.21.self_attn', 'CLIPAttention')
('encoder.layers.22.self_attn', 'CLIPAttention')
('encoder.layers.23.self_attn', 'CLIPAttention')

🔧 Applying Block-LoRA to CLIP...

⚙️ Setting up optimizer...
✅ Setup complete!
   Block-LoRA params: 3,145,728
   Decoder params: 0

======================================================================
🎯 STARTING TRAINING
======================================================================


======================================================================
Epoch 1/20
======================================================================

📊 Epoch 1 Summary:
  Train Loss: 0.4048
  Val Loss: 0.3950
  Val mIoU: 0.3771
💾 Best model saved! (mIoU: 0.3771)

======================================================================
Epoch 2/20
======================================================================

📊 Epoch 2 Summary:
  Train Loss: 0.3963
  Val Loss: 0.3868
  Val mIoU: 0.3810
💾 Best model saved! (mIoU: 0.3810)

======================================================================
Epoch 3/20
======================================================================

📊 Epoch 3 Summary:
  Train Loss: 0.3845
  Val Loss: 0.3795
  Val mIoU: 0.3839
💾 Best model saved! (mIoU: 0.3839)

======================================================================
Epoch 4/20
======================================================================

📊 Epoch 4 Summary:
  Train Loss: 0.3736
  Val Loss: 0.3712
  Val mIoU: 0.3872
💾 Best model saved! (mIoU: 0.3872)

======================================================================
Epoch 5/20
======================================================================

📊 Epoch 5 Summary:
  Train Loss: 0.3592
  Val Loss: 0.3647
  Val mIoU: 0.3894
💾 Best model saved! (mIoU: 0.3894)

======================================================================
Epoch 6/20
======================================================================

📊 Epoch 6 Summary:
  Train Loss: 0.3519
  Val Loss: 0.3597
  Val mIoU: 0.3911
💾 Best model saved! (mIoU: 0.3911)

======================================================================
Epoch 7/20
======================================================================

📊 Epoch 7 Summary:
  Train Loss: 0.3432
  Val Loss: 0.3562
  Val mIoU: 0.3923
💾 Best model saved! (mIoU: 0.3923)

======================================================================
Epoch 8/20
======================================================================

📊 Epoch 8 Summary:
  Train Loss: 0.3357
  Val Loss: 0.3529
  Val mIoU: 0.3930
💾 Best model saved! (mIoU: 0.3930)

======================================================================
Epoch 9/20
======================================================================

📊 Epoch 9 Summary:
  Train Loss: 0.3292
  Val Loss: 0.3500
  Val mIoU: 0.3942
💾 Best model saved! (mIoU: 0.3942)

======================================================================
Epoch 10/20
======================================================================

📊 Epoch 10 Summary:
  Train Loss: 0.3248
  Val Loss: 0.3476
  Val mIoU: 0.3948
💾 Best model saved! (mIoU: 0.3948)

======================================================================
Epoch 11/20
======================================================================

📊 Epoch 11 Summary:
  Train Loss: 0.3199
  Val Loss: 0.3457
  Val mIoU: 0.3957
💾 Best model saved! (mIoU: 0.3957)

======================================================================
Epoch 12/20
======================================================================

📊 Epoch 12 Summary:
  Train Loss: 0.3178
  Val Loss: 0.3439
  Val mIoU: 0.3967
💾 Best model saved! (mIoU: 0.3967)

======================================================================
Epoch 13/20
======================================================================

📊 Epoch 13 Summary:
  Train Loss: 0.3144
  Val Loss: 0.3426
  Val mIoU: 0.3975
💾 Best model saved! (mIoU: 0.3975)

======================================================================
Epoch 14/20
======================================================================

📊 Epoch 14 Summary:
  Train Loss: 0.3130
  Val Loss: 0.3417
  Val mIoU: 0.3981
💾 Best model saved! (mIoU: 0.3981)

======================================================================
Epoch 15/20
======================================================================

📊 Epoch 15 Summary:
  Train Loss: 0.3104
  Val Loss: 0.3411
  Val mIoU: 0.3984
💾 Best model saved! (mIoU: 0.3984)

======================================================================
Epoch 16/20
======================================================================

📊 Epoch 16 Summary:
  Train Loss: 0.3094
  Val Loss: 0.3406
  Val mIoU: 0.3988
💾 Best model saved! (mIoU: 0.3988)

======================================================================
Epoch 17/20
======================================================================

📊 Epoch 17 Summary:
  Train Loss: 0.3075
  Val Loss: 0.3402
  Val mIoU: 0.3990
💾 Best model saved! (mIoU: 0.3990)

======================================================================
Epoch 18/20
======================================================================

📊 Epoch 18 Summary:
  Train Loss: 0.3068
  Val Loss: 0.3402
  Val mIoU: 0.3990
💾 Best model saved! (mIoU: 0.3990)

======================================================================
Epoch 19/20
======================================================================

📊 Epoch 19 Summary:
  Train Loss: 0.3065
  Val Loss: 0.3401
  Val mIoU: 0.3991
💾 Best model saved! (mIoU: 0.3991)

======================================================================
Epoch 20/20
======================================================================

📊 Epoch 20 Summary:
  Train Loss: 0.3075
  Val Loss: 0.3401
  Val mIoU: 0.3991
💾 Best model saved! (mIoU: 0.3991)

======================================================================
✅ TRAINING COMPLETE!
======================================================================
Best mIoU: 0.3991
======================================================================
======================================================================
🚀 BLOCK-LORA TRAINING (ACDC-rain)
======================================================================
Start: 2025-11-24 13:44:23
Device: cuda
Block-LoRA: r=16, n=2
======================================================================

 Creating base model...

📂 Loading baseline decoder...
✅ Baseline decoder loaded!
✅ Linear-like modules found: 96
encoder.layers.0.self_attn.k_proj
encoder.layers.0.self_attn.v_proj
encoder.layers.0.self_attn.q_proj
encoder.layers.0.self_attn.out_proj
encoder.layers.1.self_attn.k_proj
encoder.layers.1.self_attn.v_proj
encoder.layers.1.self_attn.q_proj
encoder.layers.1.self_attn.out_proj
encoder.layers.2.self_attn.k_proj
encoder.layers.2.self_attn.v_proj
encoder.layers.2.self_attn.q_proj
encoder.layers.2.self_attn.out_proj
encoder.layers.3.self_attn.k_proj
encoder.layers.3.self_attn.v_proj
encoder.layers.3.self_attn.q_proj
encoder.layers.3.self_attn.out_proj
encoder.layers.4.self_attn.k_proj
encoder.layers.4.self_attn.v_proj
encoder.layers.4.self_attn.q_proj
encoder.layers.4.self_attn.out_proj
encoder.layers.5.self_attn.k_proj
encoder.layers.5.self_attn.v_proj
encoder.layers.5.self_attn.q_proj
encoder.layers.5.self_attn.out_proj
encoder.layers.6.self_attn.k_proj
encoder.layers.6.self_attn.v_proj
encoder.layers.6.self_attn.q_proj
encoder.layers.6.self_attn.out_proj
encoder.layers.7.self_attn.k_proj
encoder.layers.7.self_attn.v_proj
encoder.layers.7.self_attn.q_proj
encoder.layers.7.self_attn.out_proj
encoder.layers.8.self_attn.k_proj
encoder.layers.8.self_attn.v_proj
encoder.layers.8.self_attn.q_proj
encoder.layers.8.self_attn.out_proj
encoder.layers.9.self_attn.k_proj
encoder.layers.9.self_attn.v_proj
encoder.layers.9.self_attn.q_proj
encoder.layers.9.self_attn.out_proj
encoder.layers.10.self_attn.k_proj
encoder.layers.10.self_attn.v_proj
encoder.layers.10.self_attn.q_proj
encoder.layers.10.self_attn.out_proj
encoder.layers.11.self_attn.k_proj
encoder.layers.11.self_attn.v_proj
encoder.layers.11.self_attn.q_proj
encoder.layers.11.self_attn.out_proj
encoder.layers.12.self_attn.k_proj
encoder.layers.12.self_attn.v_proj
encoder.layers.12.self_attn.q_proj
encoder.layers.12.self_attn.out_proj
encoder.layers.13.self_attn.k_proj
encoder.layers.13.self_attn.v_proj
encoder.layers.13.self_attn.q_proj
encoder.layers.13.self_attn.out_proj
encoder.layers.14.self_attn.k_proj
encoder.layers.14.self_attn.v_proj
encoder.layers.14.self_attn.q_proj
encoder.layers.14.self_attn.out_proj
encoder.layers.15.self_attn.k_proj
encoder.layers.15.self_attn.v_proj
encoder.layers.15.self_attn.q_proj
encoder.layers.15.self_attn.out_proj
encoder.layers.16.self_attn.k_proj
encoder.layers.16.self_attn.v_proj
encoder.layers.16.self_attn.q_proj
encoder.layers.16.self_attn.out_proj
encoder.layers.17.self_attn.k_proj
encoder.layers.17.self_attn.v_proj
encoder.layers.17.self_attn.q_proj
encoder.layers.17.self_attn.out_proj
encoder.layers.18.self_attn.k_proj
encoder.layers.18.self_attn.v_proj
encoder.layers.18.self_attn.q_proj
encoder.layers.18.self_attn.out_proj
encoder.layers.19.self_attn.k_proj
encoder.layers.19.self_attn.v_proj
encoder.layers.19.self_attn.q_proj
encoder.layers.19.self_attn.out_proj
encoder.layers.20.self_attn.k_proj
encoder.layers.20.self_attn.v_proj
encoder.layers.20.self_attn.q_proj
encoder.layers.20.self_attn.out_proj
encoder.layers.21.self_attn.k_proj
encoder.layers.21.self_attn.v_proj
encoder.layers.21.self_attn.q_proj
encoder.layers.21.self_attn.out_proj
encoder.layers.22.self_attn.k_proj
encoder.layers.22.self_attn.v_proj
encoder.layers.22.self_attn.q_proj
encoder.layers.22.self_attn.out_proj
encoder.layers.23.self_attn.k_proj
encoder.layers.23.self_attn.v_proj
encoder.layers.23.self_attn.q_proj
encoder.layers.23.self_attn.out_proj
⚠️ Non-linear modules skipped: 24
('encoder.layers.0.self_attn', 'CLIPAttention')
('encoder.layers.1.self_attn', 'CLIPAttention')
('encoder.layers.2.self_attn', 'CLIPAttention')
('encoder.layers.3.self_attn', 'CLIPAttention')
('encoder.layers.4.self_attn', 'CLIPAttention')
('encoder.layers.5.self_attn', 'CLIPAttention')
('encoder.layers.6.self_attn', 'CLIPAttention')
('encoder.layers.7.self_attn', 'CLIPAttention')
('encoder.layers.8.self_attn', 'CLIPAttention')
('encoder.layers.9.self_attn', 'CLIPAttention')
('encoder.layers.10.self_attn', 'CLIPAttention')
('encoder.layers.11.self_attn', 'CLIPAttention')
('encoder.layers.12.self_attn', 'CLIPAttention')
('encoder.layers.13.self_attn', 'CLIPAttention')
('encoder.layers.14.self_attn', 'CLIPAttention')
('encoder.layers.15.self_attn', 'CLIPAttention')
('encoder.layers.16.self_attn', 'CLIPAttention')
('encoder.layers.17.self_attn', 'CLIPAttention')
('encoder.layers.18.self_attn', 'CLIPAttention')
('encoder.layers.19.self_attn', 'CLIPAttention')
('encoder.layers.20.self_attn', 'CLIPAttention')
('encoder.layers.21.self_attn', 'CLIPAttention')
('encoder.layers.22.self_attn', 'CLIPAttention')
('encoder.layers.23.self_attn', 'CLIPAttention')

🔧 Applying Block-LoRA to CLIP...

⚙️ Setting up optimizer...
✅ Setup complete!
   Block-LoRA params: 3,145,728
   Decoder params: 0

======================================================================
🎯 STARTING TRAINING
======================================================================


======================================================================
Epoch 1/30
======================================================================

📊 Epoch 1 Summary:
  Train Loss: 0.4049
  Val Loss: 0.3952
  Val mIoU: 0.3772
💾 Best model saved! (mIoU: 0.3772)

======================================================================
Epoch 2/30
======================================================================

📊 Epoch 2 Summary:
  Train Loss: 0.3971
  Val Loss: 0.3871
  Val mIoU: 0.3807
💾 Best model saved! (mIoU: 0.3807)

======================================================================
Epoch 3/30
======================================================================

📊 Epoch 3 Summary:
  Train Loss: 0.3857
  Val Loss: 0.3796
  Val mIoU: 0.3839
💾 Best model saved! (mIoU: 0.3839)

======================================================================
Epoch 4/30
======================================================================

📊 Epoch 4 Summary:
  Train Loss: 0.3725
  Val Loss: 0.3717
  Val mIoU: 0.3868
💾 Best model saved! (mIoU: 0.3868)

======================================================================
Epoch 5/30
======================================================================

📊 Epoch 5 Summary:
  Train Loss: 0.3595
  Val Loss: 0.3650
  Val mIoU: 0.3892
💾 Best model saved! (mIoU: 0.3892)

======================================================================
Epoch 6/30
======================================================================

📊 Epoch 6 Summary:
  Train Loss: 0.3488
  Val Loss: 0.3602
  Val mIoU: 0.3906
💾 Best model saved! (mIoU: 0.3906)

======================================================================
Epoch 7/30
======================================================================

📊 Epoch 7 Summary:
  Train Loss: 0.3423
  Val Loss: 0.3560
  Val mIoU: 0.3916
💾 Best model saved! (mIoU: 0.3916)

======================================================================
Epoch 8/30
======================================================================

📊 Epoch 8 Summary:
  Train Loss: 0.3325
  Val Loss: 0.3535
  Val mIoU: 0.3924
💾 Best model saved! (mIoU: 0.3924)

======================================================================
Epoch 9/30
======================================================================

📊 Epoch 9 Summary:
  Train Loss: 0.3291
  Val Loss: 0.3499
  Val mIoU: 0.3937
💾 Best model saved! (mIoU: 0.3937)

======================================================================
Epoch 10/30
======================================================================

📊 Epoch 10 Summary:
  Train Loss: 0.3235
  Val Loss: 0.3472
  Val mIoU: 0.3951
💾 Best model saved! (mIoU: 0.3951)

======================================================================
Epoch 11/30
======================================================================

📊 Epoch 11 Summary:
  Train Loss: 0.3180
  Val Loss: 0.3451
  Val mIoU: 0.3965
💾 Best model saved! (mIoU: 0.3965)

======================================================================
Epoch 12/30
======================================================================

📊 Epoch 12 Summary:
  Train Loss: 0.3134
  Val Loss: 0.3429
  Val mIoU: 0.3973
💾 Best model saved! (mIoU: 0.3973)

======================================================================
Epoch 13/30
======================================================================

📊 Epoch 13 Summary:
  Train Loss: 0.3105
  Val Loss: 0.3409
  Val mIoU: 0.3988
💾 Best model saved! (mIoU: 0.3988)

======================================================================
Epoch 14/30
======================================================================

📊 Epoch 14 Summary:
  Train Loss: 0.3075
  Val Loss: 0.3392
  Val mIoU: 0.3996
💾 Best model saved! (mIoU: 0.3996)

======================================================================
Epoch 15/30
======================================================================

📊 Epoch 15 Summary:
  Train Loss: 0.3032
  Val Loss: 0.3382
  Val mIoU: 0.4005
💾 Best model saved! (mIoU: 0.4005)

======================================================================
Epoch 16/30
======================================================================

📊 Epoch 16 Summary:
  Train Loss: 0.3012
  Val Loss: 0.3370
  Val mIoU: 0.4011
💾 Best model saved! (mIoU: 0.4011)

======================================================================
Epoch 17/30
======================================================================

📊 Epoch 17 Summary:
  Train Loss: 0.2983
  Val Loss: 0.3362
  Val mIoU: 0.4019
💾 Best model saved! (mIoU: 0.4019)

======================================================================
Epoch 18/30
======================================================================

📊 Epoch 18 Summary:
  Train Loss: 0.2968
  Val Loss: 0.3356
  Val mIoU: 0.4027
💾 Best model saved! (mIoU: 0.4027)

======================================================================
Epoch 19/30
======================================================================

📊 Epoch 19 Summary:
  Train Loss: 0.2948
  Val Loss: 0.3353
  Val mIoU: 0.4029
💾 Best model saved! (mIoU: 0.4029)

======================================================================
Epoch 20/30
======================================================================

📊 Epoch 20 Summary:
  Train Loss: 0.2939
  Val Loss: 0.3342
  Val mIoU: 0.4036
💾 Best model saved! (mIoU: 0.4036)

======================================================================
Epoch 21/30
======================================================================

📊 Epoch 21 Summary:
  Train Loss: 0.2925
  Val Loss: 0.3337
  Val mIoU: 0.4040
💾 Best model saved! (mIoU: 0.4040)

======================================================================
Epoch 22/30
======================================================================

📊 Epoch 22 Summary:
  Train Loss: 0.2909
  Val Loss: 0.3336
  Val mIoU: 0.4041
💾 Best model saved! (mIoU: 0.4041)

======================================================================
Epoch 23/30
======================================================================

📊 Epoch 23 Summary:
  Train Loss: 0.2907
  Val Loss: 0.3334
  Val mIoU: 0.4043
💾 Best model saved! (mIoU: 0.4043)

======================================================================
Epoch 24/30
======================================================================

📊 Epoch 24 Summary:
  Train Loss: 0.2899
  Val Loss: 0.3333
  Val mIoU: 0.4043
💾 Best model saved! (mIoU: 0.4043)

======================================================================
Epoch 25/30
======================================================================

📊 Epoch 25 Summary:
  Train Loss: 0.2894
  Val Loss: 0.3331
  Val mIoU: 0.4044
💾 Best model saved! (mIoU: 0.4044)

======================================================================
Epoch 26/30
======================================================================

📊 Epoch 26 Summary:
  Train Loss: 0.2890
  Val Loss: 0.3331
  Val mIoU: 0.4045
💾 Best model saved! (mIoU: 0.4045)

======================================================================
Epoch 27/30
======================================================================

📊 Epoch 27 Summary:
  Train Loss: 0.2893
  Val Loss: 0.3330
  Val mIoU: 0.4045

======================================================================
Epoch 28/30
======================================================================

📊 Epoch 28 Summary:
  Train Loss: 0.2893
  Val Loss: 0.3329
  Val mIoU: 0.4045
💾 Best model saved! (mIoU: 0.4045)

======================================================================
Epoch 29/30
======================================================================

📊 Epoch 29 Summary:
  Train Loss: 0.2888
  Val Loss: 0.3329
  Val mIoU: 0.4045
💾 Best model saved! (mIoU: 0.4045)

======================================================================
Epoch 30/30
======================================================================

📊 Epoch 30 Summary:
  Train Loss: 0.2889
  Val Loss: 0.3329
  Val mIoU: 0.4046
💾 Best model saved! (mIoU: 0.4046)

======================================================================
✅ TRAINING COMPLETE!
======================================================================
Best mIoU: 0.4046
======================================================================
