======================================================================
🚀 LORA TRAINING (ACDC-night)
======================================================================
Start: 2025-11-22 06:22:53
Device: cuda
LoRA: r=16
======================================================================

 Creating base model...

📂 Loading baseline decoder...
✅ Baseline decoder loaded!
✅ Linear-like modules found: 96
encoder.layers.0.self_attn.k_proj
encoder.layers.0.self_attn.v_proj
encoder.layers.0.self_attn.q_proj
encoder.layers.0.self_attn.out_proj
encoder.layers.1.self_attn.k_proj
encoder.layers.1.self_attn.v_proj
encoder.layers.1.self_attn.q_proj
encoder.layers.1.self_attn.out_proj
encoder.layers.2.self_attn.k_proj
encoder.layers.2.self_attn.v_proj
encoder.layers.2.self_attn.q_proj
encoder.layers.2.self_attn.out_proj
encoder.layers.3.self_attn.k_proj
encoder.layers.3.self_attn.v_proj
encoder.layers.3.self_attn.q_proj
encoder.layers.3.self_attn.out_proj
encoder.layers.4.self_attn.k_proj
encoder.layers.4.self_attn.v_proj
encoder.layers.4.self_attn.q_proj
encoder.layers.4.self_attn.out_proj
encoder.layers.5.self_attn.k_proj
encoder.layers.5.self_attn.v_proj
encoder.layers.5.self_attn.q_proj
encoder.layers.5.self_attn.out_proj
encoder.layers.6.self_attn.k_proj
encoder.layers.6.self_attn.v_proj
encoder.layers.6.self_attn.q_proj
encoder.layers.6.self_attn.out_proj
encoder.layers.7.self_attn.k_proj
encoder.layers.7.self_attn.v_proj
encoder.layers.7.self_attn.q_proj
encoder.layers.7.self_attn.out_proj
encoder.layers.8.self_attn.k_proj
encoder.layers.8.self_attn.v_proj
encoder.layers.8.self_attn.q_proj
encoder.layers.8.self_attn.out_proj
encoder.layers.9.self_attn.k_proj
encoder.layers.9.self_attn.v_proj
encoder.layers.9.self_attn.q_proj
encoder.layers.9.self_attn.out_proj
encoder.layers.10.self_attn.k_proj
encoder.layers.10.self_attn.v_proj
encoder.layers.10.self_attn.q_proj
encoder.layers.10.self_attn.out_proj
encoder.layers.11.self_attn.k_proj
encoder.layers.11.self_attn.v_proj
encoder.layers.11.self_attn.q_proj
encoder.layers.11.self_attn.out_proj
encoder.layers.12.self_attn.k_proj
encoder.layers.12.self_attn.v_proj
encoder.layers.12.self_attn.q_proj
encoder.layers.12.self_attn.out_proj
encoder.layers.13.self_attn.k_proj
encoder.layers.13.self_attn.v_proj
encoder.layers.13.self_attn.q_proj
encoder.layers.13.self_attn.out_proj
encoder.layers.14.self_attn.k_proj
encoder.layers.14.self_attn.v_proj
encoder.layers.14.self_attn.q_proj
encoder.layers.14.self_attn.out_proj
encoder.layers.15.self_attn.k_proj
encoder.layers.15.self_attn.v_proj
encoder.layers.15.self_attn.q_proj
encoder.layers.15.self_attn.out_proj
encoder.layers.16.self_attn.k_proj
encoder.layers.16.self_attn.v_proj
encoder.layers.16.self_attn.q_proj
encoder.layers.16.self_attn.out_proj
encoder.layers.17.self_attn.k_proj
encoder.layers.17.self_attn.v_proj
encoder.layers.17.self_attn.q_proj
encoder.layers.17.self_attn.out_proj
encoder.layers.18.self_attn.k_proj
encoder.layers.18.self_attn.v_proj
encoder.layers.18.self_attn.q_proj
encoder.layers.18.self_attn.out_proj
encoder.layers.19.self_attn.k_proj
encoder.layers.19.self_attn.v_proj
encoder.layers.19.self_attn.q_proj
encoder.layers.19.self_attn.out_proj
encoder.layers.20.self_attn.k_proj
encoder.layers.20.self_attn.v_proj
encoder.layers.20.self_attn.q_proj
encoder.layers.20.self_attn.out_proj
encoder.layers.21.self_attn.k_proj
encoder.layers.21.self_attn.v_proj
encoder.layers.21.self_attn.q_proj
encoder.layers.21.self_attn.out_proj
encoder.layers.22.self_attn.k_proj
encoder.layers.22.self_attn.v_proj
encoder.layers.22.self_attn.q_proj
encoder.layers.22.self_attn.out_proj
encoder.layers.23.self_attn.k_proj
encoder.layers.23.self_attn.v_proj
encoder.layers.23.self_attn.q_proj
encoder.layers.23.self_attn.out_proj
⚠️ Non-linear modules skipped: 24
('encoder.layers.0.self_attn', 'CLIPAttention')
('encoder.layers.1.self_attn', 'CLIPAttention')
('encoder.layers.2.self_attn', 'CLIPAttention')
('encoder.layers.3.self_attn', 'CLIPAttention')
('encoder.layers.4.self_attn', 'CLIPAttention')
('encoder.layers.5.self_attn', 'CLIPAttention')
('encoder.layers.6.self_attn', 'CLIPAttention')
('encoder.layers.7.self_attn', 'CLIPAttention')
('encoder.layers.8.self_attn', 'CLIPAttention')
('encoder.layers.9.self_attn', 'CLIPAttention')
('encoder.layers.10.self_attn', 'CLIPAttention')
('encoder.layers.11.self_attn', 'CLIPAttention')
('encoder.layers.12.self_attn', 'CLIPAttention')
('encoder.layers.13.self_attn', 'CLIPAttention')
('encoder.layers.14.self_attn', 'CLIPAttention')
('encoder.layers.15.self_attn', 'CLIPAttention')
('encoder.layers.16.self_attn', 'CLIPAttention')
('encoder.layers.17.self_attn', 'CLIPAttention')
('encoder.layers.18.self_attn', 'CLIPAttention')
('encoder.layers.19.self_attn', 'CLIPAttention')
('encoder.layers.20.self_attn', 'CLIPAttention')
('encoder.layers.21.self_attn', 'CLIPAttention')
('encoder.layers.22.self_attn', 'CLIPAttention')
('encoder.layers.23.self_attn', 'CLIPAttention')

🔧 Applying LoRA to CLIP...

⚙️ Setting up optimizer...
✅ Setup complete!
   LoRA params: 3,145,728
   Decoder params: 0

======================================================================
🎯 STARTING TRAINING
======================================================================


======================================================================
Epoch 1/20
======================================================================

📊 Epoch 1 Summary:
  Train Loss: 0.3195
  Val Loss: 0.6092
  Val mIoU: 0.3475
💾 Best model saved! (mIoU: 0.3475)

======================================================================
Epoch 2/20
======================================================================

📊 Epoch 2 Summary:
  Train Loss: 0.3055
  Val Loss: 0.6075
  Val mIoU: 0.3509
💾 Best model saved! (mIoU: 0.3509)

======================================================================
Epoch 3/20
======================================================================

📊 Epoch 3 Summary:
  Train Loss: 0.2952
  Val Loss: 0.6102
  Val mIoU: 0.3532
💾 Best model saved! (mIoU: 0.3532)

======================================================================
Epoch 4/20
======================================================================

📊 Epoch 4 Summary:
  Train Loss: 0.2887
  Val Loss: 0.6164
  Val mIoU: 0.3531

======================================================================
Epoch 5/20
======================================================================

📊 Epoch 5 Summary:
  Train Loss: 0.2771
  Val Loss: 0.6075
  Val mIoU: 0.3573
💾 Best model saved! (mIoU: 0.3573)

======================================================================
Epoch 6/20
======================================================================

📊 Epoch 6 Summary:
  Train Loss: 0.2675
  Val Loss: 0.6122
  Val mIoU: 0.3574
💾 Best model saved! (mIoU: 0.3574)

======================================================================
Epoch 7/20
======================================================================

📊 Epoch 7 Summary:
  Train Loss: 0.2619
  Val Loss: 0.6183
  Val mIoU: 0.3564

======================================================================
Epoch 8/20
======================================================================

📊 Epoch 8 Summary:
  Train Loss: 0.2540
  Val Loss: 0.6128
  Val mIoU: 0.3590
💾 Best model saved! (mIoU: 0.3590)

======================================================================
Epoch 9/20
======================================================================

📊 Epoch 9 Summary:
  Train Loss: 0.2472
  Val Loss: 0.6223
  Val mIoU: 0.3594
💾 Best model saved! (mIoU: 0.3594)

======================================================================
Epoch 10/20
======================================================================

📊 Epoch 10 Summary:
  Train Loss: 0.2411
  Val Loss: 0.6235
  Val mIoU: 0.3594
💾 Best model saved! (mIoU: 0.3594)

======================================================================
Epoch 11/20
======================================================================

📊 Epoch 11 Summary:
  Train Loss: 0.2361
  Val Loss: 0.6280
  Val mIoU: 0.3614
💾 Best model saved! (mIoU: 0.3614)

======================================================================
Epoch 12/20
======================================================================

📊 Epoch 12 Summary:
  Train Loss: 0.2334
  Val Loss: 0.6258
  Val mIoU: 0.3613

======================================================================
Epoch 13/20
======================================================================

📊 Epoch 13 Summary:
  Train Loss: 0.2286
  Val Loss: 0.6336
  Val mIoU: 0.3618
💾 Best model saved! (mIoU: 0.3618)

======================================================================
Epoch 14/20
======================================================================

📊 Epoch 14 Summary:
  Train Loss: 0.2261
  Val Loss: 0.6336
  Val mIoU: 0.3602

======================================================================
Epoch 15/20
======================================================================

📊 Epoch 15 Summary:
  Train Loss: 0.2229
  Val Loss: 0.6356
  Val mIoU: 0.3630
💾 Best model saved! (mIoU: 0.3630)

======================================================================
Epoch 16/20
======================================================================

📊 Epoch 16 Summary:
  Train Loss: 0.2220
  Val Loss: 0.6424
  Val mIoU: 0.3611

======================================================================
Epoch 17/20
======================================================================

📊 Epoch 17 Summary:
  Train Loss: 0.2197
  Val Loss: 0.6425
  Val mIoU: 0.3612

======================================================================
Epoch 18/20
======================================================================

📊 Epoch 18 Summary:
  Train Loss: 0.2194
  Val Loss: 0.6422
  Val mIoU: 0.3614

======================================================================
Epoch 19/20
======================================================================

📊 Epoch 19 Summary:
  Train Loss: 0.2182
  Val Loss: 0.6440
  Val mIoU: 0.3608

======================================================================
Epoch 20/20
======================================================================

📊 Epoch 20 Summary:
  Train Loss: 0.2182
  Val Loss: 0.6439
  Val mIoU: 0.3609

======================================================================
✅ TRAINING COMPLETE!
======================================================================
Best mIoU: 0.3630
======================================================================
======================================================================
🚀 LORA TRAINING (ACDC-night)
======================================================================
Start: 2025-11-24 18:19:22
Device: cuda
LoRA: r=16
======================================================================

 Creating base model...

📂 Loading baseline decoder...
✅ Baseline decoder loaded!
✅ Linear-like modules found: 96
encoder.layers.0.self_attn.k_proj
encoder.layers.0.self_attn.v_proj
encoder.layers.0.self_attn.q_proj
encoder.layers.0.self_attn.out_proj
encoder.layers.1.self_attn.k_proj
encoder.layers.1.self_attn.v_proj
encoder.layers.1.self_attn.q_proj
encoder.layers.1.self_attn.out_proj
encoder.layers.2.self_attn.k_proj
encoder.layers.2.self_attn.v_proj
encoder.layers.2.self_attn.q_proj
encoder.layers.2.self_attn.out_proj
encoder.layers.3.self_attn.k_proj
encoder.layers.3.self_attn.v_proj
encoder.layers.3.self_attn.q_proj
encoder.layers.3.self_attn.out_proj
encoder.layers.4.self_attn.k_proj
encoder.layers.4.self_attn.v_proj
encoder.layers.4.self_attn.q_proj
encoder.layers.4.self_attn.out_proj
encoder.layers.5.self_attn.k_proj
encoder.layers.5.self_attn.v_proj
encoder.layers.5.self_attn.q_proj
encoder.layers.5.self_attn.out_proj
encoder.layers.6.self_attn.k_proj
encoder.layers.6.self_attn.v_proj
encoder.layers.6.self_attn.q_proj
encoder.layers.6.self_attn.out_proj
encoder.layers.7.self_attn.k_proj
encoder.layers.7.self_attn.v_proj
encoder.layers.7.self_attn.q_proj
encoder.layers.7.self_attn.out_proj
encoder.layers.8.self_attn.k_proj
encoder.layers.8.self_attn.v_proj
encoder.layers.8.self_attn.q_proj
encoder.layers.8.self_attn.out_proj
encoder.layers.9.self_attn.k_proj
encoder.layers.9.self_attn.v_proj
encoder.layers.9.self_attn.q_proj
encoder.layers.9.self_attn.out_proj
encoder.layers.10.self_attn.k_proj
encoder.layers.10.self_attn.v_proj
encoder.layers.10.self_attn.q_proj
encoder.layers.10.self_attn.out_proj
encoder.layers.11.self_attn.k_proj
encoder.layers.11.self_attn.v_proj
encoder.layers.11.self_attn.q_proj
encoder.layers.11.self_attn.out_proj
encoder.layers.12.self_attn.k_proj
encoder.layers.12.self_attn.v_proj
encoder.layers.12.self_attn.q_proj
encoder.layers.12.self_attn.out_proj
encoder.layers.13.self_attn.k_proj
encoder.layers.13.self_attn.v_proj
encoder.layers.13.self_attn.q_proj
encoder.layers.13.self_attn.out_proj
encoder.layers.14.self_attn.k_proj
encoder.layers.14.self_attn.v_proj
encoder.layers.14.self_attn.q_proj
encoder.layers.14.self_attn.out_proj
encoder.layers.15.self_attn.k_proj
encoder.layers.15.self_attn.v_proj
encoder.layers.15.self_attn.q_proj
encoder.layers.15.self_attn.out_proj
encoder.layers.16.self_attn.k_proj
encoder.layers.16.self_attn.v_proj
encoder.layers.16.self_attn.q_proj
encoder.layers.16.self_attn.out_proj
encoder.layers.17.self_attn.k_proj
encoder.layers.17.self_attn.v_proj
encoder.layers.17.self_attn.q_proj
encoder.layers.17.self_attn.out_proj
encoder.layers.18.self_attn.k_proj
encoder.layers.18.self_attn.v_proj
encoder.layers.18.self_attn.q_proj
encoder.layers.18.self_attn.out_proj
encoder.layers.19.self_attn.k_proj
encoder.layers.19.self_attn.v_proj
encoder.layers.19.self_attn.q_proj
encoder.layers.19.self_attn.out_proj
encoder.layers.20.self_attn.k_proj
encoder.layers.20.self_attn.v_proj
encoder.layers.20.self_attn.q_proj
encoder.layers.20.self_attn.out_proj
encoder.layers.21.self_attn.k_proj
encoder.layers.21.self_attn.v_proj
encoder.layers.21.self_attn.q_proj
encoder.layers.21.self_attn.out_proj
encoder.layers.22.self_attn.k_proj
encoder.layers.22.self_attn.v_proj
encoder.layers.22.self_attn.q_proj
encoder.layers.22.self_attn.out_proj
encoder.layers.23.self_attn.k_proj
encoder.layers.23.self_attn.v_proj
encoder.layers.23.self_attn.q_proj
encoder.layers.23.self_attn.out_proj
⚠️ Non-linear modules skipped: 24
('encoder.layers.0.self_attn', 'CLIPAttention')
('encoder.layers.1.self_attn', 'CLIPAttention')
('encoder.layers.2.self_attn', 'CLIPAttention')
('encoder.layers.3.self_attn', 'CLIPAttention')
('encoder.layers.4.self_attn', 'CLIPAttention')
('encoder.layers.5.self_attn', 'CLIPAttention')
('encoder.layers.6.self_attn', 'CLIPAttention')
('encoder.layers.7.self_attn', 'CLIPAttention')
('encoder.layers.8.self_attn', 'CLIPAttention')
('encoder.layers.9.self_attn', 'CLIPAttention')
('encoder.layers.10.self_attn', 'CLIPAttention')
('encoder.layers.11.self_attn', 'CLIPAttention')
('encoder.layers.12.self_attn', 'CLIPAttention')
('encoder.layers.13.self_attn', 'CLIPAttention')
('encoder.layers.14.self_attn', 'CLIPAttention')
('encoder.layers.15.self_attn', 'CLIPAttention')
('encoder.layers.16.self_attn', 'CLIPAttention')
('encoder.layers.17.self_attn', 'CLIPAttention')
('encoder.layers.18.self_attn', 'CLIPAttention')
('encoder.layers.19.self_attn', 'CLIPAttention')
('encoder.layers.20.self_attn', 'CLIPAttention')
('encoder.layers.21.self_attn', 'CLIPAttention')
('encoder.layers.22.self_attn', 'CLIPAttention')
('encoder.layers.23.self_attn', 'CLIPAttention')

🔧 Applying LoRA to CLIP...

⚙️ Setting up optimizer...
✅ Setup complete!
   LoRA params: 3,145,728
   Decoder params: 0

======================================================================
🎯 STARTING TRAINING
======================================================================


======================================================================
Epoch 1/20
======================================================================

📊 Epoch 1 Summary:
  Train Loss: 0.6610
  Val Loss: 0.7766
  Val mIoU: 0.2813
💾 Best model saved! (mIoU: 0.2813)

======================================================================
Epoch 2/20
======================================================================

📊 Epoch 2 Summary:
  Train Loss: 0.6211
  Val Loss: 0.7359
  Val mIoU: 0.2911
💾 Best model saved! (mIoU: 0.2911)

======================================================================
Epoch 3/20
======================================================================

📊 Epoch 3 Summary:
  Train Loss: 0.5878
  Val Loss: 0.6932
  Val mIoU: 0.2987
💾 Best model saved! (mIoU: 0.2987)

======================================================================
Epoch 4/20
======================================================================

📊 Epoch 4 Summary:
  Train Loss: 0.5449
  Val Loss: 0.6459
  Val mIoU: 0.3069
💾 Best model saved! (mIoU: 0.3069)

======================================================================
Epoch 5/20
======================================================================

📊 Epoch 5 Summary:
  Train Loss: 0.5092
  Val Loss: 0.6166
  Val mIoU: 0.3140
💾 Best model saved! (mIoU: 0.3140)

======================================================================
Epoch 6/20
======================================================================

📊 Epoch 6 Summary:
  Train Loss: 0.4818
  Val Loss: 0.5965
  Val mIoU: 0.3191
💾 Best model saved! (mIoU: 0.3191)

======================================================================
Epoch 7/20
======================================================================

📊 Epoch 7 Summary:
  Train Loss: 0.4640
  Val Loss: 0.5859
  Val mIoU: 0.3208
💾 Best model saved! (mIoU: 0.3208)

======================================================================
Epoch 8/20
======================================================================

📊 Epoch 8 Summary:
  Train Loss: 0.4479
  Val Loss: 0.5804
  Val mIoU: 0.3230
💾 Best model saved! (mIoU: 0.3230)

======================================================================
Epoch 9/20
======================================================================

📊 Epoch 9 Summary:
  Train Loss: 0.4365
  Val Loss: 0.5733
  Val mIoU: 0.3235
💾 Best model saved! (mIoU: 0.3235)

======================================================================
Epoch 10/20
======================================================================

📊 Epoch 10 Summary:
  Train Loss: 0.4251
  Val Loss: 0.5702
  Val mIoU: 0.3244
💾 Best model saved! (mIoU: 0.3244)

======================================================================
Epoch 11/20
======================================================================

📊 Epoch 11 Summary:
  Train Loss: 0.4179
  Val Loss: 0.5663
  Val mIoU: 0.3255
💾 Best model saved! (mIoU: 0.3255)

======================================================================
Epoch 12/20
======================================================================

📊 Epoch 12 Summary:
  Train Loss: 0.4100
  Val Loss: 0.5640
  Val mIoU: 0.3275
💾 Best model saved! (mIoU: 0.3275)

======================================================================
Epoch 13/20
======================================================================

📊 Epoch 13 Summary:
  Train Loss: 0.4005
  Val Loss: 0.5630
  Val mIoU: 0.3281
💾 Best model saved! (mIoU: 0.3281)

======================================================================
Epoch 14/20
======================================================================

📊 Epoch 14 Summary:
  Train Loss: 0.3977
  Val Loss: 0.5630
  Val mIoU: 0.3280

======================================================================
Epoch 15/20
======================================================================

📊 Epoch 15 Summary:
  Train Loss: 0.3918
  Val Loss: 0.5632
  Val mIoU: 0.3288
💾 Best model saved! (mIoU: 0.3288)

======================================================================
Epoch 16/20
======================================================================

📊 Epoch 16 Summary:
  Train Loss: 0.3889
  Val Loss: 0.5633
  Val mIoU: 0.3289
💾 Best model saved! (mIoU: 0.3289)

======================================================================
Epoch 17/20
======================================================================

📊 Epoch 17 Summary:
  Train Loss: 0.3886
  Val Loss: 0.5629
  Val mIoU: 0.3291
💾 Best model saved! (mIoU: 0.3291)

======================================================================
Epoch 18/20
======================================================================

📊 Epoch 18 Summary:
  Train Loss: 0.3875
  Val Loss: 0.5632
  Val mIoU: 0.3292
💾 Best model saved! (mIoU: 0.3292)

======================================================================
Epoch 19/20
======================================================================

📊 Epoch 19 Summary:
  Train Loss: 0.3855
  Val Loss: 0.5631
  Val mIoU: 0.3293
💾 Best model saved! (mIoU: 0.3293)

======================================================================
Epoch 20/20
======================================================================

📊 Epoch 20 Summary:
  Train Loss: 0.3846
  Val Loss: 0.5631
  Val mIoU: 0.3293
💾 Best model saved! (mIoU: 0.3293)

======================================================================
✅ TRAINING COMPLETE!
======================================================================
Best mIoU: 0.3293
======================================================================
