======================================================================
🚀 BLOCK-LORA TRAINING (ADE20K)
======================================================================
Start: 2025-11-24 10:44:59
Device: cuda
Block-LoRA: r=16, n=2
======================================================================

 Creating base model...

📂 Loading baseline decoder...
✅ Baseline decoder loaded!
✅ Linear-like modules found: 96
encoder.layers.0.self_attn.k_proj
encoder.layers.0.self_attn.v_proj
encoder.layers.0.self_attn.q_proj
encoder.layers.0.self_attn.out_proj
encoder.layers.1.self_attn.k_proj
encoder.layers.1.self_attn.v_proj
encoder.layers.1.self_attn.q_proj
encoder.layers.1.self_attn.out_proj
encoder.layers.2.self_attn.k_proj
encoder.layers.2.self_attn.v_proj
encoder.layers.2.self_attn.q_proj
encoder.layers.2.self_attn.out_proj
encoder.layers.3.self_attn.k_proj
encoder.layers.3.self_attn.v_proj
encoder.layers.3.self_attn.q_proj
encoder.layers.3.self_attn.out_proj
encoder.layers.4.self_attn.k_proj
encoder.layers.4.self_attn.v_proj
encoder.layers.4.self_attn.q_proj
encoder.layers.4.self_attn.out_proj
encoder.layers.5.self_attn.k_proj
encoder.layers.5.self_attn.v_proj
encoder.layers.5.self_attn.q_proj
encoder.layers.5.self_attn.out_proj
encoder.layers.6.self_attn.k_proj
encoder.layers.6.self_attn.v_proj
encoder.layers.6.self_attn.q_proj
encoder.layers.6.self_attn.out_proj
encoder.layers.7.self_attn.k_proj
encoder.layers.7.self_attn.v_proj
encoder.layers.7.self_attn.q_proj
encoder.layers.7.self_attn.out_proj
encoder.layers.8.self_attn.k_proj
encoder.layers.8.self_attn.v_proj
encoder.layers.8.self_attn.q_proj
encoder.layers.8.self_attn.out_proj
encoder.layers.9.self_attn.k_proj
encoder.layers.9.self_attn.v_proj
encoder.layers.9.self_attn.q_proj
encoder.layers.9.self_attn.out_proj
encoder.layers.10.self_attn.k_proj
encoder.layers.10.self_attn.v_proj
encoder.layers.10.self_attn.q_proj
encoder.layers.10.self_attn.out_proj
encoder.layers.11.self_attn.k_proj
encoder.layers.11.self_attn.v_proj
encoder.layers.11.self_attn.q_proj
encoder.layers.11.self_attn.out_proj
encoder.layers.12.self_attn.k_proj
encoder.layers.12.self_attn.v_proj
encoder.layers.12.self_attn.q_proj
encoder.layers.12.self_attn.out_proj
encoder.layers.13.self_attn.k_proj
encoder.layers.13.self_attn.v_proj
encoder.layers.13.self_attn.q_proj
encoder.layers.13.self_attn.out_proj
encoder.layers.14.self_attn.k_proj
encoder.layers.14.self_attn.v_proj
encoder.layers.14.self_attn.q_proj
encoder.layers.14.self_attn.out_proj
encoder.layers.15.self_attn.k_proj
encoder.layers.15.self_attn.v_proj
encoder.layers.15.self_attn.q_proj
encoder.layers.15.self_attn.out_proj
encoder.layers.16.self_attn.k_proj
encoder.layers.16.self_attn.v_proj
encoder.layers.16.self_attn.q_proj
encoder.layers.16.self_attn.out_proj
encoder.layers.17.self_attn.k_proj
encoder.layers.17.self_attn.v_proj
encoder.layers.17.self_attn.q_proj
encoder.layers.17.self_attn.out_proj
encoder.layers.18.self_attn.k_proj
encoder.layers.18.self_attn.v_proj
encoder.layers.18.self_attn.q_proj
encoder.layers.18.self_attn.out_proj
encoder.layers.19.self_attn.k_proj
encoder.layers.19.self_attn.v_proj
encoder.layers.19.self_attn.q_proj
encoder.layers.19.self_attn.out_proj
encoder.layers.20.self_attn.k_proj
encoder.layers.20.self_attn.v_proj
encoder.layers.20.self_attn.q_proj
encoder.layers.20.self_attn.out_proj
encoder.layers.21.self_attn.k_proj
encoder.layers.21.self_attn.v_proj
encoder.layers.21.self_attn.q_proj
encoder.layers.21.self_attn.out_proj
encoder.layers.22.self_attn.k_proj
encoder.layers.22.self_attn.v_proj
encoder.layers.22.self_attn.q_proj
encoder.layers.22.self_attn.out_proj
encoder.layers.23.self_attn.k_proj
encoder.layers.23.self_attn.v_proj
encoder.layers.23.self_attn.q_proj
encoder.layers.23.self_attn.out_proj
⚠️ Non-linear modules skipped: 24
('encoder.layers.0.self_attn', 'CLIPAttention')
('encoder.layers.1.self_attn', 'CLIPAttention')
('encoder.layers.2.self_attn', 'CLIPAttention')
('encoder.layers.3.self_attn', 'CLIPAttention')
('encoder.layers.4.self_attn', 'CLIPAttention')
('encoder.layers.5.self_attn', 'CLIPAttention')
('encoder.layers.6.self_attn', 'CLIPAttention')
('encoder.layers.7.self_attn', 'CLIPAttention')
('encoder.layers.8.self_attn', 'CLIPAttention')
('encoder.layers.9.self_attn', 'CLIPAttention')
('encoder.layers.10.self_attn', 'CLIPAttention')
('encoder.layers.11.self_attn', 'CLIPAttention')
('encoder.layers.12.self_attn', 'CLIPAttention')
('encoder.layers.13.self_attn', 'CLIPAttention')
('encoder.layers.14.self_attn', 'CLIPAttention')
('encoder.layers.15.self_attn', 'CLIPAttention')
('encoder.layers.16.self_attn', 'CLIPAttention')
('encoder.layers.17.self_attn', 'CLIPAttention')
('encoder.layers.18.self_attn', 'CLIPAttention')
('encoder.layers.19.self_attn', 'CLIPAttention')
('encoder.layers.20.self_attn', 'CLIPAttention')
('encoder.layers.21.self_attn', 'CLIPAttention')
('encoder.layers.22.self_attn', 'CLIPAttention')
('encoder.layers.23.self_attn', 'CLIPAttention')

🔧 Applying Block-LoRA to CLIP...

⚙️ Setting up optimizer...
✅ Setup complete!
   Block-LoRA params: 3,145,728
   Decoder params: 0

======================================================================
🎯 STARTING TRAINING
======================================================================


======================================================================
Epoch 1/20
======================================================================
[Epoch 1][100/1055] Loss: 0.8194
[Epoch 1][200/1055] Loss: 0.7911
[Epoch 1][300/1055] Loss: 0.7868
[Epoch 1][400/1055] Loss: 0.7749
[Epoch 1][500/1055] Loss: 0.7630
[Epoch 1][600/1055] Loss: 0.7527
[Epoch 1][700/1055] Loss: 0.7394
[Epoch 1][800/1055] Loss: 0.7225
[Epoch 1][900/1055] Loss: 0.7072
[Epoch 1][1000/1055] Loss: 0.6955

📊 Epoch 1 Summary:
  Train Loss: 0.6890
  Val Loss: 0.5781
  Val mIoU: 0.4111
💾 Best model saved! (mIoU: 0.4111)

======================================================================
Epoch 2/20
======================================================================
[Epoch 2][100/1055] Loss: 0.5600
[Epoch 2][200/1055] Loss: 0.5509
[Epoch 2][300/1055] Loss: 0.5495
[Epoch 2][400/1055] Loss: 0.5456
[Epoch 2][500/1055] Loss: 0.5366
[Epoch 2][600/1055] Loss: 0.5317
[Epoch 2][700/1055] Loss: 0.5306
[Epoch 2][800/1055] Loss: 0.5262
[Epoch 2][900/1055] Loss: 0.5236
[Epoch 2][1000/1055] Loss: 0.5179

📊 Epoch 2 Summary:
  Train Loss: 0.5147
  Val Loss: 0.4574
  Val mIoU: 0.4306
💾 Best model saved! (mIoU: 0.4306)

======================================================================
Epoch 3/20
======================================================================
[Epoch 3][100/1055] Loss: 0.4377
[Epoch 3][200/1055] Loss: 0.4709
[Epoch 3][300/1055] Loss: 0.4613
[Epoch 3][400/1055] Loss: 0.4564
[Epoch 3][500/1055] Loss: 0.4520
[Epoch 3][600/1055] Loss: 0.4491
[Epoch 3][700/1055] Loss: 0.4454
[Epoch 3][800/1055] Loss: 0.4415
[Epoch 3][900/1055] Loss: 0.4379
[Epoch 3][1000/1055] Loss: 0.4348

📊 Epoch 3 Summary:
  Train Loss: 0.4341
  Val Loss: 0.4066
  Val mIoU: 0.4450
💾 Best model saved! (mIoU: 0.4450)

======================================================================
Epoch 4/20
======================================================================
[Epoch 4][100/1055] Loss: 0.3928
[Epoch 4][200/1055] Loss: 0.3952
[Epoch 4][300/1055] Loss: 0.3991
[Epoch 4][400/1055] Loss: 0.3992
[Epoch 4][500/1055] Loss: 0.3967
[Epoch 4][600/1055] Loss: 0.3947
[Epoch 4][700/1055] Loss: 0.3930
[Epoch 4][800/1055] Loss: 0.3900
[Epoch 4][900/1055] Loss: 0.3884
[Epoch 4][1000/1055] Loss: 0.3893

📊 Epoch 4 Summary:
  Train Loss: 0.3879
  Val Loss: 0.3777
  Val mIoU: 0.4526
💾 Best model saved! (mIoU: 0.4526)

======================================================================
Epoch 5/20
======================================================================
[Epoch 5][100/1055] Loss: 0.3609
[Epoch 5][200/1055] Loss: 0.3589
[Epoch 5][300/1055] Loss: 0.3638
[Epoch 5][400/1055] Loss: 0.3617
[Epoch 5][500/1055] Loss: 0.3608
[Epoch 5][600/1055] Loss: 0.3601
[Epoch 5][700/1055] Loss: 0.3595
[Epoch 5][800/1055] Loss: 0.3584
[Epoch 5][900/1055] Loss: 0.3585
[Epoch 5][1000/1055] Loss: 0.3580

📊 Epoch 5 Summary:
  Train Loss: 0.3585
  Val Loss: 0.3610
  Val mIoU: 0.4602
💾 Best model saved! (mIoU: 0.4602)

======================================================================
Epoch 6/20
======================================================================
[Epoch 6][100/1055] Loss: 0.3326
[Epoch 6][200/1055] Loss: 0.3413
[Epoch 6][300/1055] Loss: 0.3456
[Epoch 6][400/1055] Loss: 0.3437
[Epoch 6][500/1055] Loss: 0.3438
[Epoch 6][600/1055] Loss: 0.3458
[Epoch 6][700/1055] Loss: 0.3456
[Epoch 6][800/1055] Loss: 0.3436
[Epoch 6][900/1055] Loss: 0.3435
[Epoch 6][1000/1055] Loss: 0.3412

📊 Epoch 6 Summary:
  Train Loss: 0.3404
  Val Loss: 0.3580
  Val mIoU: 0.4640
💾 Best model saved! (mIoU: 0.4640)

======================================================================
Epoch 7/20
======================================================================
[Epoch 7][100/1055] Loss: 0.3294
[Epoch 7][200/1055] Loss: 0.3237
[Epoch 7][300/1055] Loss: 0.3281
[Epoch 7][400/1055] Loss: 0.3278
[Epoch 7][500/1055] Loss: 0.3245
[Epoch 7][600/1055] Loss: 0.3236
[Epoch 7][700/1055] Loss: 0.3235
[Epoch 7][800/1055] Loss: 0.3244
[Epoch 7][900/1055] Loss: 0.3245
[Epoch 7][1000/1055] Loss: 0.3252

📊 Epoch 7 Summary:
  Train Loss: 0.3264
  Val Loss: 0.3533
  Val mIoU: 0.4681
💾 Best model saved! (mIoU: 0.4681)

======================================================================
Epoch 8/20
======================================================================
[Epoch 8][100/1055] Loss: 0.3156
[Epoch 8][200/1055] Loss: 0.3183
[Epoch 8][300/1055] Loss: 0.3184
[Epoch 8][400/1055] Loss: 0.3126
[Epoch 8][500/1055] Loss: 0.3114
[Epoch 8][600/1055] Loss: 0.3150
[Epoch 8][700/1055] Loss: 0.3140
[Epoch 8][800/1055] Loss: 0.3140
[Epoch 8][900/1055] Loss: 0.3153
[Epoch 8][1000/1055] Loss: 0.3154

📊 Epoch 8 Summary:
  Train Loss: 0.3147
  Val Loss: 0.3464
  Val mIoU: 0.4706
💾 Best model saved! (mIoU: 0.4706)

======================================================================
Epoch 9/20
======================================================================
[Epoch 9][100/1055] Loss: 0.2954
[Epoch 9][200/1055] Loss: 0.3044
[Epoch 9][300/1055] Loss: 0.3046
[Epoch 9][400/1055] Loss: 0.3048
[Epoch 9][500/1055] Loss: 0.3051
[Epoch 9][600/1055] Loss: 0.3051
[Epoch 9][700/1055] Loss: 0.3050
[Epoch 9][800/1055] Loss: 0.3055
[Epoch 9][900/1055] Loss: 0.3056
[Epoch 9][1000/1055] Loss: 0.3059

📊 Epoch 9 Summary:
  Train Loss: 0.3052
  Val Loss: 0.3454
  Val mIoU: 0.4737
💾 Best model saved! (mIoU: 0.4737)

======================================================================
Epoch 10/20
======================================================================
[Epoch 10][100/1055] Loss: 0.3057
[Epoch 10][200/1055] Loss: 0.3064
[Epoch 10][300/1055] Loss: 0.3021
[Epoch 10][400/1055] Loss: 0.2976
[Epoch 10][500/1055] Loss: 0.2973
[Epoch 10][600/1055] Loss: 0.2962
[Epoch 10][700/1055] Loss: 0.2968
[Epoch 10][800/1055] Loss: 0.2959
[Epoch 10][900/1055] Loss: 0.2971
[Epoch 10][1000/1055] Loss: 0.2959

📊 Epoch 10 Summary:
  Train Loss: 0.2961
  Val Loss: 0.3500
  Val mIoU: 0.4768
💾 Best model saved! (mIoU: 0.4768)

======================================================================
Epoch 11/20
======================================================================
[Epoch 11][100/1055] Loss: 0.2972
[Epoch 11][200/1055] Loss: 0.2949
[Epoch 11][300/1055] Loss: 0.2938
[Epoch 11][400/1055] Loss: 0.2912
[Epoch 11][500/1055] Loss: 0.2904
[Epoch 11][600/1055] Loss: 0.2905
[Epoch 11][700/1055] Loss: 0.2894
[Epoch 11][800/1055] Loss: 0.2897
[Epoch 11][900/1055] Loss: 0.2902
[Epoch 11][1000/1055] Loss: 0.2907

📊 Epoch 11 Summary:
  Train Loss: 0.2902
  Val Loss: 0.3480
  Val mIoU: 0.4773
💾 Best model saved! (mIoU: 0.4773)

======================================================================
Epoch 12/20
======================================================================
[Epoch 12][100/1055] Loss: 0.2698
[Epoch 12][200/1055] Loss: 0.2778
[Epoch 12][300/1055] Loss: 0.2781
[Epoch 12][400/1055] Loss: 0.2808
[Epoch 12][500/1055] Loss: 0.2825
[Epoch 12][600/1055] Loss: 0.2829
[Epoch 12][700/1055] Loss: 0.2836
[Epoch 12][800/1055] Loss: 0.2833
[Epoch 12][900/1055] Loss: 0.2836
[Epoch 12][1000/1055] Loss: 0.2824

📊 Epoch 12 Summary:
  Train Loss: 0.2830
  Val Loss: 0.3545
  Val mIoU: 0.4765

======================================================================
Epoch 13/20
======================================================================
[Epoch 13][100/1055] Loss: 0.2766
[Epoch 13][200/1055] Loss: 0.2823
[Epoch 13][300/1055] Loss: 0.2817
[Epoch 13][400/1055] Loss: 0.2814
[Epoch 13][500/1055] Loss: 0.2775
[Epoch 13][600/1055] Loss: 0.2762
[Epoch 13][700/1055] Loss: 0.2769
[Epoch 13][800/1055] Loss: 0.2780
[Epoch 13][900/1055] Loss: 0.2784
[Epoch 13][1000/1055] Loss: 0.2780

📊 Epoch 13 Summary:
  Train Loss: 0.2773
  Val Loss: 0.3535
  Val mIoU: 0.4754

======================================================================
Epoch 14/20
======================================================================
[Epoch 14][100/1055] Loss: 0.2794
[Epoch 14][200/1055] Loss: 0.2726
[Epoch 14][300/1055] Loss: 0.2750
[Epoch 14][400/1055] Loss: 0.2721
[Epoch 14][500/1055] Loss: 0.2754
[Epoch 14][600/1055] Loss: 0.2755
[Epoch 14][700/1055] Loss: 0.2744
[Epoch 14][800/1055] Loss: 0.2736
[Epoch 14][900/1055] Loss: 0.2725
[Epoch 14][1000/1055] Loss: 0.2724

📊 Epoch 14 Summary:
  Train Loss: 0.2731
  Val Loss: 0.3521
  Val mIoU: 0.4784
💾 Best model saved! (mIoU: 0.4784)

======================================================================
Epoch 15/20
======================================================================
[Epoch 15][100/1055] Loss: 0.2719
[Epoch 15][200/1055] Loss: 0.2690
[Epoch 15][300/1055] Loss: 0.2684
[Epoch 15][400/1055] Loss: 0.2691
[Epoch 15][500/1055] Loss: 0.2664
[Epoch 15][600/1055] Loss: 0.2672
[Epoch 15][700/1055] Loss: 0.2677
[Epoch 15][800/1055] Loss: 0.2685
[Epoch 15][900/1055] Loss: 0.2699
[Epoch 15][1000/1055] Loss: 0.2700

📊 Epoch 15 Summary:
  Train Loss: 0.2696
  Val Loss: 0.3513
  Val mIoU: 0.4780

======================================================================
Epoch 16/20
======================================================================
[Epoch 16][100/1055] Loss: 0.2616
[Epoch 16][200/1055] Loss: 0.2657
[Epoch 16][300/1055] Loss: 0.2671
[Epoch 16][400/1055] Loss: 0.2666
[Epoch 16][500/1055] Loss: 0.2650
[Epoch 16][600/1055] Loss: 0.2642
[Epoch 16][700/1055] Loss: 0.2636
[Epoch 16][800/1055] Loss: 0.2644
[Epoch 16][900/1055] Loss: 0.2657
[Epoch 16][1000/1055] Loss: 0.2657

📊 Epoch 16 Summary:
  Train Loss: 0.2661
  Val Loss: 0.3535
  Val mIoU: 0.4793
💾 Best model saved! (mIoU: 0.4793)

======================================================================
Epoch 17/20
======================================================================
[Epoch 17][100/1055] Loss: 0.2530
[Epoch 17][200/1055] Loss: 0.2596
[Epoch 17][300/1055] Loss: 0.2593
[Epoch 17][400/1055] Loss: 0.2597
[Epoch 17][500/1055] Loss: 0.2596
[Epoch 17][600/1055] Loss: 0.2612
[Epoch 17][700/1055] Loss: 0.2617
[Epoch 17][800/1055] Loss: 0.2622
[Epoch 17][900/1055] Loss: 0.2632
[Epoch 17][1000/1055] Loss: 0.2642

📊 Epoch 17 Summary:
  Train Loss: 0.2637
  Val Loss: 0.3542
  Val mIoU: 0.4799
💾 Best model saved! (mIoU: 0.4799)

======================================================================
Epoch 18/20
======================================================================
[Epoch 18][100/1055] Loss: 0.2698
[Epoch 18][200/1055] Loss: 0.2642
[Epoch 18][300/1055] Loss: 0.2649
[Epoch 18][400/1055] Loss: 0.2637
[Epoch 18][500/1055] Loss: 0.2627
[Epoch 18][600/1055] Loss: 0.2608
[Epoch 18][700/1055] Loss: 0.2607
[Epoch 18][800/1055] Loss: 0.2611
[Epoch 18][900/1055] Loss: 0.2621
[Epoch 18][1000/1055] Loss: 0.2628

📊 Epoch 18 Summary:
  Train Loss: 0.2627
  Val Loss: 0.3572
  Val mIoU: 0.4800
💾 Best model saved! (mIoU: 0.4800)

======================================================================
Epoch 19/20
======================================================================
[Epoch 19][100/1055] Loss: 0.2592
[Epoch 19][200/1055] Loss: 0.2601
[Epoch 19][300/1055] Loss: 0.2621
[Epoch 19][400/1055] Loss: 0.2631
[Epoch 19][500/1055] Loss: 0.2631
[Epoch 19][600/1055] Loss: 0.2630
[Epoch 19][700/1055] Loss: 0.2632
[Epoch 19][800/1055] Loss: 0.2623
[Epoch 19][900/1055] Loss: 0.2621
[Epoch 19][1000/1055] Loss: 0.2620

📊 Epoch 19 Summary:
  Train Loss: 0.2620
  Val Loss: 0.3558
  Val mIoU: 0.4798

======================================================================
Epoch 20/20
======================================================================
[Epoch 20][100/1055] Loss: 0.2569
[Epoch 20][200/1055] Loss: 0.2545
[Epoch 20][300/1055] Loss: 0.2568
[Epoch 20][400/1055] Loss: 0.2617
[Epoch 20][500/1055] Loss: 0.2607
[Epoch 20][600/1055] Loss: 0.2624
[Epoch 20][700/1055] Loss: 0.2632
[Epoch 20][800/1055] Loss: 0.2626
[Epoch 20][900/1055] Loss: 0.2620
[Epoch 20][1000/1055] Loss: 0.2611

📊 Epoch 20 Summary:
  Train Loss: 0.2610
  Val Loss: 0.3559
  Val mIoU: 0.4800
💾 Best model saved! (mIoU: 0.4800)

======================================================================
✅ TRAINING COMPLETE!
======================================================================
Best mIoU: 0.4800
======================================================================
