======================================================================
🚀 BLOCK-LORA TRAINING (MUSES-rain)
======================================================================
Start: 2025-11-21 22:44:04
Device: cuda
Block-LoRA: r=16, n=2
======================================================================

 Creating base model...

📂 Loading baseline decoder...
✅ Baseline decoder loaded!
✅ Linear-like modules found: 96
encoder.layers.0.self_attn.k_proj
encoder.layers.0.self_attn.v_proj
encoder.layers.0.self_attn.q_proj
encoder.layers.0.self_attn.out_proj
encoder.layers.1.self_attn.k_proj
encoder.layers.1.self_attn.v_proj
encoder.layers.1.self_attn.q_proj
encoder.layers.1.self_attn.out_proj
encoder.layers.2.self_attn.k_proj
encoder.layers.2.self_attn.v_proj
encoder.layers.2.self_attn.q_proj
encoder.layers.2.self_attn.out_proj
encoder.layers.3.self_attn.k_proj
encoder.layers.3.self_attn.v_proj
encoder.layers.3.self_attn.q_proj
encoder.layers.3.self_attn.out_proj
encoder.layers.4.self_attn.k_proj
encoder.layers.4.self_attn.v_proj
encoder.layers.4.self_attn.q_proj
encoder.layers.4.self_attn.out_proj
encoder.layers.5.self_attn.k_proj
encoder.layers.5.self_attn.v_proj
encoder.layers.5.self_attn.q_proj
encoder.layers.5.self_attn.out_proj
encoder.layers.6.self_attn.k_proj
encoder.layers.6.self_attn.v_proj
encoder.layers.6.self_attn.q_proj
encoder.layers.6.self_attn.out_proj
encoder.layers.7.self_attn.k_proj
encoder.layers.7.self_attn.v_proj
encoder.layers.7.self_attn.q_proj
encoder.layers.7.self_attn.out_proj
encoder.layers.8.self_attn.k_proj
encoder.layers.8.self_attn.v_proj
encoder.layers.8.self_attn.q_proj
encoder.layers.8.self_attn.out_proj
encoder.layers.9.self_attn.k_proj
encoder.layers.9.self_attn.v_proj
encoder.layers.9.self_attn.q_proj
encoder.layers.9.self_attn.out_proj
encoder.layers.10.self_attn.k_proj
encoder.layers.10.self_attn.v_proj
encoder.layers.10.self_attn.q_proj
encoder.layers.10.self_attn.out_proj
encoder.layers.11.self_attn.k_proj
encoder.layers.11.self_attn.v_proj
encoder.layers.11.self_attn.q_proj
encoder.layers.11.self_attn.out_proj
encoder.layers.12.self_attn.k_proj
encoder.layers.12.self_attn.v_proj
encoder.layers.12.self_attn.q_proj
encoder.layers.12.self_attn.out_proj
encoder.layers.13.self_attn.k_proj
encoder.layers.13.self_attn.v_proj
encoder.layers.13.self_attn.q_proj
encoder.layers.13.self_attn.out_proj
encoder.layers.14.self_attn.k_proj
encoder.layers.14.self_attn.v_proj
encoder.layers.14.self_attn.q_proj
encoder.layers.14.self_attn.out_proj
encoder.layers.15.self_attn.k_proj
encoder.layers.15.self_attn.v_proj
encoder.layers.15.self_attn.q_proj
encoder.layers.15.self_attn.out_proj
encoder.layers.16.self_attn.k_proj
encoder.layers.16.self_attn.v_proj
encoder.layers.16.self_attn.q_proj
encoder.layers.16.self_attn.out_proj
encoder.layers.17.self_attn.k_proj
encoder.layers.17.self_attn.v_proj
encoder.layers.17.self_attn.q_proj
encoder.layers.17.self_attn.out_proj
encoder.layers.18.self_attn.k_proj
encoder.layers.18.self_attn.v_proj
encoder.layers.18.self_attn.q_proj
encoder.layers.18.self_attn.out_proj
encoder.layers.19.self_attn.k_proj
encoder.layers.19.self_attn.v_proj
encoder.layers.19.self_attn.q_proj
encoder.layers.19.self_attn.out_proj
encoder.layers.20.self_attn.k_proj
encoder.layers.20.self_attn.v_proj
encoder.layers.20.self_attn.q_proj
encoder.layers.20.self_attn.out_proj
encoder.layers.21.self_attn.k_proj
encoder.layers.21.self_attn.v_proj
encoder.layers.21.self_attn.q_proj
encoder.layers.21.self_attn.out_proj
encoder.layers.22.self_attn.k_proj
encoder.layers.22.self_attn.v_proj
encoder.layers.22.self_attn.q_proj
encoder.layers.22.self_attn.out_proj
encoder.layers.23.self_attn.k_proj
encoder.layers.23.self_attn.v_proj
encoder.layers.23.self_attn.q_proj
encoder.layers.23.self_attn.out_proj
⚠️ Non-linear modules skipped: 24
('encoder.layers.0.self_attn', 'CLIPAttention')
('encoder.layers.1.self_attn', 'CLIPAttention')
('encoder.layers.2.self_attn', 'CLIPAttention')
('encoder.layers.3.self_attn', 'CLIPAttention')
('encoder.layers.4.self_attn', 'CLIPAttention')
('encoder.layers.5.self_attn', 'CLIPAttention')
('encoder.layers.6.self_attn', 'CLIPAttention')
('encoder.layers.7.self_attn', 'CLIPAttention')
('encoder.layers.8.self_attn', 'CLIPAttention')
('encoder.layers.9.self_attn', 'CLIPAttention')
('encoder.layers.10.self_attn', 'CLIPAttention')
('encoder.layers.11.self_attn', 'CLIPAttention')
('encoder.layers.12.self_attn', 'CLIPAttention')
('encoder.layers.13.self_attn', 'CLIPAttention')
('encoder.layers.14.self_attn', 'CLIPAttention')
('encoder.layers.15.self_attn', 'CLIPAttention')
('encoder.layers.16.self_attn', 'CLIPAttention')
('encoder.layers.17.self_attn', 'CLIPAttention')
('encoder.layers.18.self_attn', 'CLIPAttention')
('encoder.layers.19.self_attn', 'CLIPAttention')
('encoder.layers.20.self_attn', 'CLIPAttention')
('encoder.layers.21.self_attn', 'CLIPAttention')
('encoder.layers.22.self_attn', 'CLIPAttention')
('encoder.layers.23.self_attn', 'CLIPAttention')

🔧 Applying Block-LoRA to CLIP...

⚙️ Setting up optimizer...
✅ Setup complete!
   Block-LoRA params: 3,145,728
   Decoder params: 0

======================================================================
🎯 STARTING TRAINING
======================================================================


======================================================================
Epoch 1/20
======================================================================

📊 Epoch 1 Summary:
  Train Loss: 0.3323
  Val Loss: 0.5740
  Val mIoU: 0.3238
💾 Best model saved! (mIoU: 0.3238)

======================================================================
Epoch 2/20
======================================================================

📊 Epoch 2 Summary:
  Train Loss: 0.3167
  Val Loss: 0.5666
  Val mIoU: 0.3273
💾 Best model saved! (mIoU: 0.3273)

======================================================================
Epoch 3/20
======================================================================

📊 Epoch 3 Summary:
  Train Loss: 0.3087
  Val Loss: 0.5667
  Val mIoU: 0.3272

======================================================================
Epoch 4/20
======================================================================

📊 Epoch 4 Summary:
  Train Loss: 0.2995
  Val Loss: 0.5634
  Val mIoU: 0.3299
💾 Best model saved! (mIoU: 0.3299)

======================================================================
Epoch 5/20
======================================================================

📊 Epoch 5 Summary:
  Train Loss: 0.2928
  Val Loss: 0.5587
  Val mIoU: 0.3324
💾 Best model saved! (mIoU: 0.3324)

======================================================================
Epoch 6/20
======================================================================

📊 Epoch 6 Summary:
  Train Loss: 0.2852
  Val Loss: 0.5604
  Val mIoU: 0.3338
💾 Best model saved! (mIoU: 0.3338)

======================================================================
Epoch 7/20
======================================================================

📊 Epoch 7 Summary:
  Train Loss: 0.2795
  Val Loss: 0.5541
  Val mIoU: 0.3345
💾 Best model saved! (mIoU: 0.3345)

======================================================================
Epoch 8/20
======================================================================

📊 Epoch 8 Summary:
  Train Loss: 0.2711
  Val Loss: 0.5580
  Val mIoU: 0.3370
💾 Best model saved! (mIoU: 0.3370)

======================================================================
Epoch 9/20
======================================================================

📊 Epoch 9 Summary:
  Train Loss: 0.2681
  Val Loss: 0.5585
  Val mIoU: 0.3376
💾 Best model saved! (mIoU: 0.3376)

======================================================================
Epoch 10/20
======================================================================

📊 Epoch 10 Summary:
  Train Loss: 0.2625
  Val Loss: 0.5603
  Val mIoU: 0.3388
💾 Best model saved! (mIoU: 0.3388)

======================================================================
Epoch 11/20
======================================================================

📊 Epoch 11 Summary:
  Train Loss: 0.2586
  Val Loss: 0.5607
  Val mIoU: 0.3394
💾 Best model saved! (mIoU: 0.3394)

======================================================================
Epoch 12/20
======================================================================

📊 Epoch 12 Summary:
  Train Loss: 0.2553
  Val Loss: 0.5603
  Val mIoU: 0.3393

======================================================================
Epoch 13/20
======================================================================

📊 Epoch 13 Summary:
  Train Loss: 0.2516
  Val Loss: 0.5650
  Val mIoU: 0.3394

======================================================================
Epoch 14/20
======================================================================

📊 Epoch 14 Summary:
  Train Loss: 0.2478
  Val Loss: 0.5630
  Val mIoU: 0.3399
💾 Best model saved! (mIoU: 0.3399)

======================================================================
Epoch 15/20
======================================================================

📊 Epoch 15 Summary:
  Train Loss: 0.2466
  Val Loss: 0.5588
  Val mIoU: 0.3406
💾 Best model saved! (mIoU: 0.3406)

======================================================================
Epoch 16/20
======================================================================

📊 Epoch 16 Summary:
  Train Loss: 0.2464
  Val Loss: 0.5648
  Val mIoU: 0.3400

======================================================================
Epoch 17/20
======================================================================

📊 Epoch 17 Summary:
  Train Loss: 0.2445
  Val Loss: 0.5627
  Val mIoU: 0.3407
💾 Best model saved! (mIoU: 0.3407)

======================================================================
Epoch 18/20
======================================================================

📊 Epoch 18 Summary:
  Train Loss: 0.2439
  Val Loss: 0.5623
  Val mIoU: 0.3409
💾 Best model saved! (mIoU: 0.3409)

======================================================================
Epoch 19/20
======================================================================

📊 Epoch 19 Summary:
  Train Loss: 0.2426
  Val Loss: 0.5622
  Val mIoU: 0.3411
💾 Best model saved! (mIoU: 0.3411)

======================================================================
Epoch 20/20
======================================================================

📊 Epoch 20 Summary:
  Train Loss: 0.2442
  Val Loss: 0.5623
  Val mIoU: 0.3411

======================================================================
✅ TRAINING COMPLETE!
======================================================================
Best mIoU: 0.3411
======================================================================
======================================================================
🚀 BLOCK-LORA TRAINING (MUSES-rain)
======================================================================
Start: 2025-11-24 11:19:57
Device: cuda
Block-LoRA: r=16, n=2
======================================================================

 Creating base model...

📂 Loading baseline decoder...
✅ Baseline decoder loaded!
✅ Linear-like modules found: 96
encoder.layers.0.self_attn.k_proj
encoder.layers.0.self_attn.v_proj
encoder.layers.0.self_attn.q_proj
encoder.layers.0.self_attn.out_proj
encoder.layers.1.self_attn.k_proj
encoder.layers.1.self_attn.v_proj
encoder.layers.1.self_attn.q_proj
encoder.layers.1.self_attn.out_proj
encoder.layers.2.self_attn.k_proj
encoder.layers.2.self_attn.v_proj
encoder.layers.2.self_attn.q_proj
encoder.layers.2.self_attn.out_proj
encoder.layers.3.self_attn.k_proj
encoder.layers.3.self_attn.v_proj
encoder.layers.3.self_attn.q_proj
encoder.layers.3.self_attn.out_proj
encoder.layers.4.self_attn.k_proj
encoder.layers.4.self_attn.v_proj
encoder.layers.4.self_attn.q_proj
encoder.layers.4.self_attn.out_proj
encoder.layers.5.self_attn.k_proj
encoder.layers.5.self_attn.v_proj
encoder.layers.5.self_attn.q_proj
encoder.layers.5.self_attn.out_proj
encoder.layers.6.self_attn.k_proj
encoder.layers.6.self_attn.v_proj
encoder.layers.6.self_attn.q_proj
encoder.layers.6.self_attn.out_proj
encoder.layers.7.self_attn.k_proj
encoder.layers.7.self_attn.v_proj
encoder.layers.7.self_attn.q_proj
encoder.layers.7.self_attn.out_proj
encoder.layers.8.self_attn.k_proj
encoder.layers.8.self_attn.v_proj
encoder.layers.8.self_attn.q_proj
encoder.layers.8.self_attn.out_proj
encoder.layers.9.self_attn.k_proj
encoder.layers.9.self_attn.v_proj
encoder.layers.9.self_attn.q_proj
encoder.layers.9.self_attn.out_proj
encoder.layers.10.self_attn.k_proj
encoder.layers.10.self_attn.v_proj
encoder.layers.10.self_attn.q_proj
encoder.layers.10.self_attn.out_proj
encoder.layers.11.self_attn.k_proj
encoder.layers.11.self_attn.v_proj
encoder.layers.11.self_attn.q_proj
encoder.layers.11.self_attn.out_proj
encoder.layers.12.self_attn.k_proj
encoder.layers.12.self_attn.v_proj
encoder.layers.12.self_attn.q_proj
encoder.layers.12.self_attn.out_proj
encoder.layers.13.self_attn.k_proj
encoder.layers.13.self_attn.v_proj
encoder.layers.13.self_attn.q_proj
encoder.layers.13.self_attn.out_proj
encoder.layers.14.self_attn.k_proj
encoder.layers.14.self_attn.v_proj
encoder.layers.14.self_attn.q_proj
encoder.layers.14.self_attn.out_proj
encoder.layers.15.self_attn.k_proj
encoder.layers.15.self_attn.v_proj
encoder.layers.15.self_attn.q_proj
encoder.layers.15.self_attn.out_proj
encoder.layers.16.self_attn.k_proj
encoder.layers.16.self_attn.v_proj
encoder.layers.16.self_attn.q_proj
encoder.layers.16.self_attn.out_proj
encoder.layers.17.self_attn.k_proj
encoder.layers.17.self_attn.v_proj
encoder.layers.17.self_attn.q_proj
encoder.layers.17.self_attn.out_proj
encoder.layers.18.self_attn.k_proj
encoder.layers.18.self_attn.v_proj
encoder.layers.18.self_attn.q_proj
encoder.layers.18.self_attn.out_proj
encoder.layers.19.self_attn.k_proj
encoder.layers.19.self_attn.v_proj
encoder.layers.19.self_attn.q_proj
encoder.layers.19.self_attn.out_proj
encoder.layers.20.self_attn.k_proj
encoder.layers.20.self_attn.v_proj
encoder.layers.20.self_attn.q_proj
encoder.layers.20.self_attn.out_proj
encoder.layers.21.self_attn.k_proj
encoder.layers.21.self_attn.v_proj
encoder.layers.21.self_attn.q_proj
encoder.layers.21.self_attn.out_proj
encoder.layers.22.self_attn.k_proj
encoder.layers.22.self_attn.v_proj
encoder.layers.22.self_attn.q_proj
encoder.layers.22.self_attn.out_proj
encoder.layers.23.self_attn.k_proj
encoder.layers.23.self_attn.v_proj
encoder.layers.23.self_attn.q_proj
encoder.layers.23.self_attn.out_proj
⚠️ Non-linear modules skipped: 24
('encoder.layers.0.self_attn', 'CLIPAttention')
('encoder.layers.1.self_attn', 'CLIPAttention')
('encoder.layers.2.self_attn', 'CLIPAttention')
('encoder.layers.3.self_attn', 'CLIPAttention')
('encoder.layers.4.self_attn', 'CLIPAttention')
('encoder.layers.5.self_attn', 'CLIPAttention')
('encoder.layers.6.self_attn', 'CLIPAttention')
('encoder.layers.7.self_attn', 'CLIPAttention')
('encoder.layers.8.self_attn', 'CLIPAttention')
('encoder.layers.9.self_attn', 'CLIPAttention')
('encoder.layers.10.self_attn', 'CLIPAttention')
('encoder.layers.11.self_attn', 'CLIPAttention')
('encoder.layers.12.self_attn', 'CLIPAttention')
('encoder.layers.13.self_attn', 'CLIPAttention')
('encoder.layers.14.self_attn', 'CLIPAttention')
('encoder.layers.15.self_attn', 'CLIPAttention')
('encoder.layers.16.self_attn', 'CLIPAttention')
('encoder.layers.17.self_attn', 'CLIPAttention')
('encoder.layers.18.self_attn', 'CLIPAttention')
('encoder.layers.19.self_attn', 'CLIPAttention')
('encoder.layers.20.self_attn', 'CLIPAttention')
('encoder.layers.21.self_attn', 'CLIPAttention')
('encoder.layers.22.self_attn', 'CLIPAttention')
('encoder.layers.23.self_attn', 'CLIPAttention')

🔧 Applying Block-LoRA to CLIP...

⚙️ Setting up optimizer...
✅ Setup complete!
   Block-LoRA params: 3,145,728
   Decoder params: 0

======================================================================
🎯 STARTING TRAINING
======================================================================


======================================================================
Epoch 1/30
======================================================================

📊 Epoch 1 Summary:
  Train Loss: 0.8738
  Val Loss: 0.8479
  Val mIoU: 0.2343
💾 Best model saved! (mIoU: 0.2343)

======================================================================
Epoch 2/30
======================================================================

📊 Epoch 2 Summary:
  Train Loss: 0.8330
  Val Loss: 0.7887
  Val mIoU: 0.2415
💾 Best model saved! (mIoU: 0.2415)

======================================================================
Epoch 3/30
======================================================================

📊 Epoch 3 Summary:
  Train Loss: 0.7729
  Val Loss: 0.7356
  Val mIoU: 0.2507
💾 Best model saved! (mIoU: 0.2507)

======================================================================
Epoch 4/30
======================================================================

📊 Epoch 4 Summary:
  Train Loss: 0.7300
  Val Loss: 0.6987
  Val mIoU: 0.2600
💾 Best model saved! (mIoU: 0.2600)

======================================================================
Epoch 5/30
======================================================================

📊 Epoch 5 Summary:
  Train Loss: 0.6804
  Val Loss: 0.6651
  Val mIoU: 0.2684
💾 Best model saved! (mIoU: 0.2684)

======================================================================
Epoch 6/30
======================================================================

📊 Epoch 6 Summary:
  Train Loss: 0.6424
  Val Loss: 0.6385
  Val mIoU: 0.2764
💾 Best model saved! (mIoU: 0.2764)

======================================================================
Epoch 7/30
======================================================================

📊 Epoch 7 Summary:
  Train Loss: 0.6163
  Val Loss: 0.6157
  Val mIoU: 0.2834
💾 Best model saved! (mIoU: 0.2834)

======================================================================
Epoch 8/30
======================================================================

📊 Epoch 8 Summary:
  Train Loss: 0.5926
  Val Loss: 0.5980
  Val mIoU: 0.2876
💾 Best model saved! (mIoU: 0.2876)

======================================================================
Epoch 9/30
======================================================================

📊 Epoch 9 Summary:
  Train Loss: 0.5725
  Val Loss: 0.5860
  Val mIoU: 0.2900
💾 Best model saved! (mIoU: 0.2900)

======================================================================
Epoch 10/30
======================================================================

📊 Epoch 10 Summary:
  Train Loss: 0.5590
  Val Loss: 0.5711
  Val mIoU: 0.2938
💾 Best model saved! (mIoU: 0.2938)

======================================================================
Epoch 11/30
======================================================================

📊 Epoch 11 Summary:
  Train Loss: 0.5414
  Val Loss: 0.5627
  Val mIoU: 0.2958
💾 Best model saved! (mIoU: 0.2958)

======================================================================
Epoch 12/30
======================================================================

📊 Epoch 12 Summary:
  Train Loss: 0.5324
  Val Loss: 0.5575
  Val mIoU: 0.2976
💾 Best model saved! (mIoU: 0.2976)

======================================================================
Epoch 13/30
======================================================================

📊 Epoch 13 Summary:
  Train Loss: 0.5273
  Val Loss: 0.5492
  Val mIoU: 0.3004
💾 Best model saved! (mIoU: 0.3004)

======================================================================
Epoch 14/30
======================================================================

📊 Epoch 14 Summary:
  Train Loss: 0.5152
  Val Loss: 0.5431
  Val mIoU: 0.3030
💾 Best model saved! (mIoU: 0.3030)

======================================================================
Epoch 15/30
======================================================================

📊 Epoch 15 Summary:
  Train Loss: 0.5064
  Val Loss: 0.5433
  Val mIoU: 0.3023

======================================================================
Epoch 16/30
======================================================================

📊 Epoch 16 Summary:
  Train Loss: 0.5020
  Val Loss: 0.5378
  Val mIoU: 0.3042
💾 Best model saved! (mIoU: 0.3042)

======================================================================
Epoch 17/30
======================================================================

📊 Epoch 17 Summary:
  Train Loss: 0.4932
  Val Loss: 0.5358
  Val mIoU: 0.3046
💾 Best model saved! (mIoU: 0.3046)

======================================================================
Epoch 18/30
======================================================================

📊 Epoch 18 Summary:
  Train Loss: 0.4882
  Val Loss: 0.5321
  Val mIoU: 0.3059
💾 Best model saved! (mIoU: 0.3059)

======================================================================
Epoch 19/30
======================================================================

📊 Epoch 19 Summary:
  Train Loss: 0.4869
  Val Loss: 0.5323
  Val mIoU: 0.3061
💾 Best model saved! (mIoU: 0.3061)

======================================================================
Epoch 20/30
======================================================================

📊 Epoch 20 Summary:
  Train Loss: 0.4777
  Val Loss: 0.5294
  Val mIoU: 0.3067
💾 Best model saved! (mIoU: 0.3067)

======================================================================
Epoch 21/30
======================================================================

📊 Epoch 21 Summary:
  Train Loss: 0.4777
  Val Loss: 0.5280
  Val mIoU: 0.3073
💾 Best model saved! (mIoU: 0.3073)

======================================================================
Epoch 22/30
======================================================================

📊 Epoch 22 Summary:
  Train Loss: 0.4744
  Val Loss: 0.5278
  Val mIoU: 0.3073
💾 Best model saved! (mIoU: 0.3073)

======================================================================
Epoch 23/30
======================================================================

📊 Epoch 23 Summary:
  Train Loss: 0.4714
  Val Loss: 0.5271
  Val mIoU: 0.3073
💾 Best model saved! (mIoU: 0.3073)

======================================================================
Epoch 24/30
======================================================================

📊 Epoch 24 Summary:
  Train Loss: 0.4699
  Val Loss: 0.5258
  Val mIoU: 0.3077
💾 Best model saved! (mIoU: 0.3077)

======================================================================
Epoch 25/30
======================================================================

📊 Epoch 25 Summary:
  Train Loss: 0.4672
  Val Loss: 0.5253
  Val mIoU: 0.3078
💾 Best model saved! (mIoU: 0.3078)

======================================================================
Epoch 26/30
======================================================================

📊 Epoch 26 Summary:
  Train Loss: 0.4666
  Val Loss: 0.5249
  Val mIoU: 0.3078
💾 Best model saved! (mIoU: 0.3078)

======================================================================
Epoch 27/30
======================================================================

📊 Epoch 27 Summary:
  Train Loss: 0.4667
  Val Loss: 0.5245
  Val mIoU: 0.3079
💾 Best model saved! (mIoU: 0.3079)

======================================================================
Epoch 28/30
======================================================================

📊 Epoch 28 Summary:
  Train Loss: 0.4655
  Val Loss: 0.5243
  Val mIoU: 0.3079
💾 Best model saved! (mIoU: 0.3079)

======================================================================
Epoch 29/30
======================================================================

📊 Epoch 29 Summary:
  Train Loss: 0.4650
  Val Loss: 0.5243
  Val mIoU: 0.3079

======================================================================
Epoch 30/30
======================================================================

📊 Epoch 30 Summary:
  Train Loss: 0.4637
  Val Loss: 0.5243
  Val mIoU: 0.3079
💾 Best model saved! (mIoU: 0.3079)

======================================================================
✅ TRAINING COMPLETE!
======================================================================
Best mIoU: 0.3079
======================================================================
======================================================================
🚀 BLOCK-LORA TRAINING (MUSES-rain)
======================================================================
Start: 2025-11-24 12:00:26
Device: cuda
Block-LoRA: r=16, n=2
======================================================================

 Creating base model...

📂 Loading baseline decoder...
✅ Baseline decoder loaded!
✅ Linear-like modules found: 96
encoder.layers.0.self_attn.k_proj
encoder.layers.0.self_attn.v_proj
encoder.layers.0.self_attn.q_proj
encoder.layers.0.self_attn.out_proj
encoder.layers.1.self_attn.k_proj
encoder.layers.1.self_attn.v_proj
encoder.layers.1.self_attn.q_proj
encoder.layers.1.self_attn.out_proj
encoder.layers.2.self_attn.k_proj
encoder.layers.2.self_attn.v_proj
encoder.layers.2.self_attn.q_proj
encoder.layers.2.self_attn.out_proj
encoder.layers.3.self_attn.k_proj
encoder.layers.3.self_attn.v_proj
encoder.layers.3.self_attn.q_proj
encoder.layers.3.self_attn.out_proj
encoder.layers.4.self_attn.k_proj
encoder.layers.4.self_attn.v_proj
encoder.layers.4.self_attn.q_proj
encoder.layers.4.self_attn.out_proj
encoder.layers.5.self_attn.k_proj
encoder.layers.5.self_attn.v_proj
encoder.layers.5.self_attn.q_proj
encoder.layers.5.self_attn.out_proj
encoder.layers.6.self_attn.k_proj
encoder.layers.6.self_attn.v_proj
encoder.layers.6.self_attn.q_proj
encoder.layers.6.self_attn.out_proj
encoder.layers.7.self_attn.k_proj
encoder.layers.7.self_attn.v_proj
encoder.layers.7.self_attn.q_proj
encoder.layers.7.self_attn.out_proj
encoder.layers.8.self_attn.k_proj
encoder.layers.8.self_attn.v_proj
encoder.layers.8.self_attn.q_proj
encoder.layers.8.self_attn.out_proj
encoder.layers.9.self_attn.k_proj
encoder.layers.9.self_attn.v_proj
encoder.layers.9.self_attn.q_proj
encoder.layers.9.self_attn.out_proj
encoder.layers.10.self_attn.k_proj
encoder.layers.10.self_attn.v_proj
encoder.layers.10.self_attn.q_proj
encoder.layers.10.self_attn.out_proj
encoder.layers.11.self_attn.k_proj
encoder.layers.11.self_attn.v_proj
encoder.layers.11.self_attn.q_proj
encoder.layers.11.self_attn.out_proj
encoder.layers.12.self_attn.k_proj
encoder.layers.12.self_attn.v_proj
encoder.layers.12.self_attn.q_proj
encoder.layers.12.self_attn.out_proj
encoder.layers.13.self_attn.k_proj
encoder.layers.13.self_attn.v_proj
encoder.layers.13.self_attn.q_proj
encoder.layers.13.self_attn.out_proj
encoder.layers.14.self_attn.k_proj
encoder.layers.14.self_attn.v_proj
encoder.layers.14.self_attn.q_proj
encoder.layers.14.self_attn.out_proj
encoder.layers.15.self_attn.k_proj
encoder.layers.15.self_attn.v_proj
encoder.layers.15.self_attn.q_proj
encoder.layers.15.self_attn.out_proj
encoder.layers.16.self_attn.k_proj
encoder.layers.16.self_attn.v_proj
encoder.layers.16.self_attn.q_proj
encoder.layers.16.self_attn.out_proj
encoder.layers.17.self_attn.k_proj
encoder.layers.17.self_attn.v_proj
encoder.layers.17.self_attn.q_proj
encoder.layers.17.self_attn.out_proj
encoder.layers.18.self_attn.k_proj
encoder.layers.18.self_attn.v_proj
encoder.layers.18.self_attn.q_proj
encoder.layers.18.self_attn.out_proj
encoder.layers.19.self_attn.k_proj
encoder.layers.19.self_attn.v_proj
encoder.layers.19.self_attn.q_proj
encoder.layers.19.self_attn.out_proj
encoder.layers.20.self_attn.k_proj
encoder.layers.20.self_attn.v_proj
encoder.layers.20.self_attn.q_proj
encoder.layers.20.self_attn.out_proj
encoder.layers.21.self_attn.k_proj
encoder.layers.21.self_attn.v_proj
encoder.layers.21.self_attn.q_proj
encoder.layers.21.self_attn.out_proj
encoder.layers.22.self_attn.k_proj
encoder.layers.22.self_attn.v_proj
encoder.layers.22.self_attn.q_proj
encoder.layers.22.self_attn.out_proj
encoder.layers.23.self_attn.k_proj
encoder.layers.23.self_attn.v_proj
encoder.layers.23.self_attn.q_proj
encoder.layers.23.self_attn.out_proj
⚠️ Non-linear modules skipped: 24
('encoder.layers.0.self_attn', 'CLIPAttention')
('encoder.layers.1.self_attn', 'CLIPAttention')
('encoder.layers.2.self_attn', 'CLIPAttention')
('encoder.layers.3.self_attn', 'CLIPAttention')
('encoder.layers.4.self_attn', 'CLIPAttention')
('encoder.layers.5.self_attn', 'CLIPAttention')
('encoder.layers.6.self_attn', 'CLIPAttention')
('encoder.layers.7.self_attn', 'CLIPAttention')
('encoder.layers.8.self_attn', 'CLIPAttention')
('encoder.layers.9.self_attn', 'CLIPAttention')
('encoder.layers.10.self_attn', 'CLIPAttention')
('encoder.layers.11.self_attn', 'CLIPAttention')
('encoder.layers.12.self_attn', 'CLIPAttention')
('encoder.layers.13.self_attn', 'CLIPAttention')
('encoder.layers.14.self_attn', 'CLIPAttention')
('encoder.layers.15.self_attn', 'CLIPAttention')
('encoder.layers.16.self_attn', 'CLIPAttention')
('encoder.layers.17.self_attn', 'CLIPAttention')
('encoder.layers.18.self_attn', 'CLIPAttention')
('encoder.layers.19.self_attn', 'CLIPAttention')
('encoder.layers.20.self_attn', 'CLIPAttention')
('encoder.layers.21.self_attn', 'CLIPAttention')
('encoder.layers.22.self_attn', 'CLIPAttention')
('encoder.layers.23.self_attn', 'CLIPAttention')

🔧 Applying Block-LoRA to CLIP...

⚙️ Setting up optimizer...
✅ Setup complete!
   Block-LoRA params: 3,145,728
   Decoder params: 0

======================================================================
🎯 STARTING TRAINING
======================================================================


======================================================================
Epoch 1/20
======================================================================

📊 Epoch 1 Summary:
  Train Loss: 0.8807
  Val Loss: 0.8472
  Val mIoU: 0.2343
💾 Best model saved! (mIoU: 0.2343)

======================================================================
Epoch 2/20
======================================================================

📊 Epoch 2 Summary:
  Train Loss: 0.8277
  Val Loss: 0.7853
  Val mIoU: 0.2413
💾 Best model saved! (mIoU: 0.2413)

======================================================================
Epoch 3/20
======================================================================

📊 Epoch 3 Summary:
  Train Loss: 0.7647
  Val Loss: 0.7362
  Val mIoU: 0.2507
💾 Best model saved! (mIoU: 0.2507)

======================================================================
Epoch 4/20
======================================================================

📊 Epoch 4 Summary:
  Train Loss: 0.7204
  Val Loss: 0.6969
  Val mIoU: 0.2598
💾 Best model saved! (mIoU: 0.2598)

======================================================================
Epoch 5/20
======================================================================

📊 Epoch 5 Summary:
  Train Loss: 0.6814
  Val Loss: 0.6621
  Val mIoU: 0.2690
💾 Best model saved! (mIoU: 0.2690)

======================================================================
Epoch 6/20
======================================================================

📊 Epoch 6 Summary:
  Train Loss: 0.6419
  Val Loss: 0.6379
  Val mIoU: 0.2765
💾 Best model saved! (mIoU: 0.2765)

======================================================================
Epoch 7/20
======================================================================

📊 Epoch 7 Summary:
  Train Loss: 0.6202
  Val Loss: 0.6174
  Val mIoU: 0.2819
💾 Best model saved! (mIoU: 0.2819)

======================================================================
Epoch 8/20
======================================================================

📊 Epoch 8 Summary:
  Train Loss: 0.5963
  Val Loss: 0.6020
  Val mIoU: 0.2859
💾 Best model saved! (mIoU: 0.2859)

======================================================================
Epoch 9/20
======================================================================

📊 Epoch 9 Summary:
  Train Loss: 0.5802
  Val Loss: 0.5923
  Val mIoU: 0.2880
💾 Best model saved! (mIoU: 0.2880)

======================================================================
Epoch 10/20
======================================================================

📊 Epoch 10 Summary:
  Train Loss: 0.5645
  Val Loss: 0.5789
  Val mIoU: 0.2919
💾 Best model saved! (mIoU: 0.2919)

======================================================================
Epoch 11/20
======================================================================

📊 Epoch 11 Summary:
  Train Loss: 0.5507
  Val Loss: 0.5705
  Val mIoU: 0.2940
💾 Best model saved! (mIoU: 0.2940)

======================================================================
Epoch 12/20
======================================================================

📊 Epoch 12 Summary:
  Train Loss: 0.5367
  Val Loss: 0.5662
  Val mIoU: 0.2955
💾 Best model saved! (mIoU: 0.2955)

======================================================================
Epoch 13/20
======================================================================

📊 Epoch 13 Summary:
  Train Loss: 0.5308
  Val Loss: 0.5630
  Val mIoU: 0.2961
💾 Best model saved! (mIoU: 0.2961)

======================================================================
Epoch 14/20
======================================================================

📊 Epoch 14 Summary:
  Train Loss: 0.5251
  Val Loss: 0.5589
  Val mIoU: 0.2972
💾 Best model saved! (mIoU: 0.2972)

======================================================================
Epoch 15/20
======================================================================

📊 Epoch 15 Summary:
  Train Loss: 0.5238
  Val Loss: 0.5565
  Val mIoU: 0.2979
💾 Best model saved! (mIoU: 0.2979)

======================================================================
Epoch 16/20
======================================================================

📊 Epoch 16 Summary:
  Train Loss: 0.5152
  Val Loss: 0.5547
  Val mIoU: 0.2983
💾 Best model saved! (mIoU: 0.2983)

======================================================================
Epoch 17/20
======================================================================

📊 Epoch 17 Summary:
  Train Loss: 0.5155
  Val Loss: 0.5539
  Val mIoU: 0.2987
💾 Best model saved! (mIoU: 0.2987)

======================================================================
Epoch 18/20
======================================================================

📊 Epoch 18 Summary:
  Train Loss: 0.5168
  Val Loss: 0.5534
  Val mIoU: 0.2987
💾 Best model saved! (mIoU: 0.2987)

======================================================================
Epoch 19/20
======================================================================

📊 Epoch 19 Summary:
  Train Loss: 0.5141
  Val Loss: 0.5531
  Val mIoU: 0.2989
💾 Best model saved! (mIoU: 0.2989)

======================================================================
Epoch 20/20
======================================================================

📊 Epoch 20 Summary:
  Train Loss: 0.5099
  Val Loss: 0.5528
  Val mIoU: 0.2990
💾 Best model saved! (mIoU: 0.2990)

======================================================================
✅ TRAINING COMPLETE!
======================================================================
Best mIoU: 0.2990
======================================================================
