======================================================================
🚀 BLOCK-LORA TRAINING (ACDC-night)
======================================================================
Start: 2025-11-21 23:31:17
Device: cuda
Block-LoRA: r=16, n=2
======================================================================

 Creating base model...

📂 Loading baseline decoder...
✅ Baseline decoder loaded!
✅ Linear-like modules found: 96
encoder.layers.0.self_attn.k_proj
encoder.layers.0.self_attn.v_proj
encoder.layers.0.self_attn.q_proj
encoder.layers.0.self_attn.out_proj
encoder.layers.1.self_attn.k_proj
encoder.layers.1.self_attn.v_proj
encoder.layers.1.self_attn.q_proj
encoder.layers.1.self_attn.out_proj
encoder.layers.2.self_attn.k_proj
encoder.layers.2.self_attn.v_proj
encoder.layers.2.self_attn.q_proj
encoder.layers.2.self_attn.out_proj
encoder.layers.3.self_attn.k_proj
encoder.layers.3.self_attn.v_proj
encoder.layers.3.self_attn.q_proj
encoder.layers.3.self_attn.out_proj
encoder.layers.4.self_attn.k_proj
encoder.layers.4.self_attn.v_proj
encoder.layers.4.self_attn.q_proj
encoder.layers.4.self_attn.out_proj
encoder.layers.5.self_attn.k_proj
encoder.layers.5.self_attn.v_proj
encoder.layers.5.self_attn.q_proj
encoder.layers.5.self_attn.out_proj
encoder.layers.6.self_attn.k_proj
encoder.layers.6.self_attn.v_proj
encoder.layers.6.self_attn.q_proj
encoder.layers.6.self_attn.out_proj
encoder.layers.7.self_attn.k_proj
encoder.layers.7.self_attn.v_proj
encoder.layers.7.self_attn.q_proj
encoder.layers.7.self_attn.out_proj
encoder.layers.8.self_attn.k_proj
encoder.layers.8.self_attn.v_proj
encoder.layers.8.self_attn.q_proj
encoder.layers.8.self_attn.out_proj
encoder.layers.9.self_attn.k_proj
encoder.layers.9.self_attn.v_proj
encoder.layers.9.self_attn.q_proj
encoder.layers.9.self_attn.out_proj
encoder.layers.10.self_attn.k_proj
encoder.layers.10.self_attn.v_proj
encoder.layers.10.self_attn.q_proj
encoder.layers.10.self_attn.out_proj
encoder.layers.11.self_attn.k_proj
encoder.layers.11.self_attn.v_proj
encoder.layers.11.self_attn.q_proj
encoder.layers.11.self_attn.out_proj
encoder.layers.12.self_attn.k_proj
encoder.layers.12.self_attn.v_proj
encoder.layers.12.self_attn.q_proj
encoder.layers.12.self_attn.out_proj
encoder.layers.13.self_attn.k_proj
encoder.layers.13.self_attn.v_proj
encoder.layers.13.self_attn.q_proj
encoder.layers.13.self_attn.out_proj
encoder.layers.14.self_attn.k_proj
encoder.layers.14.self_attn.v_proj
encoder.layers.14.self_attn.q_proj
encoder.layers.14.self_attn.out_proj
encoder.layers.15.self_attn.k_proj
encoder.layers.15.self_attn.v_proj
encoder.layers.15.self_attn.q_proj
encoder.layers.15.self_attn.out_proj
encoder.layers.16.self_attn.k_proj
encoder.layers.16.self_attn.v_proj
encoder.layers.16.self_attn.q_proj
encoder.layers.16.self_attn.out_proj
encoder.layers.17.self_attn.k_proj
encoder.layers.17.self_attn.v_proj
encoder.layers.17.self_attn.q_proj
encoder.layers.17.self_attn.out_proj
encoder.layers.18.self_attn.k_proj
encoder.layers.18.self_attn.v_proj
encoder.layers.18.self_attn.q_proj
encoder.layers.18.self_attn.out_proj
encoder.layers.19.self_attn.k_proj
encoder.layers.19.self_attn.v_proj
encoder.layers.19.self_attn.q_proj
encoder.layers.19.self_attn.out_proj
encoder.layers.20.self_attn.k_proj
encoder.layers.20.self_attn.v_proj
encoder.layers.20.self_attn.q_proj
encoder.layers.20.self_attn.out_proj
encoder.layers.21.self_attn.k_proj
encoder.layers.21.self_attn.v_proj
encoder.layers.21.self_attn.q_proj
encoder.layers.21.self_attn.out_proj
encoder.layers.22.self_attn.k_proj
encoder.layers.22.self_attn.v_proj
encoder.layers.22.self_attn.q_proj
encoder.layers.22.self_attn.out_proj
encoder.layers.23.self_attn.k_proj
encoder.layers.23.self_attn.v_proj
encoder.layers.23.self_attn.q_proj
encoder.layers.23.self_attn.out_proj
⚠️ Non-linear modules skipped: 24
('encoder.layers.0.self_attn', 'CLIPAttention')
('encoder.layers.1.self_attn', 'CLIPAttention')
('encoder.layers.2.self_attn', 'CLIPAttention')
('encoder.layers.3.self_attn', 'CLIPAttention')
('encoder.layers.4.self_attn', 'CLIPAttention')
('encoder.layers.5.self_attn', 'CLIPAttention')
('encoder.layers.6.self_attn', 'CLIPAttention')
('encoder.layers.7.self_attn', 'CLIPAttention')
('encoder.layers.8.self_attn', 'CLIPAttention')
('encoder.layers.9.self_attn', 'CLIPAttention')
('encoder.layers.10.self_attn', 'CLIPAttention')
('encoder.layers.11.self_attn', 'CLIPAttention')
('encoder.layers.12.self_attn', 'CLIPAttention')
('encoder.layers.13.self_attn', 'CLIPAttention')
('encoder.layers.14.self_attn', 'CLIPAttention')
('encoder.layers.15.self_attn', 'CLIPAttention')
('encoder.layers.16.self_attn', 'CLIPAttention')
('encoder.layers.17.self_attn', 'CLIPAttention')
('encoder.layers.18.self_attn', 'CLIPAttention')
('encoder.layers.19.self_attn', 'CLIPAttention')
('encoder.layers.20.self_attn', 'CLIPAttention')
('encoder.layers.21.self_attn', 'CLIPAttention')
('encoder.layers.22.self_attn', 'CLIPAttention')
('encoder.layers.23.self_attn', 'CLIPAttention')

🔧 Applying Block-LoRA to CLIP...

⚙️ Setting up optimizer...
✅ Setup complete!
   Block-LoRA params: 3,145,728
   Decoder params: 0

======================================================================
🎯 STARTING TRAINING
======================================================================


======================================================================
Epoch 1/20
======================================================================

📊 Epoch 1 Summary:
  Train Loss: 0.3215
  Val Loss: 0.6103
  Val mIoU: 0.3471
💾 Best model saved! (mIoU: 0.3471)

======================================================================
Epoch 2/20
======================================================================

📊 Epoch 2 Summary:
  Train Loss: 0.3108
  Val Loss: 0.6106
  Val mIoU: 0.3484
💾 Best model saved! (mIoU: 0.3484)

======================================================================
Epoch 3/20
======================================================================

📊 Epoch 3 Summary:
  Train Loss: 0.3033
  Val Loss: 0.6096
  Val mIoU: 0.3512
💾 Best model saved! (mIoU: 0.3512)

======================================================================
Epoch 4/20
======================================================================

📊 Epoch 4 Summary:
  Train Loss: 0.2949
  Val Loss: 0.6113
  Val mIoU: 0.3534
💾 Best model saved! (mIoU: 0.3534)

======================================================================
Epoch 5/20
======================================================================

📊 Epoch 5 Summary:
  Train Loss: 0.2863
  Val Loss: 0.6121
  Val mIoU: 0.3541
💾 Best model saved! (mIoU: 0.3541)

======================================================================
Epoch 6/20
======================================================================

📊 Epoch 6 Summary:
  Train Loss: 0.2801
  Val Loss: 0.6116
  Val mIoU: 0.3545
💾 Best model saved! (mIoU: 0.3545)

======================================================================
Epoch 7/20
======================================================================

📊 Epoch 7 Summary:
  Train Loss: 0.2720
  Val Loss: 0.6119
  Val mIoU: 0.3568
💾 Best model saved! (mIoU: 0.3568)

======================================================================
Epoch 8/20
======================================================================

📊 Epoch 8 Summary:
  Train Loss: 0.2667
  Val Loss: 0.6149
  Val mIoU: 0.3571
💾 Best model saved! (mIoU: 0.3571)

======================================================================
Epoch 9/20
======================================================================

📊 Epoch 9 Summary:
  Train Loss: 0.2628
  Val Loss: 0.6152
  Val mIoU: 0.3573
💾 Best model saved! (mIoU: 0.3573)

======================================================================
Epoch 10/20
======================================================================

📊 Epoch 10 Summary:
  Train Loss: 0.2565
  Val Loss: 0.6254
  Val mIoU: 0.3566

======================================================================
Epoch 11/20
======================================================================

📊 Epoch 11 Summary:
  Train Loss: 0.2533
  Val Loss: 0.6186
  Val mIoU: 0.3601
💾 Best model saved! (mIoU: 0.3601)

======================================================================
Epoch 12/20
======================================================================

📊 Epoch 12 Summary:
  Train Loss: 0.2491
  Val Loss: 0.6211
  Val mIoU: 0.3602
💾 Best model saved! (mIoU: 0.3602)

======================================================================
Epoch 13/20
======================================================================

📊 Epoch 13 Summary:
  Train Loss: 0.2457
  Val Loss: 0.6247
  Val mIoU: 0.3602
💾 Best model saved! (mIoU: 0.3602)

======================================================================
Epoch 14/20
======================================================================

📊 Epoch 14 Summary:
  Train Loss: 0.2440
  Val Loss: 0.6251
  Val mIoU: 0.3604
💾 Best model saved! (mIoU: 0.3604)

======================================================================
Epoch 15/20
======================================================================

📊 Epoch 15 Summary:
  Train Loss: 0.2406
  Val Loss: 0.6284
  Val mIoU: 0.3597

======================================================================
Epoch 16/20
======================================================================

📊 Epoch 16 Summary:
  Train Loss: 0.2392
  Val Loss: 0.6255
  Val mIoU: 0.3606
💾 Best model saved! (mIoU: 0.3606)

======================================================================
Epoch 17/20
======================================================================

📊 Epoch 17 Summary:
  Train Loss: 0.2382
  Val Loss: 0.6256
  Val mIoU: 0.3605

======================================================================
Epoch 18/20
======================================================================

📊 Epoch 18 Summary:
  Train Loss: 0.2372
  Val Loss: 0.6262
  Val mIoU: 0.3604

======================================================================
Epoch 19/20
======================================================================

📊 Epoch 19 Summary:
  Train Loss: 0.2370
  Val Loss: 0.6266
  Val mIoU: 0.3606
💾 Best model saved! (mIoU: 0.3606)

======================================================================
Epoch 20/20
======================================================================

📊 Epoch 20 Summary:
  Train Loss: 0.2361
  Val Loss: 0.6264
  Val mIoU: 0.3607
💾 Best model saved! (mIoU: 0.3607)

======================================================================
✅ TRAINING COMPLETE!
======================================================================
Best mIoU: 0.3607
======================================================================
======================================================================
🚀 BLOCK-LORA TRAINING (ACDC-night)
======================================================================
Start: 2025-11-24 12:45:55
Device: cuda
Block-LoRA: r=16, n=2
======================================================================

 Creating base model...

📂 Loading baseline decoder...
✅ Baseline decoder loaded!
✅ Linear-like modules found: 96
encoder.layers.0.self_attn.k_proj
encoder.layers.0.self_attn.v_proj
encoder.layers.0.self_attn.q_proj
encoder.layers.0.self_attn.out_proj
encoder.layers.1.self_attn.k_proj
encoder.layers.1.self_attn.v_proj
encoder.layers.1.self_attn.q_proj
encoder.layers.1.self_attn.out_proj
encoder.layers.2.self_attn.k_proj
encoder.layers.2.self_attn.v_proj
encoder.layers.2.self_attn.q_proj
encoder.layers.2.self_attn.out_proj
encoder.layers.3.self_attn.k_proj
encoder.layers.3.self_attn.v_proj
encoder.layers.3.self_attn.q_proj
encoder.layers.3.self_attn.out_proj
encoder.layers.4.self_attn.k_proj
encoder.layers.4.self_attn.v_proj
encoder.layers.4.self_attn.q_proj
encoder.layers.4.self_attn.out_proj
encoder.layers.5.self_attn.k_proj
encoder.layers.5.self_attn.v_proj
encoder.layers.5.self_attn.q_proj
encoder.layers.5.self_attn.out_proj
encoder.layers.6.self_attn.k_proj
encoder.layers.6.self_attn.v_proj
encoder.layers.6.self_attn.q_proj
encoder.layers.6.self_attn.out_proj
encoder.layers.7.self_attn.k_proj
encoder.layers.7.self_attn.v_proj
encoder.layers.7.self_attn.q_proj
encoder.layers.7.self_attn.out_proj
encoder.layers.8.self_attn.k_proj
encoder.layers.8.self_attn.v_proj
encoder.layers.8.self_attn.q_proj
encoder.layers.8.self_attn.out_proj
encoder.layers.9.self_attn.k_proj
encoder.layers.9.self_attn.v_proj
encoder.layers.9.self_attn.q_proj
encoder.layers.9.self_attn.out_proj
encoder.layers.10.self_attn.k_proj
encoder.layers.10.self_attn.v_proj
encoder.layers.10.self_attn.q_proj
encoder.layers.10.self_attn.out_proj
encoder.layers.11.self_attn.k_proj
encoder.layers.11.self_attn.v_proj
encoder.layers.11.self_attn.q_proj
encoder.layers.11.self_attn.out_proj
encoder.layers.12.self_attn.k_proj
encoder.layers.12.self_attn.v_proj
encoder.layers.12.self_attn.q_proj
encoder.layers.12.self_attn.out_proj
encoder.layers.13.self_attn.k_proj
encoder.layers.13.self_attn.v_proj
encoder.layers.13.self_attn.q_proj
encoder.layers.13.self_attn.out_proj
encoder.layers.14.self_attn.k_proj
encoder.layers.14.self_attn.v_proj
encoder.layers.14.self_attn.q_proj
encoder.layers.14.self_attn.out_proj
encoder.layers.15.self_attn.k_proj
encoder.layers.15.self_attn.v_proj
encoder.layers.15.self_attn.q_proj
encoder.layers.15.self_attn.out_proj
encoder.layers.16.self_attn.k_proj
encoder.layers.16.self_attn.v_proj
encoder.layers.16.self_attn.q_proj
encoder.layers.16.self_attn.out_proj
encoder.layers.17.self_attn.k_proj
encoder.layers.17.self_attn.v_proj
encoder.layers.17.self_attn.q_proj
encoder.layers.17.self_attn.out_proj
encoder.layers.18.self_attn.k_proj
encoder.layers.18.self_attn.v_proj
encoder.layers.18.self_attn.q_proj
encoder.layers.18.self_attn.out_proj
encoder.layers.19.self_attn.k_proj
encoder.layers.19.self_attn.v_proj
encoder.layers.19.self_attn.q_proj
encoder.layers.19.self_attn.out_proj
encoder.layers.20.self_attn.k_proj
encoder.layers.20.self_attn.v_proj
encoder.layers.20.self_attn.q_proj
encoder.layers.20.self_attn.out_proj
encoder.layers.21.self_attn.k_proj
encoder.layers.21.self_attn.v_proj
encoder.layers.21.self_attn.q_proj
encoder.layers.21.self_attn.out_proj
encoder.layers.22.self_attn.k_proj
encoder.layers.22.self_attn.v_proj
encoder.layers.22.self_attn.q_proj
encoder.layers.22.self_attn.out_proj
encoder.layers.23.self_attn.k_proj
encoder.layers.23.self_attn.v_proj
encoder.layers.23.self_attn.q_proj
encoder.layers.23.self_attn.out_proj
⚠️ Non-linear modules skipped: 24
('encoder.layers.0.self_attn', 'CLIPAttention')
('encoder.layers.1.self_attn', 'CLIPAttention')
('encoder.layers.2.self_attn', 'CLIPAttention')
('encoder.layers.3.self_attn', 'CLIPAttention')
('encoder.layers.4.self_attn', 'CLIPAttention')
('encoder.layers.5.self_attn', 'CLIPAttention')
('encoder.layers.6.self_attn', 'CLIPAttention')
('encoder.layers.7.self_attn', 'CLIPAttention')
('encoder.layers.8.self_attn', 'CLIPAttention')
('encoder.layers.9.self_attn', 'CLIPAttention')
('encoder.layers.10.self_attn', 'CLIPAttention')
('encoder.layers.11.self_attn', 'CLIPAttention')
('encoder.layers.12.self_attn', 'CLIPAttention')
('encoder.layers.13.self_attn', 'CLIPAttention')
('encoder.layers.14.self_attn', 'CLIPAttention')
('encoder.layers.15.self_attn', 'CLIPAttention')
('encoder.layers.16.self_attn', 'CLIPAttention')
('encoder.layers.17.self_attn', 'CLIPAttention')
('encoder.layers.18.self_attn', 'CLIPAttention')
('encoder.layers.19.self_attn', 'CLIPAttention')
('encoder.layers.20.self_attn', 'CLIPAttention')
('encoder.layers.21.self_attn', 'CLIPAttention')
('encoder.layers.22.self_attn', 'CLIPAttention')
('encoder.layers.23.self_attn', 'CLIPAttention')

🔧 Applying Block-LoRA to CLIP...

⚙️ Setting up optimizer...
✅ Setup complete!
   Block-LoRA params: 3,145,728
   Decoder params: 0

======================================================================
🎯 STARTING TRAINING
======================================================================


======================================================================
Epoch 1/20
======================================================================

📊 Epoch 1 Summary:
  Train Loss: 0.6747
  Val Loss: 0.7932
  Val mIoU: 0.2776
💾 Best model saved! (mIoU: 0.2776)

======================================================================
Epoch 2/20
======================================================================

📊 Epoch 2 Summary:
  Train Loss: 0.6424
  Val Loss: 0.7589
  Val mIoU: 0.2859
💾 Best model saved! (mIoU: 0.2859)

======================================================================
Epoch 3/20
======================================================================

📊 Epoch 3 Summary:
  Train Loss: 0.6125
  Val Loss: 0.7294
  Val mIoU: 0.2927
💾 Best model saved! (mIoU: 0.2927)

======================================================================
Epoch 4/20
======================================================================

📊 Epoch 4 Summary:
  Train Loss: 0.5812
  Val Loss: 0.6930
  Val mIoU: 0.2992
💾 Best model saved! (mIoU: 0.2992)

======================================================================
Epoch 5/20
======================================================================

📊 Epoch 5 Summary:
  Train Loss: 0.5481
  Val Loss: 0.6605
  Val mIoU: 0.3047
💾 Best model saved! (mIoU: 0.3047)

======================================================================
Epoch 6/20
======================================================================

📊 Epoch 6 Summary:
  Train Loss: 0.5241
  Val Loss: 0.6368
  Val mIoU: 0.3098
💾 Best model saved! (mIoU: 0.3098)

======================================================================
Epoch 7/20
======================================================================

📊 Epoch 7 Summary:
  Train Loss: 0.5028
  Val Loss: 0.6213
  Val mIoU: 0.3115
💾 Best model saved! (mIoU: 0.3115)

======================================================================
Epoch 8/20
======================================================================

📊 Epoch 8 Summary:
  Train Loss: 0.4879
  Val Loss: 0.6089
  Val mIoU: 0.3142
💾 Best model saved! (mIoU: 0.3142)

======================================================================
Epoch 9/20
======================================================================

📊 Epoch 9 Summary:
  Train Loss: 0.4786
  Val Loss: 0.6011
  Val mIoU: 0.3165
💾 Best model saved! (mIoU: 0.3165)

======================================================================
Epoch 10/20
======================================================================

📊 Epoch 10 Summary:
  Train Loss: 0.4698
  Val Loss: 0.5948
  Val mIoU: 0.3176
💾 Best model saved! (mIoU: 0.3176)

======================================================================
Epoch 11/20
======================================================================

📊 Epoch 11 Summary:
  Train Loss: 0.4600
  Val Loss: 0.5897
  Val mIoU: 0.3191
💾 Best model saved! (mIoU: 0.3191)

======================================================================
Epoch 12/20
======================================================================

📊 Epoch 12 Summary:
  Train Loss: 0.4562
  Val Loss: 0.5847
  Val mIoU: 0.3202
💾 Best model saved! (mIoU: 0.3202)

======================================================================
Epoch 13/20
======================================================================

📊 Epoch 13 Summary:
  Train Loss: 0.4498
  Val Loss: 0.5828
  Val mIoU: 0.3205
💾 Best model saved! (mIoU: 0.3205)

======================================================================
Epoch 14/20
======================================================================

📊 Epoch 14 Summary:
  Train Loss: 0.4459
  Val Loss: 0.5807
  Val mIoU: 0.3211
💾 Best model saved! (mIoU: 0.3211)

======================================================================
Epoch 15/20
======================================================================

📊 Epoch 15 Summary:
  Train Loss: 0.4411
  Val Loss: 0.5794
  Val mIoU: 0.3213
💾 Best model saved! (mIoU: 0.3213)

======================================================================
Epoch 16/20
======================================================================

📊 Epoch 16 Summary:
  Train Loss: 0.4386
  Val Loss: 0.5782
  Val mIoU: 0.3217
💾 Best model saved! (mIoU: 0.3217)

======================================================================
Epoch 17/20
======================================================================

📊 Epoch 17 Summary:
  Train Loss: 0.4362
  Val Loss: 0.5775
  Val mIoU: 0.3220
💾 Best model saved! (mIoU: 0.3220)

======================================================================
Epoch 18/20
======================================================================

📊 Epoch 18 Summary:
  Train Loss: 0.4354
  Val Loss: 0.5773
  Val mIoU: 0.3221
💾 Best model saved! (mIoU: 0.3221)

======================================================================
Epoch 19/20
======================================================================

📊 Epoch 19 Summary:
  Train Loss: 0.4363
  Val Loss: 0.5771
  Val mIoU: 0.3221

======================================================================
Epoch 20/20
======================================================================

📊 Epoch 20 Summary:
  Train Loss: 0.4342
  Val Loss: 0.5771
  Val mIoU: 0.3221

======================================================================
✅ TRAINING COMPLETE!
======================================================================
Best mIoU: 0.3221
======================================================================
======================================================================
🚀 BLOCK-LORA TRAINING (ACDC-night)
======================================================================
Start: 2025-11-24 13:23:17
Device: cuda
Block-LoRA: r=16, n=2
======================================================================

 Creating base model...

📂 Loading baseline decoder...
✅ Baseline decoder loaded!
✅ Linear-like modules found: 96
encoder.layers.0.self_attn.k_proj
encoder.layers.0.self_attn.v_proj
encoder.layers.0.self_attn.q_proj
encoder.layers.0.self_attn.out_proj
encoder.layers.1.self_attn.k_proj
encoder.layers.1.self_attn.v_proj
encoder.layers.1.self_attn.q_proj
encoder.layers.1.self_attn.out_proj
encoder.layers.2.self_attn.k_proj
encoder.layers.2.self_attn.v_proj
encoder.layers.2.self_attn.q_proj
encoder.layers.2.self_attn.out_proj
encoder.layers.3.self_attn.k_proj
encoder.layers.3.self_attn.v_proj
encoder.layers.3.self_attn.q_proj
encoder.layers.3.self_attn.out_proj
encoder.layers.4.self_attn.k_proj
encoder.layers.4.self_attn.v_proj
encoder.layers.4.self_attn.q_proj
encoder.layers.4.self_attn.out_proj
encoder.layers.5.self_attn.k_proj
encoder.layers.5.self_attn.v_proj
encoder.layers.5.self_attn.q_proj
encoder.layers.5.self_attn.out_proj
encoder.layers.6.self_attn.k_proj
encoder.layers.6.self_attn.v_proj
encoder.layers.6.self_attn.q_proj
encoder.layers.6.self_attn.out_proj
encoder.layers.7.self_attn.k_proj
encoder.layers.7.self_attn.v_proj
encoder.layers.7.self_attn.q_proj
encoder.layers.7.self_attn.out_proj
encoder.layers.8.self_attn.k_proj
encoder.layers.8.self_attn.v_proj
encoder.layers.8.self_attn.q_proj
encoder.layers.8.self_attn.out_proj
encoder.layers.9.self_attn.k_proj
encoder.layers.9.self_attn.v_proj
encoder.layers.9.self_attn.q_proj
encoder.layers.9.self_attn.out_proj
encoder.layers.10.self_attn.k_proj
encoder.layers.10.self_attn.v_proj
encoder.layers.10.self_attn.q_proj
encoder.layers.10.self_attn.out_proj
encoder.layers.11.self_attn.k_proj
encoder.layers.11.self_attn.v_proj
encoder.layers.11.self_attn.q_proj
encoder.layers.11.self_attn.out_proj
encoder.layers.12.self_attn.k_proj
encoder.layers.12.self_attn.v_proj
encoder.layers.12.self_attn.q_proj
encoder.layers.12.self_attn.out_proj
encoder.layers.13.self_attn.k_proj
encoder.layers.13.self_attn.v_proj
encoder.layers.13.self_attn.q_proj
encoder.layers.13.self_attn.out_proj
encoder.layers.14.self_attn.k_proj
encoder.layers.14.self_attn.v_proj
encoder.layers.14.self_attn.q_proj
encoder.layers.14.self_attn.out_proj
encoder.layers.15.self_attn.k_proj
encoder.layers.15.self_attn.v_proj
encoder.layers.15.self_attn.q_proj
encoder.layers.15.self_attn.out_proj
encoder.layers.16.self_attn.k_proj
encoder.layers.16.self_attn.v_proj
encoder.layers.16.self_attn.q_proj
encoder.layers.16.self_attn.out_proj
encoder.layers.17.self_attn.k_proj
encoder.layers.17.self_attn.v_proj
encoder.layers.17.self_attn.q_proj
encoder.layers.17.self_attn.out_proj
encoder.layers.18.self_attn.k_proj
encoder.layers.18.self_attn.v_proj
encoder.layers.18.self_attn.q_proj
encoder.layers.18.self_attn.out_proj
encoder.layers.19.self_attn.k_proj
encoder.layers.19.self_attn.v_proj
encoder.layers.19.self_attn.q_proj
encoder.layers.19.self_attn.out_proj
encoder.layers.20.self_attn.k_proj
encoder.layers.20.self_attn.v_proj
encoder.layers.20.self_attn.q_proj
encoder.layers.20.self_attn.out_proj
encoder.layers.21.self_attn.k_proj
encoder.layers.21.self_attn.v_proj
encoder.layers.21.self_attn.q_proj
encoder.layers.21.self_attn.out_proj
encoder.layers.22.self_attn.k_proj
encoder.layers.22.self_attn.v_proj
encoder.layers.22.self_attn.q_proj
encoder.layers.22.self_attn.out_proj
encoder.layers.23.self_attn.k_proj
encoder.layers.23.self_attn.v_proj
encoder.layers.23.self_attn.q_proj
encoder.layers.23.self_attn.out_proj
⚠️ Non-linear modules skipped: 24
('encoder.layers.0.self_attn', 'CLIPAttention')
('encoder.layers.1.self_attn', 'CLIPAttention')
('encoder.layers.2.self_attn', 'CLIPAttention')
('encoder.layers.3.self_attn', 'CLIPAttention')
('encoder.layers.4.self_attn', 'CLIPAttention')
('encoder.layers.5.self_attn', 'CLIPAttention')
('encoder.layers.6.self_attn', 'CLIPAttention')
('encoder.layers.7.self_attn', 'CLIPAttention')
('encoder.layers.8.self_attn', 'CLIPAttention')
('encoder.layers.9.self_attn', 'CLIPAttention')
('encoder.layers.10.self_attn', 'CLIPAttention')
('encoder.layers.11.self_attn', 'CLIPAttention')
('encoder.layers.12.self_attn', 'CLIPAttention')
('encoder.layers.13.self_attn', 'CLIPAttention')
('encoder.layers.14.self_attn', 'CLIPAttention')
('encoder.layers.15.self_attn', 'CLIPAttention')
('encoder.layers.16.self_attn', 'CLIPAttention')
('encoder.layers.17.self_attn', 'CLIPAttention')
('encoder.layers.18.self_attn', 'CLIPAttention')
('encoder.layers.19.self_attn', 'CLIPAttention')
('encoder.layers.20.self_attn', 'CLIPAttention')
('encoder.layers.21.self_attn', 'CLIPAttention')
('encoder.layers.22.self_attn', 'CLIPAttention')
('encoder.layers.23.self_attn', 'CLIPAttention')

🔧 Applying Block-LoRA to CLIP...

⚙️ Setting up optimizer...
✅ Setup complete!
   Block-LoRA params: 3,145,728
   Decoder params: 0

======================================================================
🎯 STARTING TRAINING
======================================================================


======================================================================
Epoch 1/30
======================================================================

📊 Epoch 1 Summary:
  Train Loss: 0.6707
  Val Loss: 0.7936
  Val mIoU: 0.2775
💾 Best model saved! (mIoU: 0.2775)

======================================================================
Epoch 2/30
======================================================================

📊 Epoch 2 Summary:
  Train Loss: 0.6425
  Val Loss: 0.7591
  Val mIoU: 0.2852
💾 Best model saved! (mIoU: 0.2852)

======================================================================
Epoch 3/30
======================================================================

📊 Epoch 3 Summary:
  Train Loss: 0.6107
  Val Loss: 0.7275
  Val mIoU: 0.2928
💾 Best model saved! (mIoU: 0.2928)

======================================================================
Epoch 4/30
======================================================================

📊 Epoch 4 Summary:
  Train Loss: 0.5786
  Val Loss: 0.6902
  Val mIoU: 0.2986
💾 Best model saved! (mIoU: 0.2986)

======================================================================
Epoch 5/30
======================================================================

📊 Epoch 5 Summary:
  Train Loss: 0.5455
  Val Loss: 0.6604
  Val mIoU: 0.3036
💾 Best model saved! (mIoU: 0.3036)

======================================================================
Epoch 6/30
======================================================================

📊 Epoch 6 Summary:
  Train Loss: 0.5216
  Val Loss: 0.6355
  Val mIoU: 0.3087
💾 Best model saved! (mIoU: 0.3087)

======================================================================
Epoch 7/30
======================================================================

📊 Epoch 7 Summary:
  Train Loss: 0.5037
  Val Loss: 0.6181
  Val mIoU: 0.3124
💾 Best model saved! (mIoU: 0.3124)

======================================================================
Epoch 8/30
======================================================================

📊 Epoch 8 Summary:
  Train Loss: 0.4889
  Val Loss: 0.6061
  Val mIoU: 0.3139
💾 Best model saved! (mIoU: 0.3139)

======================================================================
Epoch 9/30
======================================================================

📊 Epoch 9 Summary:
  Train Loss: 0.4753
  Val Loss: 0.5975
  Val mIoU: 0.3165
💾 Best model saved! (mIoU: 0.3165)

======================================================================
Epoch 10/30
======================================================================

📊 Epoch 10 Summary:
  Train Loss: 0.4630
  Val Loss: 0.5899
  Val mIoU: 0.3177
💾 Best model saved! (mIoU: 0.3177)

======================================================================
Epoch 11/30
======================================================================

📊 Epoch 11 Summary:
  Train Loss: 0.4564
  Val Loss: 0.5862
  Val mIoU: 0.3192
💾 Best model saved! (mIoU: 0.3192)

======================================================================
Epoch 12/30
======================================================================

📊 Epoch 12 Summary:
  Train Loss: 0.4499
  Val Loss: 0.5799
  Val mIoU: 0.3206
💾 Best model saved! (mIoU: 0.3206)

======================================================================
Epoch 13/30
======================================================================

📊 Epoch 13 Summary:
  Train Loss: 0.4423
  Val Loss: 0.5765
  Val mIoU: 0.3214
💾 Best model saved! (mIoU: 0.3214)

======================================================================
Epoch 14/30
======================================================================

📊 Epoch 14 Summary:
  Train Loss: 0.4357
  Val Loss: 0.5733
  Val mIoU: 0.3220
💾 Best model saved! (mIoU: 0.3220)

======================================================================
Epoch 15/30
======================================================================

📊 Epoch 15 Summary:
  Train Loss: 0.4312
  Val Loss: 0.5708
  Val mIoU: 0.3231
💾 Best model saved! (mIoU: 0.3231)

======================================================================
Epoch 16/30
======================================================================

📊 Epoch 16 Summary:
  Train Loss: 0.4241
  Val Loss: 0.5691
  Val mIoU: 0.3236
💾 Best model saved! (mIoU: 0.3236)

======================================================================
Epoch 17/30
======================================================================

📊 Epoch 17 Summary:
  Train Loss: 0.4185
  Val Loss: 0.5679
  Val mIoU: 0.3240
💾 Best model saved! (mIoU: 0.3240)

======================================================================
Epoch 18/30
======================================================================

📊 Epoch 18 Summary:
  Train Loss: 0.4136
  Val Loss: 0.5664
  Val mIoU: 0.3245
💾 Best model saved! (mIoU: 0.3245)

======================================================================
Epoch 19/30
======================================================================

📊 Epoch 19 Summary:
  Train Loss: 0.4149
  Val Loss: 0.5652
  Val mIoU: 0.3250
💾 Best model saved! (mIoU: 0.3250)

======================================================================
Epoch 20/30
======================================================================

📊 Epoch 20 Summary:
  Train Loss: 0.4115
  Val Loss: 0.5647
  Val mIoU: 0.3253
💾 Best model saved! (mIoU: 0.3253)

======================================================================
Epoch 21/30
======================================================================

📊 Epoch 21 Summary:
  Train Loss: 0.4087
  Val Loss: 0.5637
  Val mIoU: 0.3260
💾 Best model saved! (mIoU: 0.3260)

======================================================================
Epoch 22/30
======================================================================

📊 Epoch 22 Summary:
  Train Loss: 0.4056
  Val Loss: 0.5635
  Val mIoU: 0.3261
💾 Best model saved! (mIoU: 0.3261)

======================================================================
Epoch 23/30
======================================================================

📊 Epoch 23 Summary:
  Train Loss: 0.4042
  Val Loss: 0.5632
  Val mIoU: 0.3263
💾 Best model saved! (mIoU: 0.3263)

======================================================================
Epoch 24/30
======================================================================

📊 Epoch 24 Summary:
  Train Loss: 0.4021
  Val Loss: 0.5627
  Val mIoU: 0.3265
💾 Best model saved! (mIoU: 0.3265)

======================================================================
Epoch 25/30
======================================================================

📊 Epoch 25 Summary:
  Train Loss: 0.4016
  Val Loss: 0.5625
  Val mIoU: 0.3267
💾 Best model saved! (mIoU: 0.3267)

======================================================================
Epoch 26/30
======================================================================

📊 Epoch 26 Summary:
  Train Loss: 0.4029
  Val Loss: 0.5623
  Val mIoU: 0.3268
💾 Best model saved! (mIoU: 0.3268)

======================================================================
Epoch 27/30
======================================================================

📊 Epoch 27 Summary:
  Train Loss: 0.4012
  Val Loss: 0.5623
  Val mIoU: 0.3268
💾 Best model saved! (mIoU: 0.3268)

======================================================================
Epoch 28/30
======================================================================

📊 Epoch 28 Summary:
  Train Loss: 0.3986
  Val Loss: 0.5622
  Val mIoU: 0.3268
💾 Best model saved! (mIoU: 0.3268)

======================================================================
Epoch 29/30
======================================================================

📊 Epoch 29 Summary:
  Train Loss: 0.4016
  Val Loss: 0.5622
  Val mIoU: 0.3268

======================================================================
Epoch 30/30
======================================================================

📊 Epoch 30 Summary:
  Train Loss: 0.4006
  Val Loss: 0.5622
  Val mIoU: 0.3268

======================================================================
✅ TRAINING COMPLETE!
======================================================================
Best mIoU: 0.3268
======================================================================
