======================================================================
🚀 BLOCK-LORA TRAINING (BDD)
======================================================================
Start: 2025-11-21 23:53:23
Device: cuda
Block-LoRA: r=16, n=2
======================================================================

 Creating base model...

📂 Loading baseline decoder...
✅ Baseline decoder loaded!
✅ Linear-like modules found: 96
encoder.layers.0.self_attn.k_proj
encoder.layers.0.self_attn.v_proj
encoder.layers.0.self_attn.q_proj
encoder.layers.0.self_attn.out_proj
encoder.layers.1.self_attn.k_proj
encoder.layers.1.self_attn.v_proj
encoder.layers.1.self_attn.q_proj
encoder.layers.1.self_attn.out_proj
encoder.layers.2.self_attn.k_proj
encoder.layers.2.self_attn.v_proj
encoder.layers.2.self_attn.q_proj
encoder.layers.2.self_attn.out_proj
encoder.layers.3.self_attn.k_proj
encoder.layers.3.self_attn.v_proj
encoder.layers.3.self_attn.q_proj
encoder.layers.3.self_attn.out_proj
encoder.layers.4.self_attn.k_proj
encoder.layers.4.self_attn.v_proj
encoder.layers.4.self_attn.q_proj
encoder.layers.4.self_attn.out_proj
encoder.layers.5.self_attn.k_proj
encoder.layers.5.self_attn.v_proj
encoder.layers.5.self_attn.q_proj
encoder.layers.5.self_attn.out_proj
encoder.layers.6.self_attn.k_proj
encoder.layers.6.self_attn.v_proj
encoder.layers.6.self_attn.q_proj
encoder.layers.6.self_attn.out_proj
encoder.layers.7.self_attn.k_proj
encoder.layers.7.self_attn.v_proj
encoder.layers.7.self_attn.q_proj
encoder.layers.7.self_attn.out_proj
encoder.layers.8.self_attn.k_proj
encoder.layers.8.self_attn.v_proj
encoder.layers.8.self_attn.q_proj
encoder.layers.8.self_attn.out_proj
encoder.layers.9.self_attn.k_proj
encoder.layers.9.self_attn.v_proj
encoder.layers.9.self_attn.q_proj
encoder.layers.9.self_attn.out_proj
encoder.layers.10.self_attn.k_proj
encoder.layers.10.self_attn.v_proj
encoder.layers.10.self_attn.q_proj
encoder.layers.10.self_attn.out_proj
encoder.layers.11.self_attn.k_proj
encoder.layers.11.self_attn.v_proj
encoder.layers.11.self_attn.q_proj
encoder.layers.11.self_attn.out_proj
encoder.layers.12.self_attn.k_proj
encoder.layers.12.self_attn.v_proj
encoder.layers.12.self_attn.q_proj
encoder.layers.12.self_attn.out_proj
encoder.layers.13.self_attn.k_proj
encoder.layers.13.self_attn.v_proj
encoder.layers.13.self_attn.q_proj
encoder.layers.13.self_attn.out_proj
encoder.layers.14.self_attn.k_proj
encoder.layers.14.self_attn.v_proj
encoder.layers.14.self_attn.q_proj
encoder.layers.14.self_attn.out_proj
encoder.layers.15.self_attn.k_proj
encoder.layers.15.self_attn.v_proj
encoder.layers.15.self_attn.q_proj
encoder.layers.15.self_attn.out_proj
encoder.layers.16.self_attn.k_proj
encoder.layers.16.self_attn.v_proj
encoder.layers.16.self_attn.q_proj
encoder.layers.16.self_attn.out_proj
encoder.layers.17.self_attn.k_proj
encoder.layers.17.self_attn.v_proj
encoder.layers.17.self_attn.q_proj
encoder.layers.17.self_attn.out_proj
encoder.layers.18.self_attn.k_proj
encoder.layers.18.self_attn.v_proj
encoder.layers.18.self_attn.q_proj
encoder.layers.18.self_attn.out_proj
encoder.layers.19.self_attn.k_proj
encoder.layers.19.self_attn.v_proj
encoder.layers.19.self_attn.q_proj
encoder.layers.19.self_attn.out_proj
encoder.layers.20.self_attn.k_proj
encoder.layers.20.self_attn.v_proj
encoder.layers.20.self_attn.q_proj
encoder.layers.20.self_attn.out_proj
encoder.layers.21.self_attn.k_proj
encoder.layers.21.self_attn.v_proj
encoder.layers.21.self_attn.q_proj
encoder.layers.21.self_attn.out_proj
encoder.layers.22.self_attn.k_proj
encoder.layers.22.self_attn.v_proj
encoder.layers.22.self_attn.q_proj
encoder.layers.22.self_attn.out_proj
encoder.layers.23.self_attn.k_proj
encoder.layers.23.self_attn.v_proj
encoder.layers.23.self_attn.q_proj
encoder.layers.23.self_attn.out_proj
⚠️ Non-linear modules skipped: 24
('encoder.layers.0.self_attn', 'CLIPAttention')
('encoder.layers.1.self_attn', 'CLIPAttention')
('encoder.layers.2.self_attn', 'CLIPAttention')
('encoder.layers.3.self_attn', 'CLIPAttention')
('encoder.layers.4.self_attn', 'CLIPAttention')
('encoder.layers.5.self_attn', 'CLIPAttention')
('encoder.layers.6.self_attn', 'CLIPAttention')
('encoder.layers.7.self_attn', 'CLIPAttention')
('encoder.layers.8.self_attn', 'CLIPAttention')
('encoder.layers.9.self_attn', 'CLIPAttention')
('encoder.layers.10.self_attn', 'CLIPAttention')
('encoder.layers.11.self_attn', 'CLIPAttention')
('encoder.layers.12.self_attn', 'CLIPAttention')
('encoder.layers.13.self_attn', 'CLIPAttention')
('encoder.layers.14.self_attn', 'CLIPAttention')
('encoder.layers.15.self_attn', 'CLIPAttention')
('encoder.layers.16.self_attn', 'CLIPAttention')
('encoder.layers.17.self_attn', 'CLIPAttention')
('encoder.layers.18.self_attn', 'CLIPAttention')
('encoder.layers.19.self_attn', 'CLIPAttention')
('encoder.layers.20.self_attn', 'CLIPAttention')
('encoder.layers.21.self_attn', 'CLIPAttention')
('encoder.layers.22.self_attn', 'CLIPAttention')
('encoder.layers.23.self_attn', 'CLIPAttention')

🔧 Applying Block-LoRA to CLIP...

⚙️ Setting up optimizer...
✅ Setup complete!
   Block-LoRA params: 3,145,728
   Decoder params: 0

======================================================================
🎯 STARTING TRAINING
======================================================================


======================================================================
Epoch 1/20
======================================================================
[Epoch 1][100/438] Loss: 0.4121
[Epoch 1][200/438] Loss: 0.4148
[Epoch 1][300/438] Loss: 0.4173
[Epoch 1][400/438] Loss: 0.4173

📊 Epoch 1 Summary:
  Train Loss: 0.4163
  Val Loss: 0.3793
  Val mIoU: 0.3955
💾 Best model saved! (mIoU: 0.3955)

======================================================================
Epoch 2/20
======================================================================
[Epoch 2][100/438] Loss: 0.4084
[Epoch 2][200/438] Loss: 0.4077
[Epoch 2][300/438] Loss: 0.4076
[Epoch 2][400/438] Loss: 0.4046

📊 Epoch 2 Summary:
  Train Loss: 0.4066
  Val Loss: 0.3731
  Val mIoU: 0.3991
💾 Best model saved! (mIoU: 0.3991)

======================================================================
Epoch 3/20
======================================================================
[Epoch 3][100/438] Loss: 0.3945
[Epoch 3][200/438] Loss: 0.3986
[Epoch 3][300/438] Loss: 0.3985
[Epoch 3][400/438] Loss: 0.3975

📊 Epoch 3 Summary:
  Train Loss: 0.3967
  Val Loss: 0.3681
  Val mIoU: 0.4018
💾 Best model saved! (mIoU: 0.4018)

======================================================================
Epoch 4/20
======================================================================
[Epoch 4][100/438] Loss: 0.3748
[Epoch 4][200/438] Loss: 0.3830
[Epoch 4][300/438] Loss: 0.3835
[Epoch 4][400/438] Loss: 0.3840

📊 Epoch 4 Summary:
  Train Loss: 0.3843
  Val Loss: 0.3615
  Val mIoU: 0.4033
💾 Best model saved! (mIoU: 0.4033)

======================================================================
Epoch 5/20
======================================================================
[Epoch 5][100/438] Loss: 0.3712
[Epoch 5][200/438] Loss: 0.3693
[Epoch 5][300/438] Loss: 0.3694
[Epoch 5][400/438] Loss: 0.3692

📊 Epoch 5 Summary:
  Train Loss: 0.3679
  Val Loss: 0.3589
  Val mIoU: 0.4062
💾 Best model saved! (mIoU: 0.4062)

======================================================================
Epoch 6/20
======================================================================
[Epoch 6][100/438] Loss: 0.3467
[Epoch 6][200/438] Loss: 0.3505
[Epoch 6][300/438] Loss: 0.3517
[Epoch 6][400/438] Loss: 0.3508

📊 Epoch 6 Summary:
  Train Loss: 0.3516
  Val Loss: 0.3577
  Val mIoU: 0.4099
💾 Best model saved! (mIoU: 0.4099)

======================================================================
Epoch 7/20
======================================================================
[Epoch 7][100/438] Loss: 0.3375
[Epoch 7][200/438] Loss: 0.3397
[Epoch 7][300/438] Loss: 0.3369
[Epoch 7][400/438] Loss: 0.3353

📊 Epoch 7 Summary:
  Train Loss: 0.3359
  Val Loss: 0.3583
  Val mIoU: 0.4113
💾 Best model saved! (mIoU: 0.4113)

======================================================================
Epoch 8/20
======================================================================
[Epoch 8][100/438] Loss: 0.3101
[Epoch 8][200/438] Loss: 0.3150
[Epoch 8][300/438] Loss: 0.3168
[Epoch 8][400/438] Loss: 0.3199

📊 Epoch 8 Summary:
  Train Loss: 0.3203
  Val Loss: 0.3595
  Val mIoU: 0.4143
💾 Best model saved! (mIoU: 0.4143)

======================================================================
Epoch 9/20
======================================================================
[Epoch 9][100/438] Loss: 0.3053
[Epoch 9][200/438] Loss: 0.3066
[Epoch 9][300/438] Loss: 0.3080
[Epoch 9][400/438] Loss: 0.3076

📊 Epoch 9 Summary:
  Train Loss: 0.3077
  Val Loss: 0.3600
  Val mIoU: 0.4157
💾 Best model saved! (mIoU: 0.4157)

======================================================================
Epoch 10/20
======================================================================
[Epoch 10][100/438] Loss: 0.2970
[Epoch 10][200/438] Loss: 0.2962
[Epoch 10][300/438] Loss: 0.2964
[Epoch 10][400/438] Loss: 0.2974

📊 Epoch 10 Summary:
  Train Loss: 0.2967
  Val Loss: 0.3661
  Val mIoU: 0.4145

======================================================================
Epoch 11/20
======================================================================
[Epoch 11][100/438] Loss: 0.2867
[Epoch 11][200/438] Loss: 0.2883
[Epoch 11][300/438] Loss: 0.2877
[Epoch 11][400/438] Loss: 0.2875

📊 Epoch 11 Summary:
  Train Loss: 0.2881
  Val Loss: 0.3618
  Val mIoU: 0.4179
💾 Best model saved! (mIoU: 0.4179)

======================================================================
Epoch 12/20
======================================================================
[Epoch 12][100/438] Loss: 0.2796
[Epoch 12][200/438] Loss: 0.2820
[Epoch 12][300/438] Loss: 0.2809
[Epoch 12][400/438] Loss: 0.2808

📊 Epoch 12 Summary:
  Train Loss: 0.2806
  Val Loss: 0.3656
  Val mIoU: 0.4170

======================================================================
Epoch 13/20
======================================================================
[Epoch 13][100/438] Loss: 0.2792
[Epoch 13][200/438] Loss: 0.2760
[Epoch 13][300/438] Loss: 0.2754
[Epoch 13][400/438] Loss: 0.2748

📊 Epoch 13 Summary:
  Train Loss: 0.2747
  Val Loss: 0.3696
  Val mIoU: 0.4173

======================================================================
Epoch 14/20
======================================================================
[Epoch 14][100/438] Loss: 0.2710
[Epoch 14][200/438] Loss: 0.2692
[Epoch 14][300/438] Loss: 0.2702
[Epoch 14][400/438] Loss: 0.2698

📊 Epoch 14 Summary:
  Train Loss: 0.2697
  Val Loss: 0.3676
  Val mIoU: 0.4188
💾 Best model saved! (mIoU: 0.4188)

======================================================================
Epoch 15/20
======================================================================
[Epoch 15][100/438] Loss: 0.2663
[Epoch 15][200/438] Loss: 0.2671
[Epoch 15][300/438] Loss: 0.2662
[Epoch 15][400/438] Loss: 0.2652

📊 Epoch 15 Summary:
  Train Loss: 0.2650
  Val Loss: 0.3705
  Val mIoU: 0.4181

======================================================================
Epoch 16/20
======================================================================
[Epoch 16][100/438] Loss: 0.2614
[Epoch 16][200/438] Loss: 0.2611
[Epoch 16][300/438] Loss: 0.2619
[Epoch 16][400/438] Loss: 0.2627

📊 Epoch 16 Summary:
  Train Loss: 0.2621
  Val Loss: 0.3703
  Val mIoU: 0.4182

======================================================================
Epoch 17/20
======================================================================
[Epoch 17][100/438] Loss: 0.2539
[Epoch 17][200/438] Loss: 0.2593
[Epoch 17][300/438] Loss: 0.2609
[Epoch 17][400/438] Loss: 0.2596

📊 Epoch 17 Summary:
  Train Loss: 0.2596
  Val Loss: 0.3712
  Val mIoU: 0.4187

======================================================================
Epoch 18/20
======================================================================
[Epoch 18][100/438] Loss: 0.2534
[Epoch 18][200/438] Loss: 0.2583
[Epoch 18][300/438] Loss: 0.2584
[Epoch 18][400/438] Loss: 0.2576

📊 Epoch 18 Summary:
  Train Loss: 0.2579
  Val Loss: 0.3732
  Val mIoU: 0.4189
💾 Best model saved! (mIoU: 0.4189)

======================================================================
Epoch 19/20
======================================================================
[Epoch 19][100/438] Loss: 0.2571
[Epoch 19][200/438] Loss: 0.2551
[Epoch 19][300/438] Loss: 0.2556
[Epoch 19][400/438] Loss: 0.2571

📊 Epoch 19 Summary:
  Train Loss: 0.2570
  Val Loss: 0.3734
  Val mIoU: 0.4188

======================================================================
Epoch 20/20
======================================================================
[Epoch 20][100/438] Loss: 0.2595
[Epoch 20][200/438] Loss: 0.2573
[Epoch 20][300/438] Loss: 0.2573
[Epoch 20][400/438] Loss: 0.2561

📊 Epoch 20 Summary:
  Train Loss: 0.2567
  Val Loss: 0.3732
  Val mIoU: 0.4188

======================================================================
✅ TRAINING COMPLETE!
======================================================================
Best mIoU: 0.4189
======================================================================
======================================================================
🚀 BLOCK-LORA TRAINING (BDD)
======================================================================
Start: 2025-11-24 13:07:16
Device: cuda
Block-LoRA: r=16, n=2
======================================================================

 Creating base model...

📂 Loading baseline decoder...
✅ Baseline decoder loaded!
✅ Linear-like modules found: 96
encoder.layers.0.self_attn.k_proj
encoder.layers.0.self_attn.v_proj
encoder.layers.0.self_attn.q_proj
encoder.layers.0.self_attn.out_proj
encoder.layers.1.self_attn.k_proj
encoder.layers.1.self_attn.v_proj
encoder.layers.1.self_attn.q_proj
encoder.layers.1.self_attn.out_proj
encoder.layers.2.self_attn.k_proj
encoder.layers.2.self_attn.v_proj
encoder.layers.2.self_attn.q_proj
encoder.layers.2.self_attn.out_proj
encoder.layers.3.self_attn.k_proj
encoder.layers.3.self_attn.v_proj
encoder.layers.3.self_attn.q_proj
encoder.layers.3.self_attn.out_proj
encoder.layers.4.self_attn.k_proj
encoder.layers.4.self_attn.v_proj
encoder.layers.4.self_attn.q_proj
encoder.layers.4.self_attn.out_proj
encoder.layers.5.self_attn.k_proj
encoder.layers.5.self_attn.v_proj
encoder.layers.5.self_attn.q_proj
encoder.layers.5.self_attn.out_proj
encoder.layers.6.self_attn.k_proj
encoder.layers.6.self_attn.v_proj
encoder.layers.6.self_attn.q_proj
encoder.layers.6.self_attn.out_proj
encoder.layers.7.self_attn.k_proj
encoder.layers.7.self_attn.v_proj
encoder.layers.7.self_attn.q_proj
encoder.layers.7.self_attn.out_proj
encoder.layers.8.self_attn.k_proj
encoder.layers.8.self_attn.v_proj
encoder.layers.8.self_attn.q_proj
encoder.layers.8.self_attn.out_proj
encoder.layers.9.self_attn.k_proj
encoder.layers.9.self_attn.v_proj
encoder.layers.9.self_attn.q_proj
encoder.layers.9.self_attn.out_proj
encoder.layers.10.self_attn.k_proj
encoder.layers.10.self_attn.v_proj
encoder.layers.10.self_attn.q_proj
encoder.layers.10.self_attn.out_proj
encoder.layers.11.self_attn.k_proj
encoder.layers.11.self_attn.v_proj
encoder.layers.11.self_attn.q_proj
encoder.layers.11.self_attn.out_proj
encoder.layers.12.self_attn.k_proj
encoder.layers.12.self_attn.v_proj
encoder.layers.12.self_attn.q_proj
encoder.layers.12.self_attn.out_proj
encoder.layers.13.self_attn.k_proj
encoder.layers.13.self_attn.v_proj
encoder.layers.13.self_attn.q_proj
encoder.layers.13.self_attn.out_proj
encoder.layers.14.self_attn.k_proj
encoder.layers.14.self_attn.v_proj
encoder.layers.14.self_attn.q_proj
encoder.layers.14.self_attn.out_proj
encoder.layers.15.self_attn.k_proj
encoder.layers.15.self_attn.v_proj
encoder.layers.15.self_attn.q_proj
encoder.layers.15.self_attn.out_proj
encoder.layers.16.self_attn.k_proj
encoder.layers.16.self_attn.v_proj
encoder.layers.16.self_attn.q_proj
encoder.layers.16.self_attn.out_proj
encoder.layers.17.self_attn.k_proj
encoder.layers.17.self_attn.v_proj
encoder.layers.17.self_attn.q_proj
encoder.layers.17.self_attn.out_proj
encoder.layers.18.self_attn.k_proj
encoder.layers.18.self_attn.v_proj
encoder.layers.18.self_attn.q_proj
encoder.layers.18.self_attn.out_proj
encoder.layers.19.self_attn.k_proj
encoder.layers.19.self_attn.v_proj
encoder.layers.19.self_attn.q_proj
encoder.layers.19.self_attn.out_proj
encoder.layers.20.self_attn.k_proj
encoder.layers.20.self_attn.v_proj
encoder.layers.20.self_attn.q_proj
encoder.layers.20.self_attn.out_proj
encoder.layers.21.self_attn.k_proj
encoder.layers.21.self_attn.v_proj
encoder.layers.21.self_attn.q_proj
encoder.layers.21.self_attn.out_proj
encoder.layers.22.self_attn.k_proj
encoder.layers.22.self_attn.v_proj
encoder.layers.22.self_attn.q_proj
encoder.layers.22.self_attn.out_proj
encoder.layers.23.self_attn.k_proj
encoder.layers.23.self_attn.v_proj
encoder.layers.23.self_attn.q_proj
encoder.layers.23.self_attn.out_proj
⚠️ Non-linear modules skipped: 24
('encoder.layers.0.self_attn', 'CLIPAttention')
('encoder.layers.1.self_attn', 'CLIPAttention')
('encoder.layers.2.self_attn', 'CLIPAttention')
('encoder.layers.3.self_attn', 'CLIPAttention')
('encoder.layers.4.self_attn', 'CLIPAttention')
('encoder.layers.5.self_attn', 'CLIPAttention')
('encoder.layers.6.self_attn', 'CLIPAttention')
('encoder.layers.7.self_attn', 'CLIPAttention')
('encoder.layers.8.self_attn', 'CLIPAttention')
('encoder.layers.9.self_attn', 'CLIPAttention')
('encoder.layers.10.self_attn', 'CLIPAttention')
('encoder.layers.11.self_attn', 'CLIPAttention')
('encoder.layers.12.self_attn', 'CLIPAttention')
('encoder.layers.13.self_attn', 'CLIPAttention')
('encoder.layers.14.self_attn', 'CLIPAttention')
('encoder.layers.15.self_attn', 'CLIPAttention')
('encoder.layers.16.self_attn', 'CLIPAttention')
('encoder.layers.17.self_attn', 'CLIPAttention')
('encoder.layers.18.self_attn', 'CLIPAttention')
('encoder.layers.19.self_attn', 'CLIPAttention')
('encoder.layers.20.self_attn', 'CLIPAttention')
('encoder.layers.21.self_attn', 'CLIPAttention')
('encoder.layers.22.self_attn', 'CLIPAttention')
('encoder.layers.23.self_attn', 'CLIPAttention')

🔧 Applying Block-LoRA to CLIP...

⚙️ Setting up optimizer...
✅ Setup complete!
   Block-LoRA params: 3,145,728
   Decoder params: 0

======================================================================
🎯 STARTING TRAINING
======================================================================


======================================================================
Epoch 1/20
======================================================================
[Epoch 1][100/875] Loss: 0.3211
[Epoch 1][200/875] Loss: 0.3136
[Epoch 1][300/875] Loss: 0.3127
[Epoch 1][400/875] Loss: 0.3145
[Epoch 1][500/875] Loss: 0.3141
[Epoch 1][600/875] Loss: 0.3154
[Epoch 1][700/875] Loss: 0.3141
[Epoch 1][800/875] Loss: 0.3131

📊 Epoch 1 Summary:
  Train Loss: 0.3136
  Val Loss: 0.3797
  Val mIoU: 0.4086
💾 Best model saved! (mIoU: 0.4086)

======================================================================
Epoch 2/20
======================================================================
[Epoch 2][100/875] Loss: 0.3067
[Epoch 2][200/875] Loss: 0.3055
[Epoch 2][300/875] Loss: 0.3052
[Epoch 2][400/875] Loss: 0.3051
[Epoch 2][500/875] Loss: 0.3054
[Epoch 2][600/875] Loss: 0.3067
[Epoch 2][700/875] Loss: 0.3073
[Epoch 2][800/875] Loss: 0.3082

📊 Epoch 2 Summary:
  Train Loss: 0.3085
  Val Loss: 0.3777
  Val mIoU: 0.4088
💾 Best model saved! (mIoU: 0.4088)

======================================================================
Epoch 3/20
======================================================================
[Epoch 3][100/875] Loss: 0.3097
[Epoch 3][200/875] Loss: 0.3123
[Epoch 3][300/875] Loss: 0.3093
[Epoch 3][400/875] Loss: 0.3085
[Epoch 3][500/875] Loss: 0.3085
[Epoch 3][600/875] Loss: 0.3074
[Epoch 3][700/875] Loss: 0.3070
[Epoch 3][800/875] Loss: 0.3064

📊 Epoch 3 Summary:
  Train Loss: 0.3059
  Val Loss: 0.3780
  Val mIoU: 0.4089
💾 Best model saved! (mIoU: 0.4089)

======================================================================
Epoch 4/20
======================================================================
[Epoch 4][100/875] Loss: 0.2940
[Epoch 4][200/875] Loss: 0.2989
[Epoch 4][300/875] Loss: 0.2982
[Epoch 4][400/875] Loss: 0.2990
[Epoch 4][500/875] Loss: 0.3026
[Epoch 4][600/875] Loss: 0.3026
[Epoch 4][700/875] Loss: 0.3028
[Epoch 4][800/875] Loss: 0.3029

📊 Epoch 4 Summary:
  Train Loss: 0.3026
  Val Loss: 0.3765
  Val mIoU: 0.4102
💾 Best model saved! (mIoU: 0.4102)

======================================================================
Epoch 5/20
======================================================================
[Epoch 5][100/875] Loss: 0.2909
[Epoch 5][200/875] Loss: 0.2975
[Epoch 5][300/875] Loss: 0.2991
[Epoch 5][400/875] Loss: 0.2997
[Epoch 5][500/875] Loss: 0.3011
[Epoch 5][600/875] Loss: 0.2995
[Epoch 5][700/875] Loss: 0.2995
[Epoch 5][800/875] Loss: 0.2996

📊 Epoch 5 Summary:
  Train Loss: 0.2997
  Val Loss: 0.3764
  Val mIoU: 0.4104
💾 Best model saved! (mIoU: 0.4104)

======================================================================
Epoch 6/20
======================================================================
[Epoch 6][100/875] Loss: 0.2958
[Epoch 6][200/875] Loss: 0.2960
[Epoch 6][300/875] Loss: 0.2961
[Epoch 6][400/875] Loss: 0.2958
[Epoch 6][500/875] Loss: 0.2961
[Epoch 6][600/875] Loss: 0.2967
[Epoch 6][700/875] Loss: 0.2967
[Epoch 6][800/875] Loss: 0.2966

📊 Epoch 6 Summary:
  Train Loss: 0.2961
  Val Loss: 0.3761
  Val mIoU: 0.4112
💾 Best model saved! (mIoU: 0.4112)

======================================================================
Epoch 7/20
======================================================================
[Epoch 7][100/875] Loss: 0.2912
[Epoch 7][200/875] Loss: 0.2902
[Epoch 7][300/875] Loss: 0.2900
[Epoch 7][400/875] Loss: 0.2915
[Epoch 7][500/875] Loss: 0.2916
[Epoch 7][600/875] Loss: 0.2924
[Epoch 7][700/875] Loss: 0.2917
[Epoch 7][800/875] Loss: 0.2930

📊 Epoch 7 Summary:
  Train Loss: 0.2932
  Val Loss: 0.3757
  Val mIoU: 0.4118
💾 Best model saved! (mIoU: 0.4118)

======================================================================
Epoch 8/20
======================================================================
[Epoch 8][100/875] Loss: 0.2889
[Epoch 8][200/875] Loss: 0.2924
[Epoch 8][300/875] Loss: 0.2895
[Epoch 8][400/875] Loss: 0.2875
[Epoch 8][500/875] Loss: 0.2881
[Epoch 8][600/875] Loss: 0.2883
[Epoch 8][700/875] Loss: 0.2904
[Epoch 8][800/875] Loss: 0.2897

📊 Epoch 8 Summary:
  Train Loss: 0.2904
  Val Loss: 0.3762
  Val mIoU: 0.4119
💾 Best model saved! (mIoU: 0.4119)

======================================================================
Epoch 9/20
======================================================================
[Epoch 9][100/875] Loss: 0.2866
[Epoch 9][200/875] Loss: 0.2876
[Epoch 9][300/875] Loss: 0.2872
[Epoch 9][400/875] Loss: 0.2872
[Epoch 9][500/875] Loss: 0.2883
[Epoch 9][600/875] Loss: 0.2884
[Epoch 9][700/875] Loss: 0.2897
[Epoch 9][800/875] Loss: 0.2888

📊 Epoch 9 Summary:
  Train Loss: 0.2882
  Val Loss: 0.3762
  Val mIoU: 0.4124
💾 Best model saved! (mIoU: 0.4124)

======================================================================
Epoch 10/20
======================================================================
[Epoch 10][100/875] Loss: 0.2845
[Epoch 10][200/875] Loss: 0.2847
[Epoch 10][300/875] Loss: 0.2870
[Epoch 10][400/875] Loss: 0.2865
[Epoch 10][500/875] Loss: 0.2851
[Epoch 10][600/875] Loss: 0.2848
[Epoch 10][700/875] Loss: 0.2854
[Epoch 10][800/875] Loss: 0.2861

📊 Epoch 10 Summary:
  Train Loss: 0.2860
  Val Loss: 0.3772
  Val mIoU: 0.4122

======================================================================
Epoch 11/20
======================================================================
[Epoch 11][100/875] Loss: 0.2807
[Epoch 11][200/875] Loss: 0.2812
[Epoch 11][300/875] Loss: 0.2814
[Epoch 11][400/875] Loss: 0.2804
[Epoch 11][500/875] Loss: 0.2817
[Epoch 11][600/875] Loss: 0.2825
[Epoch 11][700/875] Loss: 0.2830
[Epoch 11][800/875] Loss: 0.2837

📊 Epoch 11 Summary:
  Train Loss: 0.2835
  Val Loss: 0.3759
  Val mIoU: 0.4129
💾 Best model saved! (mIoU: 0.4129)

======================================================================
Epoch 12/20
======================================================================
[Epoch 12][100/875] Loss: 0.2776
[Epoch 12][200/875] Loss: 0.2781
[Epoch 12][300/875] Loss: 0.2800
[Epoch 12][400/875] Loss: 0.2809
[Epoch 12][500/875] Loss: 0.2812
[Epoch 12][600/875] Loss: 0.2818
[Epoch 12][700/875] Loss: 0.2823
[Epoch 12][800/875] Loss: 0.2820

📊 Epoch 12 Summary:
  Train Loss: 0.2818
  Val Loss: 0.3759
  Val mIoU: 0.4134
💾 Best model saved! (mIoU: 0.4134)

======================================================================
Epoch 13/20
======================================================================
[Epoch 13][100/875] Loss: 0.2830
[Epoch 13][200/875] Loss: 0.2786
[Epoch 13][300/875] Loss: 0.2805
[Epoch 13][400/875] Loss: 0.2801
[Epoch 13][500/875] Loss: 0.2805
[Epoch 13][600/875] Loss: 0.2812
[Epoch 13][700/875] Loss: 0.2804
[Epoch 13][800/875] Loss: 0.2798

📊 Epoch 13 Summary:
  Train Loss: 0.2797
  Val Loss: 0.3766
  Val mIoU: 0.4133

======================================================================
Epoch 14/20
======================================================================
[Epoch 14][100/875] Loss: 0.2840
[Epoch 14][200/875] Loss: 0.2804
[Epoch 14][300/875] Loss: 0.2794
[Epoch 14][400/875] Loss: 0.2796
[Epoch 14][500/875] Loss: 0.2794
[Epoch 14][600/875] Loss: 0.2807
[Epoch 14][700/875] Loss: 0.2798
[Epoch 14][800/875] Loss: 0.2788

📊 Epoch 14 Summary:
  Train Loss: 0.2789
  Val Loss: 0.3772
  Val mIoU: 0.4138
💾 Best model saved! (mIoU: 0.4138)

======================================================================
Epoch 15/20
======================================================================
[Epoch 15][100/875] Loss: 0.2761
[Epoch 15][200/875] Loss: 0.2763
[Epoch 15][300/875] Loss: 0.2800
[Epoch 15][400/875] Loss: 0.2785
[Epoch 15][500/875] Loss: 0.2783
[Epoch 15][600/875] Loss: 0.2784
[Epoch 15][700/875] Loss: 0.2776
[Epoch 15][800/875] Loss: 0.2774

📊 Epoch 15 Summary:
  Train Loss: 0.2769
  Val Loss: 0.3766
  Val mIoU: 0.4143
💾 Best model saved! (mIoU: 0.4143)

======================================================================
Epoch 16/20
======================================================================
[Epoch 16][100/875] Loss: 0.2713
[Epoch 16][200/875] Loss: 0.2738
[Epoch 16][300/875] Loss: 0.2748
[Epoch 16][400/875] Loss: 0.2749
[Epoch 16][500/875] Loss: 0.2753
[Epoch 16][600/875] Loss: 0.2755
[Epoch 16][700/875] Loss: 0.2759
[Epoch 16][800/875] Loss: 0.2764

📊 Epoch 16 Summary:
  Train Loss: 0.2760
  Val Loss: 0.3770
  Val mIoU: 0.4139

======================================================================
Epoch 17/20
======================================================================
[Epoch 17][100/875] Loss: 0.2734
[Epoch 17][200/875] Loss: 0.2745
[Epoch 17][300/875] Loss: 0.2751
[Epoch 17][400/875] Loss: 0.2753
[Epoch 17][500/875] Loss: 0.2749
[Epoch 17][600/875] Loss: 0.2755
[Epoch 17][700/875] Loss: 0.2754
[Epoch 17][800/875] Loss: 0.2760

📊 Epoch 17 Summary:
  Train Loss: 0.2757
  Val Loss: 0.3770
  Val mIoU: 0.4140

======================================================================
Epoch 18/20
======================================================================
[Epoch 18][100/875] Loss: 0.2757
[Epoch 18][200/875] Loss: 0.2782
[Epoch 18][300/875] Loss: 0.2770
[Epoch 18][400/875] Loss: 0.2772
[Epoch 18][500/875] Loss: 0.2764
[Epoch 18][600/875] Loss: 0.2754
[Epoch 18][700/875] Loss: 0.2758
[Epoch 18][800/875] Loss: 0.2748

📊 Epoch 18 Summary:
  Train Loss: 0.2751
  Val Loss: 0.3771
  Val mIoU: 0.4142

======================================================================
Epoch 19/20
======================================================================
[Epoch 19][100/875] Loss: 0.2677
[Epoch 19][200/875] Loss: 0.2719
[Epoch 19][300/875] Loss: 0.2736
[Epoch 19][400/875] Loss: 0.2720
[Epoch 19][500/875] Loss: 0.2723
[Epoch 19][600/875] Loss: 0.2738
[Epoch 19][700/875] Loss: 0.2751
[Epoch 19][800/875] Loss: 0.2746

📊 Epoch 19 Summary:
  Train Loss: 0.2750
  Val Loss: 0.3771
  Val mIoU: 0.4142

======================================================================
Epoch 20/20
======================================================================
[Epoch 20][100/875] Loss: 0.2799
[Epoch 20][200/875] Loss: 0.2758
[Epoch 20][300/875] Loss: 0.2739
[Epoch 20][400/875] Loss: 0.2735
[Epoch 20][500/875] Loss: 0.2748
[Epoch 20][600/875] Loss: 0.2748
[Epoch 20][700/875] Loss: 0.2741
[Epoch 20][800/875] Loss: 0.2748

📊 Epoch 20 Summary:
  Train Loss: 0.2751
  Val Loss: 0.3771
  Val mIoU: 0.4142

======================================================================
✅ TRAINING COMPLETE!
======================================================================
Best mIoU: 0.4143
======================================================================
======================================================================
🚀 BLOCK-LORA TRAINING (BDD)
======================================================================
Start: 2025-11-24 14:18:30
Device: cuda
Block-LoRA: r=16, n=2
======================================================================

 Creating base model...

📂 Loading baseline decoder...
✅ Baseline decoder loaded!
✅ Linear-like modules found: 96
encoder.layers.0.self_attn.k_proj
encoder.layers.0.self_attn.v_proj
encoder.layers.0.self_attn.q_proj
encoder.layers.0.self_attn.out_proj
encoder.layers.1.self_attn.k_proj
encoder.layers.1.self_attn.v_proj
encoder.layers.1.self_attn.q_proj
encoder.layers.1.self_attn.out_proj
encoder.layers.2.self_attn.k_proj
encoder.layers.2.self_attn.v_proj
encoder.layers.2.self_attn.q_proj
encoder.layers.2.self_attn.out_proj
encoder.layers.3.self_attn.k_proj
encoder.layers.3.self_attn.v_proj
encoder.layers.3.self_attn.q_proj
encoder.layers.3.self_attn.out_proj
encoder.layers.4.self_attn.k_proj
encoder.layers.4.self_attn.v_proj
encoder.layers.4.self_attn.q_proj
encoder.layers.4.self_attn.out_proj
encoder.layers.5.self_attn.k_proj
encoder.layers.5.self_attn.v_proj
encoder.layers.5.self_attn.q_proj
encoder.layers.5.self_attn.out_proj
encoder.layers.6.self_attn.k_proj
encoder.layers.6.self_attn.v_proj
encoder.layers.6.self_attn.q_proj
encoder.layers.6.self_attn.out_proj
encoder.layers.7.self_attn.k_proj
encoder.layers.7.self_attn.v_proj
encoder.layers.7.self_attn.q_proj
encoder.layers.7.self_attn.out_proj
encoder.layers.8.self_attn.k_proj
encoder.layers.8.self_attn.v_proj
encoder.layers.8.self_attn.q_proj
encoder.layers.8.self_attn.out_proj
encoder.layers.9.self_attn.k_proj
encoder.layers.9.self_attn.v_proj
encoder.layers.9.self_attn.q_proj
encoder.layers.9.self_attn.out_proj
encoder.layers.10.self_attn.k_proj
encoder.layers.10.self_attn.v_proj
encoder.layers.10.self_attn.q_proj
encoder.layers.10.self_attn.out_proj
encoder.layers.11.self_attn.k_proj
encoder.layers.11.self_attn.v_proj
encoder.layers.11.self_attn.q_proj
encoder.layers.11.self_attn.out_proj
encoder.layers.12.self_attn.k_proj
encoder.layers.12.self_attn.v_proj
encoder.layers.12.self_attn.q_proj
encoder.layers.12.self_attn.out_proj
encoder.layers.13.self_attn.k_proj
encoder.layers.13.self_attn.v_proj
encoder.layers.13.self_attn.q_proj
encoder.layers.13.self_attn.out_proj
encoder.layers.14.self_attn.k_proj
encoder.layers.14.self_attn.v_proj
encoder.layers.14.self_attn.q_proj
encoder.layers.14.self_attn.out_proj
encoder.layers.15.self_attn.k_proj
encoder.layers.15.self_attn.v_proj
encoder.layers.15.self_attn.q_proj
encoder.layers.15.self_attn.out_proj
encoder.layers.16.self_attn.k_proj
encoder.layers.16.self_attn.v_proj
encoder.layers.16.self_attn.q_proj
encoder.layers.16.self_attn.out_proj
encoder.layers.17.self_attn.k_proj
encoder.layers.17.self_attn.v_proj
encoder.layers.17.self_attn.q_proj
encoder.layers.17.self_attn.out_proj
encoder.layers.18.self_attn.k_proj
encoder.layers.18.self_attn.v_proj
encoder.layers.18.self_attn.q_proj
encoder.layers.18.self_attn.out_proj
encoder.layers.19.self_attn.k_proj
encoder.layers.19.self_attn.v_proj
encoder.layers.19.self_attn.q_proj
encoder.layers.19.self_attn.out_proj
encoder.layers.20.self_attn.k_proj
encoder.layers.20.self_attn.v_proj
encoder.layers.20.self_attn.q_proj
encoder.layers.20.self_attn.out_proj
encoder.layers.21.self_attn.k_proj
encoder.layers.21.self_attn.v_proj
encoder.layers.21.self_attn.q_proj
encoder.layers.21.self_attn.out_proj
encoder.layers.22.self_attn.k_proj
encoder.layers.22.self_attn.v_proj
encoder.layers.22.self_attn.q_proj
encoder.layers.22.self_attn.out_proj
encoder.layers.23.self_attn.k_proj
encoder.layers.23.self_attn.v_proj
encoder.layers.23.self_attn.q_proj
encoder.layers.23.self_attn.out_proj
⚠️ Non-linear modules skipped: 24
('encoder.layers.0.self_attn', 'CLIPAttention')
('encoder.layers.1.self_attn', 'CLIPAttention')
('encoder.layers.2.self_attn', 'CLIPAttention')
('encoder.layers.3.self_attn', 'CLIPAttention')
('encoder.layers.4.self_attn', 'CLIPAttention')
('encoder.layers.5.self_attn', 'CLIPAttention')
('encoder.layers.6.self_attn', 'CLIPAttention')
('encoder.layers.7.self_attn', 'CLIPAttention')
('encoder.layers.8.self_attn', 'CLIPAttention')
('encoder.layers.9.self_attn', 'CLIPAttention')
('encoder.layers.10.self_attn', 'CLIPAttention')
('encoder.layers.11.self_attn', 'CLIPAttention')
('encoder.layers.12.self_attn', 'CLIPAttention')
('encoder.layers.13.self_attn', 'CLIPAttention')
('encoder.layers.14.self_attn', 'CLIPAttention')
('encoder.layers.15.self_attn', 'CLIPAttention')
('encoder.layers.16.self_attn', 'CLIPAttention')
('encoder.layers.17.self_attn', 'CLIPAttention')
('encoder.layers.18.self_attn', 'CLIPAttention')
('encoder.layers.19.self_attn', 'CLIPAttention')
('encoder.layers.20.self_attn', 'CLIPAttention')
('encoder.layers.21.self_attn', 'CLIPAttention')
('encoder.layers.22.self_attn', 'CLIPAttention')
('encoder.layers.23.self_attn', 'CLIPAttention')

🔧 Applying Block-LoRA to CLIP...

⚙️ Setting up optimizer...
✅ Setup complete!
   Block-LoRA params: 3,145,728
   Decoder params: 0

======================================================================
🎯 STARTING TRAINING
======================================================================


======================================================================
Epoch 1/30
======================================================================
[Epoch 1][100/875] Loss: 0.3172
[Epoch 1][200/875] Loss: 0.3150
[Epoch 1][300/875] Loss: 0.3177
[Epoch 1][400/875] Loss: 0.3165
[Epoch 1][500/875] Loss: 0.3171
[Epoch 1][600/875] Loss: 0.3167
[Epoch 1][700/875] Loss: 0.3165
[Epoch 1][800/875] Loss: 0.3150

📊 Epoch 1 Summary:
  Train Loss: 0.3139
  Val Loss: 0.3802
  Val mIoU: 0.4086
💾 Best model saved! (mIoU: 0.4086)

======================================================================
Epoch 2/30
======================================================================
[Epoch 2][100/875] Loss: 0.3084
[Epoch 2][200/875] Loss: 0.3088
[Epoch 2][300/875] Loss: 0.3067
[Epoch 2][400/875] Loss: 0.3069
[Epoch 2][500/875] Loss: 0.3091
[Epoch 2][600/875] Loss: 0.3089
[Epoch 2][700/875] Loss: 0.3079
[Epoch 2][800/875] Loss: 0.3080

📊 Epoch 2 Summary:
  Train Loss: 0.3087
  Val Loss: 0.3774
  Val mIoU: 0.4087
💾 Best model saved! (mIoU: 0.4087)

======================================================================
Epoch 3/30
======================================================================
[Epoch 3][100/875] Loss: 0.3007
[Epoch 3][200/875] Loss: 0.3061
[Epoch 3][300/875] Loss: 0.3054
[Epoch 3][400/875] Loss: 0.3038
[Epoch 3][500/875] Loss: 0.3060
[Epoch 3][600/875] Loss: 0.3056
[Epoch 3][700/875] Loss: 0.3064
[Epoch 3][800/875] Loss: 0.3063

📊 Epoch 3 Summary:
  Train Loss: 0.3059
  Val Loss: 0.3762
  Val mIoU: 0.4090
💾 Best model saved! (mIoU: 0.4090)

======================================================================
Epoch 4/30
======================================================================
[Epoch 4][100/875] Loss: 0.3034
[Epoch 4][200/875] Loss: 0.3060
[Epoch 4][300/875] Loss: 0.3072
[Epoch 4][400/875] Loss: 0.3043
[Epoch 4][500/875] Loss: 0.3029
[Epoch 4][600/875] Loss: 0.3014
[Epoch 4][700/875] Loss: 0.3022
[Epoch 4][800/875] Loss: 0.3019

📊 Epoch 4 Summary:
  Train Loss: 0.3022
  Val Loss: 0.3759
  Val mIoU: 0.4107
💾 Best model saved! (mIoU: 0.4107)

======================================================================
Epoch 5/30
======================================================================
[Epoch 5][100/875] Loss: 0.2996
[Epoch 5][200/875] Loss: 0.3008
[Epoch 5][300/875] Loss: 0.3006
[Epoch 5][400/875] Loss: 0.3006
[Epoch 5][500/875] Loss: 0.3010
[Epoch 5][600/875] Loss: 0.3013
[Epoch 5][700/875] Loss: 0.3008
[Epoch 5][800/875] Loss: 0.3002

📊 Epoch 5 Summary:
  Train Loss: 0.2994
  Val Loss: 0.3759
  Val mIoU: 0.4100

======================================================================
Epoch 6/30
======================================================================
[Epoch 6][100/875] Loss: 0.2973
[Epoch 6][200/875] Loss: 0.2997
[Epoch 6][300/875] Loss: 0.3009
[Epoch 6][400/875] Loss: 0.2994
[Epoch 6][500/875] Loss: 0.2973
[Epoch 6][600/875] Loss: 0.2971
[Epoch 6][700/875] Loss: 0.2977
[Epoch 6][800/875] Loss: 0.2975

📊 Epoch 6 Summary:
  Train Loss: 0.2969
  Val Loss: 0.3756
  Val mIoU: 0.4112
💾 Best model saved! (mIoU: 0.4112)

======================================================================
Epoch 7/30
======================================================================
[Epoch 7][100/875] Loss: 0.2939
[Epoch 7][200/875] Loss: 0.2931
[Epoch 7][300/875] Loss: 0.2940
[Epoch 7][400/875] Loss: 0.2946
[Epoch 7][500/875] Loss: 0.2940
[Epoch 7][600/875] Loss: 0.2935
[Epoch 7][700/875] Loss: 0.2931
[Epoch 7][800/875] Loss: 0.2931

📊 Epoch 7 Summary:
  Train Loss: 0.2929
  Val Loss: 0.3760
  Val mIoU: 0.4119
💾 Best model saved! (mIoU: 0.4119)

======================================================================
Epoch 8/30
======================================================================
[Epoch 8][100/875] Loss: 0.2873
[Epoch 8][200/875] Loss: 0.2877
[Epoch 8][300/875] Loss: 0.2894
[Epoch 8][400/875] Loss: 0.2909
[Epoch 8][500/875] Loss: 0.2906
[Epoch 8][600/875] Loss: 0.2903
[Epoch 8][700/875] Loss: 0.2898
[Epoch 8][800/875] Loss: 0.2898

📊 Epoch 8 Summary:
  Train Loss: 0.2902
  Val Loss: 0.3757
  Val mIoU: 0.4121
💾 Best model saved! (mIoU: 0.4121)

======================================================================
Epoch 9/30
======================================================================
[Epoch 9][100/875] Loss: 0.2924
[Epoch 9][200/875] Loss: 0.2846
[Epoch 9][300/875] Loss: 0.2866
[Epoch 9][400/875] Loss: 0.2854
[Epoch 9][500/875] Loss: 0.2883
[Epoch 9][600/875] Loss: 0.2872
[Epoch 9][700/875] Loss: 0.2880
[Epoch 9][800/875] Loss: 0.2876

📊 Epoch 9 Summary:
  Train Loss: 0.2877
  Val Loss: 0.3756
  Val mIoU: 0.4128
💾 Best model saved! (mIoU: 0.4128)

======================================================================
Epoch 10/30
======================================================================
[Epoch 10][100/875] Loss: 0.2874
[Epoch 10][200/875] Loss: 0.2838
[Epoch 10][300/875] Loss: 0.2840
[Epoch 10][400/875] Loss: 0.2840
[Epoch 10][500/875] Loss: 0.2846
[Epoch 10][600/875] Loss: 0.2857
[Epoch 10][700/875] Loss: 0.2855
[Epoch 10][800/875] Loss: 0.2848

📊 Epoch 10 Summary:
  Train Loss: 0.2852
  Val Loss: 0.3756
  Val mIoU: 0.4130
💾 Best model saved! (mIoU: 0.4130)

======================================================================
Epoch 11/30
======================================================================
[Epoch 11][100/875] Loss: 0.2751
[Epoch 11][200/875] Loss: 0.2760
[Epoch 11][300/875] Loss: 0.2786
[Epoch 11][400/875] Loss: 0.2822
[Epoch 11][500/875] Loss: 0.2830
[Epoch 11][600/875] Loss: 0.2825
[Epoch 11][700/875] Loss: 0.2823
[Epoch 11][800/875] Loss: 0.2824

📊 Epoch 11 Summary:
  Train Loss: 0.2826
  Val Loss: 0.3751
  Val mIoU: 0.4129

======================================================================
Epoch 12/30
======================================================================
[Epoch 12][100/875] Loss: 0.2833
[Epoch 12][200/875] Loss: 0.2783
[Epoch 12][300/875] Loss: 0.2795
[Epoch 12][400/875] Loss: 0.2791
[Epoch 12][500/875] Loss: 0.2798
[Epoch 12][600/875] Loss: 0.2798
[Epoch 12][700/875] Loss: 0.2802
[Epoch 12][800/875] Loss: 0.2806

📊 Epoch 12 Summary:
  Train Loss: 0.2806
  Val Loss: 0.3765
  Val mIoU: 0.4135
💾 Best model saved! (mIoU: 0.4135)

======================================================================
Epoch 13/30
======================================================================
[Epoch 13][100/875] Loss: 0.2815
[Epoch 13][200/875] Loss: 0.2807
[Epoch 13][300/875] Loss: 0.2813
[Epoch 13][400/875] Loss: 0.2794
[Epoch 13][500/875] Loss: 0.2785
[Epoch 13][600/875] Loss: 0.2782
[Epoch 13][700/875] Loss: 0.2778
[Epoch 13][800/875] Loss: 0.2783

📊 Epoch 13 Summary:
  Train Loss: 0.2784
  Val Loss: 0.3763
  Val mIoU: 0.4138
💾 Best model saved! (mIoU: 0.4138)

======================================================================
Epoch 14/30
======================================================================
[Epoch 14][100/875] Loss: 0.2745
[Epoch 14][200/875] Loss: 0.2781
[Epoch 14][300/875] Loss: 0.2773
[Epoch 14][400/875] Loss: 0.2766
[Epoch 14][500/875] Loss: 0.2758
[Epoch 14][600/875] Loss: 0.2762
[Epoch 14][700/875] Loss: 0.2767
[Epoch 14][800/875] Loss: 0.2764

📊 Epoch 14 Summary:
  Train Loss: 0.2770
  Val Loss: 0.3761
  Val mIoU: 0.4142
💾 Best model saved! (mIoU: 0.4142)

======================================================================
Epoch 15/30
======================================================================
[Epoch 15][100/875] Loss: 0.2708
[Epoch 15][200/875] Loss: 0.2747
[Epoch 15][300/875] Loss: 0.2750
[Epoch 15][400/875] Loss: 0.2758
[Epoch 15][500/875] Loss: 0.2762
[Epoch 15][600/875] Loss: 0.2745
[Epoch 15][700/875] Loss: 0.2750
[Epoch 15][800/875] Loss: 0.2744

📊 Epoch 15 Summary:
  Train Loss: 0.2750
  Val Loss: 0.3760
  Val mIoU: 0.4151
💾 Best model saved! (mIoU: 0.4151)

======================================================================
Epoch 16/30
======================================================================
[Epoch 16][100/875] Loss: 0.2701
[Epoch 16][200/875] Loss: 0.2710
[Epoch 16][300/875] Loss: 0.2714
[Epoch 16][400/875] Loss: 0.2707
[Epoch 16][500/875] Loss: 0.2718
[Epoch 16][600/875] Loss: 0.2730
[Epoch 16][700/875] Loss: 0.2729
[Epoch 16][800/875] Loss: 0.2731

📊 Epoch 16 Summary:
  Train Loss: 0.2731
  Val Loss: 0.3780
  Val mIoU: 0.4140

======================================================================
Epoch 17/30
======================================================================
[Epoch 17][100/875] Loss: 0.2735
[Epoch 17][200/875] Loss: 0.2746
[Epoch 17][300/875] Loss: 0.2726
[Epoch 17][400/875] Loss: 0.2724
[Epoch 17][500/875] Loss: 0.2717
[Epoch 17][600/875] Loss: 0.2712
[Epoch 17][700/875] Loss: 0.2704
[Epoch 17][800/875] Loss: 0.2707

📊 Epoch 17 Summary:
  Train Loss: 0.2715
  Val Loss: 0.3763
  Val mIoU: 0.4147

======================================================================
Epoch 18/30
======================================================================
[Epoch 18][100/875] Loss: 0.2672
[Epoch 18][200/875] Loss: 0.2709
[Epoch 18][300/875] Loss: 0.2703
[Epoch 18][400/875] Loss: 0.2706
[Epoch 18][500/875] Loss: 0.2708
[Epoch 18][600/875] Loss: 0.2708
[Epoch 18][700/875] Loss: 0.2706
[Epoch 18][800/875] Loss: 0.2701

📊 Epoch 18 Summary:
  Train Loss: 0.2702
  Val Loss: 0.3782
  Val mIoU: 0.4148

======================================================================
Epoch 19/30
======================================================================
[Epoch 19][100/875] Loss: 0.2690
[Epoch 19][200/875] Loss: 0.2682
[Epoch 19][300/875] Loss: 0.2691
[Epoch 19][400/875] Loss: 0.2688
[Epoch 19][500/875] Loss: 0.2683
[Epoch 19][600/875] Loss: 0.2688
[Epoch 19][700/875] Loss: 0.2694
[Epoch 19][800/875] Loss: 0.2694

📊 Epoch 19 Summary:
  Train Loss: 0.2690
  Val Loss: 0.3776
  Val mIoU: 0.4155
💾 Best model saved! (mIoU: 0.4155)

======================================================================
Epoch 20/30
======================================================================
[Epoch 20][100/875] Loss: 0.2670
[Epoch 20][200/875] Loss: 0.2705
[Epoch 20][300/875] Loss: 0.2698
[Epoch 20][400/875] Loss: 0.2679
[Epoch 20][500/875] Loss: 0.2663
[Epoch 20][600/875] Loss: 0.2669
[Epoch 20][700/875] Loss: 0.2680
[Epoch 20][800/875] Loss: 0.2678

📊 Epoch 20 Summary:
  Train Loss: 0.2679
  Val Loss: 0.3776
  Val mIoU: 0.4149

======================================================================
Epoch 21/30
======================================================================
[Epoch 21][100/875] Loss: 0.2661
[Epoch 21][200/875] Loss: 0.2643
[Epoch 21][300/875] Loss: 0.2649
[Epoch 21][400/875] Loss: 0.2653
[Epoch 21][500/875] Loss: 0.2665
[Epoch 21][600/875] Loss: 0.2665
[Epoch 21][700/875] Loss: 0.2672
[Epoch 21][800/875] Loss: 0.2665

📊 Epoch 21 Summary:
  Train Loss: 0.2667
  Val Loss: 0.3777
  Val mIoU: 0.4147

======================================================================
Epoch 22/30
======================================================================
[Epoch 22][100/875] Loss: 0.2632
[Epoch 22][200/875] Loss: 0.2687
[Epoch 22][300/875] Loss: 0.2684
[Epoch 22][400/875] Loss: 0.2679
[Epoch 22][500/875] Loss: 0.2680
[Epoch 22][600/875] Loss: 0.2672
[Epoch 22][700/875] Loss: 0.2671
[Epoch 22][800/875] Loss: 0.2668

📊 Epoch 22 Summary:
  Train Loss: 0.2662
  Val Loss: 0.3776
  Val mIoU: 0.4152

======================================================================
Epoch 23/30
======================================================================
[Epoch 23][100/875] Loss: 0.2652
[Epoch 23][200/875] Loss: 0.2638
[Epoch 23][300/875] Loss: 0.2639
[Epoch 23][400/875] Loss: 0.2647
[Epoch 23][500/875] Loss: 0.2664
[Epoch 23][600/875] Loss: 0.2659
[Epoch 23][700/875] Loss: 0.2671
[Epoch 23][800/875] Loss: 0.2667

📊 Epoch 23 Summary:
  Train Loss: 0.2663
  Val Loss: 0.3780
  Val mIoU: 0.4153

======================================================================
Epoch 24/30
======================================================================
[Epoch 24][100/875] Loss: 0.2617
[Epoch 24][200/875] Loss: 0.2626
[Epoch 24][300/875] Loss: 0.2643
[Epoch 24][400/875] Loss: 0.2639
[Epoch 24][500/875] Loss: 0.2637
[Epoch 24][600/875] Loss: 0.2627
[Epoch 24][700/875] Loss: 0.2638
[Epoch 24][800/875] Loss: 0.2643

📊 Epoch 24 Summary:
  Train Loss: 0.2650
  Val Loss: 0.3782
  Val mIoU: 0.4152

======================================================================
Epoch 25/30
======================================================================
[Epoch 25][100/875] Loss: 0.2689
[Epoch 25][200/875] Loss: 0.2666
[Epoch 25][300/875] Loss: 0.2666
[Epoch 25][400/875] Loss: 0.2660
[Epoch 25][500/875] Loss: 0.2656
[Epoch 25][600/875] Loss: 0.2641
[Epoch 25][700/875] Loss: 0.2641
[Epoch 25][800/875] Loss: 0.2646

📊 Epoch 25 Summary:
  Train Loss: 0.2650
  Val Loss: 0.3781
  Val mIoU: 0.4155
💾 Best model saved! (mIoU: 0.4155)

======================================================================
Epoch 26/30
======================================================================
[Epoch 26][100/875] Loss: 0.2644
[Epoch 26][200/875] Loss: 0.2666
[Epoch 26][300/875] Loss: 0.2658
[Epoch 26][400/875] Loss: 0.2637
[Epoch 26][500/875] Loss: 0.2637
[Epoch 26][600/875] Loss: 0.2637
[Epoch 26][700/875] Loss: 0.2638
[Epoch 26][800/875] Loss: 0.2640

📊 Epoch 26 Summary:
  Train Loss: 0.2643
  Val Loss: 0.3784
  Val mIoU: 0.4154

======================================================================
Epoch 27/30
======================================================================
[Epoch 27][100/875] Loss: 0.2662
[Epoch 27][200/875] Loss: 0.2659
[Epoch 27][300/875] Loss: 0.2658
[Epoch 27][400/875] Loss: 0.2660
[Epoch 27][500/875] Loss: 0.2658
[Epoch 27][600/875] Loss: 0.2654
[Epoch 27][700/875] Loss: 0.2645
[Epoch 27][800/875] Loss: 0.2644

📊 Epoch 27 Summary:
  Train Loss: 0.2639
  Val Loss: 0.3787
  Val mIoU: 0.4153

======================================================================
Epoch 28/30
======================================================================
[Epoch 28][100/875] Loss: 0.2628
[Epoch 28][200/875] Loss: 0.2622
[Epoch 28][300/875] Loss: 0.2658
[Epoch 28][400/875] Loss: 0.2657
[Epoch 28][500/875] Loss: 0.2652
[Epoch 28][600/875] Loss: 0.2647
[Epoch 28][700/875] Loss: 0.2642
[Epoch 28][800/875] Loss: 0.2643

📊 Epoch 28 Summary:
  Train Loss: 0.2641
  Val Loss: 0.3784
  Val mIoU: 0.4154

======================================================================
Epoch 29/30
======================================================================
[Epoch 29][100/875] Loss: 0.2667
[Epoch 29][200/875] Loss: 0.2650
[Epoch 29][300/875] Loss: 0.2641
[Epoch 29][400/875] Loss: 0.2621
[Epoch 29][500/875] Loss: 0.2614
[Epoch 29][600/875] Loss: 0.2615
[Epoch 29][700/875] Loss: 0.2623
[Epoch 29][800/875] Loss: 0.2634

📊 Epoch 29 Summary:
  Train Loss: 0.2634
  Val Loss: 0.3785
  Val mIoU: 0.4153

======================================================================
Epoch 30/30
======================================================================
[Epoch 30][100/875] Loss: 0.2644
[Epoch 30][200/875] Loss: 0.2662
[Epoch 30][300/875] Loss: 0.2653
[Epoch 30][400/875] Loss: 0.2656
[Epoch 30][500/875] Loss: 0.2647
[Epoch 30][600/875] Loss: 0.2637
[Epoch 30][700/875] Loss: 0.2640
[Epoch 30][800/875] Loss: 0.2636

📊 Epoch 30 Summary:
  Train Loss: 0.2639
  Val Loss: 0.3785
  Val mIoU: 0.4154

======================================================================
✅ TRAINING COMPLETE!
======================================================================
Best mIoU: 0.4155
======================================================================
