======================================================================
🚀 BLOCK-LORA TRAINING (ACDC-snow)
======================================================================
Start: 2025-11-21 23:46:56
Device: cuda
Block-LoRA: r=16, n=2
======================================================================

 Creating base model...

📂 Loading baseline decoder...
✅ Baseline decoder loaded!
✅ Linear-like modules found: 96
encoder.layers.0.self_attn.k_proj
encoder.layers.0.self_attn.v_proj
encoder.layers.0.self_attn.q_proj
encoder.layers.0.self_attn.out_proj
encoder.layers.1.self_attn.k_proj
encoder.layers.1.self_attn.v_proj
encoder.layers.1.self_attn.q_proj
encoder.layers.1.self_attn.out_proj
encoder.layers.2.self_attn.k_proj
encoder.layers.2.self_attn.v_proj
encoder.layers.2.self_attn.q_proj
encoder.layers.2.self_attn.out_proj
encoder.layers.3.self_attn.k_proj
encoder.layers.3.self_attn.v_proj
encoder.layers.3.self_attn.q_proj
encoder.layers.3.self_attn.out_proj
encoder.layers.4.self_attn.k_proj
encoder.layers.4.self_attn.v_proj
encoder.layers.4.self_attn.q_proj
encoder.layers.4.self_attn.out_proj
encoder.layers.5.self_attn.k_proj
encoder.layers.5.self_attn.v_proj
encoder.layers.5.self_attn.q_proj
encoder.layers.5.self_attn.out_proj
encoder.layers.6.self_attn.k_proj
encoder.layers.6.self_attn.v_proj
encoder.layers.6.self_attn.q_proj
encoder.layers.6.self_attn.out_proj
encoder.layers.7.self_attn.k_proj
encoder.layers.7.self_attn.v_proj
encoder.layers.7.self_attn.q_proj
encoder.layers.7.self_attn.out_proj
encoder.layers.8.self_attn.k_proj
encoder.layers.8.self_attn.v_proj
encoder.layers.8.self_attn.q_proj
encoder.layers.8.self_attn.out_proj
encoder.layers.9.self_attn.k_proj
encoder.layers.9.self_attn.v_proj
encoder.layers.9.self_attn.q_proj
encoder.layers.9.self_attn.out_proj
encoder.layers.10.self_attn.k_proj
encoder.layers.10.self_attn.v_proj
encoder.layers.10.self_attn.q_proj
encoder.layers.10.self_attn.out_proj
encoder.layers.11.self_attn.k_proj
encoder.layers.11.self_attn.v_proj
encoder.layers.11.self_attn.q_proj
encoder.layers.11.self_attn.out_proj
encoder.layers.12.self_attn.k_proj
encoder.layers.12.self_attn.v_proj
encoder.layers.12.self_attn.q_proj
encoder.layers.12.self_attn.out_proj
encoder.layers.13.self_attn.k_proj
encoder.layers.13.self_attn.v_proj
encoder.layers.13.self_attn.q_proj
encoder.layers.13.self_attn.out_proj
encoder.layers.14.self_attn.k_proj
encoder.layers.14.self_attn.v_proj
encoder.layers.14.self_attn.q_proj
encoder.layers.14.self_attn.out_proj
encoder.layers.15.self_attn.k_proj
encoder.layers.15.self_attn.v_proj
encoder.layers.15.self_attn.q_proj
encoder.layers.15.self_attn.out_proj
encoder.layers.16.self_attn.k_proj
encoder.layers.16.self_attn.v_proj
encoder.layers.16.self_attn.q_proj
encoder.layers.16.self_attn.out_proj
encoder.layers.17.self_attn.k_proj
encoder.layers.17.self_attn.v_proj
encoder.layers.17.self_attn.q_proj
encoder.layers.17.self_attn.out_proj
encoder.layers.18.self_attn.k_proj
encoder.layers.18.self_attn.v_proj
encoder.layers.18.self_attn.q_proj
encoder.layers.18.self_attn.out_proj
encoder.layers.19.self_attn.k_proj
encoder.layers.19.self_attn.v_proj
encoder.layers.19.self_attn.q_proj
encoder.layers.19.self_attn.out_proj
encoder.layers.20.self_attn.k_proj
encoder.layers.20.self_attn.v_proj
encoder.layers.20.self_attn.q_proj
encoder.layers.20.self_attn.out_proj
encoder.layers.21.self_attn.k_proj
encoder.layers.21.self_attn.v_proj
encoder.layers.21.self_attn.q_proj
encoder.layers.21.self_attn.out_proj
encoder.layers.22.self_attn.k_proj
encoder.layers.22.self_attn.v_proj
encoder.layers.22.self_attn.q_proj
encoder.layers.22.self_attn.out_proj
encoder.layers.23.self_attn.k_proj
encoder.layers.23.self_attn.v_proj
encoder.layers.23.self_attn.q_proj
encoder.layers.23.self_attn.out_proj
⚠️ Non-linear modules skipped: 24
('encoder.layers.0.self_attn', 'CLIPAttention')
('encoder.layers.1.self_attn', 'CLIPAttention')
('encoder.layers.2.self_attn', 'CLIPAttention')
('encoder.layers.3.self_attn', 'CLIPAttention')
('encoder.layers.4.self_attn', 'CLIPAttention')
('encoder.layers.5.self_attn', 'CLIPAttention')
('encoder.layers.6.self_attn', 'CLIPAttention')
('encoder.layers.7.self_attn', 'CLIPAttention')
('encoder.layers.8.self_attn', 'CLIPAttention')
('encoder.layers.9.self_attn', 'CLIPAttention')
('encoder.layers.10.self_attn', 'CLIPAttention')
('encoder.layers.11.self_attn', 'CLIPAttention')
('encoder.layers.12.self_attn', 'CLIPAttention')
('encoder.layers.13.self_attn', 'CLIPAttention')
('encoder.layers.14.self_attn', 'CLIPAttention')
('encoder.layers.15.self_attn', 'CLIPAttention')
('encoder.layers.16.self_attn', 'CLIPAttention')
('encoder.layers.17.self_attn', 'CLIPAttention')
('encoder.layers.18.self_attn', 'CLIPAttention')
('encoder.layers.19.self_attn', 'CLIPAttention')
('encoder.layers.20.self_attn', 'CLIPAttention')
('encoder.layers.21.self_attn', 'CLIPAttention')
('encoder.layers.22.self_attn', 'CLIPAttention')
('encoder.layers.23.self_attn', 'CLIPAttention')

🔧 Applying Block-LoRA to CLIP...

⚙️ Setting up optimizer...
✅ Setup complete!
   Block-LoRA params: 3,145,728
   Decoder params: 0

======================================================================
🎯 STARTING TRAINING
======================================================================


======================================================================
Epoch 1/20
======================================================================

📊 Epoch 1 Summary:
  Train Loss: 0.2738
  Val Loss: 0.3674
  Val mIoU: 0.4481
💾 Best model saved! (mIoU: 0.4481)

======================================================================
Epoch 2/20
======================================================================

📊 Epoch 2 Summary:
  Train Loss: 0.2688
  Val Loss: 0.3652
  Val mIoU: 0.4497
💾 Best model saved! (mIoU: 0.4497)

======================================================================
Epoch 3/20
======================================================================

📊 Epoch 3 Summary:
  Train Loss: 0.2644
  Val Loss: 0.3621
  Val mIoU: 0.4520
💾 Best model saved! (mIoU: 0.4520)

======================================================================
Epoch 4/20
======================================================================

📊 Epoch 4 Summary:
  Train Loss: 0.2592
  Val Loss: 0.3585
  Val mIoU: 0.4535
💾 Best model saved! (mIoU: 0.4535)

======================================================================
Epoch 5/20
======================================================================

📊 Epoch 5 Summary:
  Train Loss: 0.2547
  Val Loss: 0.3593
  Val mIoU: 0.4541
💾 Best model saved! (mIoU: 0.4541)

======================================================================
Epoch 6/20
======================================================================

📊 Epoch 6 Summary:
  Train Loss: 0.2503
  Val Loss: 0.3590
  Val mIoU: 0.4543
💾 Best model saved! (mIoU: 0.4543)

======================================================================
Epoch 7/20
======================================================================

📊 Epoch 7 Summary:
  Train Loss: 0.2463
  Val Loss: 0.3589
  Val mIoU: 0.4550
💾 Best model saved! (mIoU: 0.4550)

======================================================================
Epoch 8/20
======================================================================

📊 Epoch 8 Summary:
  Train Loss: 0.2434
  Val Loss: 0.3609
  Val mIoU: 0.4543

======================================================================
Epoch 9/20
======================================================================

📊 Epoch 9 Summary:
  Train Loss: 0.2394
  Val Loss: 0.3574
  Val mIoU: 0.4563
💾 Best model saved! (mIoU: 0.4563)

======================================================================
Epoch 10/20
======================================================================

📊 Epoch 10 Summary:
  Train Loss: 0.2359
  Val Loss: 0.3576
  Val mIoU: 0.4582
💾 Best model saved! (mIoU: 0.4582)

======================================================================
Epoch 11/20
======================================================================

📊 Epoch 11 Summary:
  Train Loss: 0.2335
  Val Loss: 0.3588
  Val mIoU: 0.4588
💾 Best model saved! (mIoU: 0.4588)

======================================================================
Epoch 12/20
======================================================================

📊 Epoch 12 Summary:
  Train Loss: 0.2313
  Val Loss: 0.3573
  Val mIoU: 0.4588

======================================================================
Epoch 13/20
======================================================================

📊 Epoch 13 Summary:
  Train Loss: 0.2298
  Val Loss: 0.3583
  Val mIoU: 0.4580

======================================================================
Epoch 14/20
======================================================================

📊 Epoch 14 Summary:
  Train Loss: 0.2281
  Val Loss: 0.3597
  Val mIoU: 0.4575

======================================================================
Epoch 15/20
======================================================================

📊 Epoch 15 Summary:
  Train Loss: 0.2269
  Val Loss: 0.3587
  Val mIoU: 0.4575

======================================================================
Epoch 16/20
======================================================================

📊 Epoch 16 Summary:
  Train Loss: 0.2263
  Val Loss: 0.3587
  Val mIoU: 0.4582

======================================================================
Epoch 17/20
======================================================================

📊 Epoch 17 Summary:
  Train Loss: 0.2249
  Val Loss: 0.3591
  Val mIoU: 0.4581

======================================================================
Epoch 18/20
======================================================================

📊 Epoch 18 Summary:
  Train Loss: 0.2247
  Val Loss: 0.3600
  Val mIoU: 0.4579

======================================================================
Epoch 19/20
======================================================================

📊 Epoch 19 Summary:
  Train Loss: 0.2241
  Val Loss: 0.3596
  Val mIoU: 0.4580

======================================================================
Epoch 20/20
======================================================================

📊 Epoch 20 Summary:
  Train Loss: 0.2246
  Val Loss: 0.3598
  Val mIoU: 0.4580

======================================================================
✅ TRAINING COMPLETE!
======================================================================
Best mIoU: 0.4588
======================================================================
======================================================================
🚀 BLOCK-LORA TRAINING (ACDC-snow)
======================================================================
Start: 2025-11-24 13:00:13
Device: cuda
Block-LoRA: r=16, n=2
======================================================================

 Creating base model...

📂 Loading baseline decoder...
✅ Baseline decoder loaded!
✅ Linear-like modules found: 96
encoder.layers.0.self_attn.k_proj
encoder.layers.0.self_attn.v_proj
encoder.layers.0.self_attn.q_proj
encoder.layers.0.self_attn.out_proj
encoder.layers.1.self_attn.k_proj
encoder.layers.1.self_attn.v_proj
encoder.layers.1.self_attn.q_proj
encoder.layers.1.self_attn.out_proj
encoder.layers.2.self_attn.k_proj
encoder.layers.2.self_attn.v_proj
encoder.layers.2.self_attn.q_proj
encoder.layers.2.self_attn.out_proj
encoder.layers.3.self_attn.k_proj
encoder.layers.3.self_attn.v_proj
encoder.layers.3.self_attn.q_proj
encoder.layers.3.self_attn.out_proj
encoder.layers.4.self_attn.k_proj
encoder.layers.4.self_attn.v_proj
encoder.layers.4.self_attn.q_proj
encoder.layers.4.self_attn.out_proj
encoder.layers.5.self_attn.k_proj
encoder.layers.5.self_attn.v_proj
encoder.layers.5.self_attn.q_proj
encoder.layers.5.self_attn.out_proj
encoder.layers.6.self_attn.k_proj
encoder.layers.6.self_attn.v_proj
encoder.layers.6.self_attn.q_proj
encoder.layers.6.self_attn.out_proj
encoder.layers.7.self_attn.k_proj
encoder.layers.7.self_attn.v_proj
encoder.layers.7.self_attn.q_proj
encoder.layers.7.self_attn.out_proj
encoder.layers.8.self_attn.k_proj
encoder.layers.8.self_attn.v_proj
encoder.layers.8.self_attn.q_proj
encoder.layers.8.self_attn.out_proj
encoder.layers.9.self_attn.k_proj
encoder.layers.9.self_attn.v_proj
encoder.layers.9.self_attn.q_proj
encoder.layers.9.self_attn.out_proj
encoder.layers.10.self_attn.k_proj
encoder.layers.10.self_attn.v_proj
encoder.layers.10.self_attn.q_proj
encoder.layers.10.self_attn.out_proj
encoder.layers.11.self_attn.k_proj
encoder.layers.11.self_attn.v_proj
encoder.layers.11.self_attn.q_proj
encoder.layers.11.self_attn.out_proj
encoder.layers.12.self_attn.k_proj
encoder.layers.12.self_attn.v_proj
encoder.layers.12.self_attn.q_proj
encoder.layers.12.self_attn.out_proj
encoder.layers.13.self_attn.k_proj
encoder.layers.13.self_attn.v_proj
encoder.layers.13.self_attn.q_proj
encoder.layers.13.self_attn.out_proj
encoder.layers.14.self_attn.k_proj
encoder.layers.14.self_attn.v_proj
encoder.layers.14.self_attn.q_proj
encoder.layers.14.self_attn.out_proj
encoder.layers.15.self_attn.k_proj
encoder.layers.15.self_attn.v_proj
encoder.layers.15.self_attn.q_proj
encoder.layers.15.self_attn.out_proj
encoder.layers.16.self_attn.k_proj
encoder.layers.16.self_attn.v_proj
encoder.layers.16.self_attn.q_proj
encoder.layers.16.self_attn.out_proj
encoder.layers.17.self_attn.k_proj
encoder.layers.17.self_attn.v_proj
encoder.layers.17.self_attn.q_proj
encoder.layers.17.self_attn.out_proj
encoder.layers.18.self_attn.k_proj
encoder.layers.18.self_attn.v_proj
encoder.layers.18.self_attn.q_proj
encoder.layers.18.self_attn.out_proj
encoder.layers.19.self_attn.k_proj
encoder.layers.19.self_attn.v_proj
encoder.layers.19.self_attn.q_proj
encoder.layers.19.self_attn.out_proj
encoder.layers.20.self_attn.k_proj
encoder.layers.20.self_attn.v_proj
encoder.layers.20.self_attn.q_proj
encoder.layers.20.self_attn.out_proj
encoder.layers.21.self_attn.k_proj
encoder.layers.21.self_attn.v_proj
encoder.layers.21.self_attn.q_proj
encoder.layers.21.self_attn.out_proj
encoder.layers.22.self_attn.k_proj
encoder.layers.22.self_attn.v_proj
encoder.layers.22.self_attn.q_proj
encoder.layers.22.self_attn.out_proj
encoder.layers.23.self_attn.k_proj
encoder.layers.23.self_attn.v_proj
encoder.layers.23.self_attn.q_proj
encoder.layers.23.self_attn.out_proj
⚠️ Non-linear modules skipped: 24
('encoder.layers.0.self_attn', 'CLIPAttention')
('encoder.layers.1.self_attn', 'CLIPAttention')
('encoder.layers.2.self_attn', 'CLIPAttention')
('encoder.layers.3.self_attn', 'CLIPAttention')
('encoder.layers.4.self_attn', 'CLIPAttention')
('encoder.layers.5.self_attn', 'CLIPAttention')
('encoder.layers.6.self_attn', 'CLIPAttention')
('encoder.layers.7.self_attn', 'CLIPAttention')
('encoder.layers.8.self_attn', 'CLIPAttention')
('encoder.layers.9.self_attn', 'CLIPAttention')
('encoder.layers.10.self_attn', 'CLIPAttention')
('encoder.layers.11.self_attn', 'CLIPAttention')
('encoder.layers.12.self_attn', 'CLIPAttention')
('encoder.layers.13.self_attn', 'CLIPAttention')
('encoder.layers.14.self_attn', 'CLIPAttention')
('encoder.layers.15.self_attn', 'CLIPAttention')
('encoder.layers.16.self_attn', 'CLIPAttention')
('encoder.layers.17.self_attn', 'CLIPAttention')
('encoder.layers.18.self_attn', 'CLIPAttention')
('encoder.layers.19.self_attn', 'CLIPAttention')
('encoder.layers.20.self_attn', 'CLIPAttention')
('encoder.layers.21.self_attn', 'CLIPAttention')
('encoder.layers.22.self_attn', 'CLIPAttention')
('encoder.layers.23.self_attn', 'CLIPAttention')

🔧 Applying Block-LoRA to CLIP...

⚙️ Setting up optimizer...
✅ Setup complete!
   Block-LoRA params: 3,145,728
   Decoder params: 0

======================================================================
🎯 STARTING TRAINING
======================================================================


======================================================================
Epoch 1/20
======================================================================

📊 Epoch 1 Summary:
  Train Loss: 0.5267
  Val Loss: 0.4988
  Val mIoU: 0.3691
💾 Best model saved! (mIoU: 0.3691)

======================================================================
Epoch 2/20
======================================================================

📊 Epoch 2 Summary:
  Train Loss: 0.4724
  Val Loss: 0.4352
  Val mIoU: 0.3866
💾 Best model saved! (mIoU: 0.3866)

======================================================================
Epoch 3/20
======================================================================

📊 Epoch 3 Summary:
  Train Loss: 0.4249
  Val Loss: 0.4130
  Val mIoU: 0.3932
💾 Best model saved! (mIoU: 0.3932)

======================================================================
Epoch 4/20
======================================================================

📊 Epoch 4 Summary:
  Train Loss: 0.4098
  Val Loss: 0.4042
  Val mIoU: 0.3960
💾 Best model saved! (mIoU: 0.3960)

======================================================================
Epoch 5/20
======================================================================

📊 Epoch 5 Summary:
  Train Loss: 0.3985
  Val Loss: 0.3983
  Val mIoU: 0.3987
💾 Best model saved! (mIoU: 0.3987)

======================================================================
Epoch 6/20
======================================================================

📊 Epoch 6 Summary:
  Train Loss: 0.3892
  Val Loss: 0.3928
  Val mIoU: 0.4009
💾 Best model saved! (mIoU: 0.4009)

======================================================================
Epoch 7/20
======================================================================

📊 Epoch 7 Summary:
  Train Loss: 0.3814
  Val Loss: 0.3880
  Val mIoU: 0.4026
💾 Best model saved! (mIoU: 0.4026)

======================================================================
Epoch 8/20
======================================================================

📊 Epoch 8 Summary:
  Train Loss: 0.3740
  Val Loss: 0.3843
  Val mIoU: 0.4054
💾 Best model saved! (mIoU: 0.4054)

======================================================================
Epoch 9/20
======================================================================

📊 Epoch 9 Summary:
  Train Loss: 0.3661
  Val Loss: 0.3812
  Val mIoU: 0.4076
💾 Best model saved! (mIoU: 0.4076)

======================================================================
Epoch 10/20
======================================================================

📊 Epoch 10 Summary:
  Train Loss: 0.3627
  Val Loss: 0.3787
  Val mIoU: 0.4101
💾 Best model saved! (mIoU: 0.4101)

======================================================================
Epoch 11/20
======================================================================

📊 Epoch 11 Summary:
  Train Loss: 0.3595
  Val Loss: 0.3769
  Val mIoU: 0.4123
💾 Best model saved! (mIoU: 0.4123)

======================================================================
Epoch 12/20
======================================================================

📊 Epoch 12 Summary:
  Train Loss: 0.3549
  Val Loss: 0.3750
  Val mIoU: 0.4131
💾 Best model saved! (mIoU: 0.4131)

======================================================================
Epoch 13/20
======================================================================

📊 Epoch 13 Summary:
  Train Loss: 0.3514
  Val Loss: 0.3739
  Val mIoU: 0.4140
💾 Best model saved! (mIoU: 0.4140)

======================================================================
Epoch 14/20
======================================================================

📊 Epoch 14 Summary:
  Train Loss: 0.3498
  Val Loss: 0.3729
  Val mIoU: 0.4148
💾 Best model saved! (mIoU: 0.4148)

======================================================================
Epoch 15/20
======================================================================

📊 Epoch 15 Summary:
  Train Loss: 0.3474
  Val Loss: 0.3720
  Val mIoU: 0.4158
💾 Best model saved! (mIoU: 0.4158)

======================================================================
Epoch 16/20
======================================================================

📊 Epoch 16 Summary:
  Train Loss: 0.3473
  Val Loss: 0.3716
  Val mIoU: 0.4165
💾 Best model saved! (mIoU: 0.4165)

======================================================================
Epoch 17/20
======================================================================

📊 Epoch 17 Summary:
  Train Loss: 0.3459
  Val Loss: 0.3712
  Val mIoU: 0.4167
💾 Best model saved! (mIoU: 0.4167)

======================================================================
Epoch 18/20
======================================================================

📊 Epoch 18 Summary:
  Train Loss: 0.3443
  Val Loss: 0.3710
  Val mIoU: 0.4169
💾 Best model saved! (mIoU: 0.4169)

======================================================================
Epoch 19/20
======================================================================

📊 Epoch 19 Summary:
  Train Loss: 0.3450
  Val Loss: 0.3709
  Val mIoU: 0.4170
💾 Best model saved! (mIoU: 0.4170)

======================================================================
Epoch 20/20
======================================================================

📊 Epoch 20 Summary:
  Train Loss: 0.3450
  Val Loss: 0.3709
  Val mIoU: 0.4171
💾 Best model saved! (mIoU: 0.4171)

======================================================================
✅ TRAINING COMPLETE!
======================================================================
Best mIoU: 0.4171
======================================================================
======================================================================
🚀 BLOCK-LORA TRAINING (ACDC-snow)
======================================================================
Start: 2025-11-24 14:02:37
Device: cuda
Block-LoRA: r=16, n=2
======================================================================

 Creating base model...

📂 Loading baseline decoder...
✅ Baseline decoder loaded!
✅ Linear-like modules found: 96
encoder.layers.0.self_attn.k_proj
encoder.layers.0.self_attn.v_proj
encoder.layers.0.self_attn.q_proj
encoder.layers.0.self_attn.out_proj
encoder.layers.1.self_attn.k_proj
encoder.layers.1.self_attn.v_proj
encoder.layers.1.self_attn.q_proj
encoder.layers.1.self_attn.out_proj
encoder.layers.2.self_attn.k_proj
encoder.layers.2.self_attn.v_proj
encoder.layers.2.self_attn.q_proj
encoder.layers.2.self_attn.out_proj
encoder.layers.3.self_attn.k_proj
encoder.layers.3.self_attn.v_proj
encoder.layers.3.self_attn.q_proj
encoder.layers.3.self_attn.out_proj
encoder.layers.4.self_attn.k_proj
encoder.layers.4.self_attn.v_proj
encoder.layers.4.self_attn.q_proj
encoder.layers.4.self_attn.out_proj
encoder.layers.5.self_attn.k_proj
encoder.layers.5.self_attn.v_proj
encoder.layers.5.self_attn.q_proj
encoder.layers.5.self_attn.out_proj
encoder.layers.6.self_attn.k_proj
encoder.layers.6.self_attn.v_proj
encoder.layers.6.self_attn.q_proj
encoder.layers.6.self_attn.out_proj
encoder.layers.7.self_attn.k_proj
encoder.layers.7.self_attn.v_proj
encoder.layers.7.self_attn.q_proj
encoder.layers.7.self_attn.out_proj
encoder.layers.8.self_attn.k_proj
encoder.layers.8.self_attn.v_proj
encoder.layers.8.self_attn.q_proj
encoder.layers.8.self_attn.out_proj
encoder.layers.9.self_attn.k_proj
encoder.layers.9.self_attn.v_proj
encoder.layers.9.self_attn.q_proj
encoder.layers.9.self_attn.out_proj
encoder.layers.10.self_attn.k_proj
encoder.layers.10.self_attn.v_proj
encoder.layers.10.self_attn.q_proj
encoder.layers.10.self_attn.out_proj
encoder.layers.11.self_attn.k_proj
encoder.layers.11.self_attn.v_proj
encoder.layers.11.self_attn.q_proj
encoder.layers.11.self_attn.out_proj
encoder.layers.12.self_attn.k_proj
encoder.layers.12.self_attn.v_proj
encoder.layers.12.self_attn.q_proj
encoder.layers.12.self_attn.out_proj
encoder.layers.13.self_attn.k_proj
encoder.layers.13.self_attn.v_proj
encoder.layers.13.self_attn.q_proj
encoder.layers.13.self_attn.out_proj
encoder.layers.14.self_attn.k_proj
encoder.layers.14.self_attn.v_proj
encoder.layers.14.self_attn.q_proj
encoder.layers.14.self_attn.out_proj
encoder.layers.15.self_attn.k_proj
encoder.layers.15.self_attn.v_proj
encoder.layers.15.self_attn.q_proj
encoder.layers.15.self_attn.out_proj
encoder.layers.16.self_attn.k_proj
encoder.layers.16.self_attn.v_proj
encoder.layers.16.self_attn.q_proj
encoder.layers.16.self_attn.out_proj
encoder.layers.17.self_attn.k_proj
encoder.layers.17.self_attn.v_proj
encoder.layers.17.self_attn.q_proj
encoder.layers.17.self_attn.out_proj
encoder.layers.18.self_attn.k_proj
encoder.layers.18.self_attn.v_proj
encoder.layers.18.self_attn.q_proj
encoder.layers.18.self_attn.out_proj
encoder.layers.19.self_attn.k_proj
encoder.layers.19.self_attn.v_proj
encoder.layers.19.self_attn.q_proj
encoder.layers.19.self_attn.out_proj
encoder.layers.20.self_attn.k_proj
encoder.layers.20.self_attn.v_proj
encoder.layers.20.self_attn.q_proj
encoder.layers.20.self_attn.out_proj
encoder.layers.21.self_attn.k_proj
encoder.layers.21.self_attn.v_proj
encoder.layers.21.self_attn.q_proj
encoder.layers.21.self_attn.out_proj
encoder.layers.22.self_attn.k_proj
encoder.layers.22.self_attn.v_proj
encoder.layers.22.self_attn.q_proj
encoder.layers.22.self_attn.out_proj
encoder.layers.23.self_attn.k_proj
encoder.layers.23.self_attn.v_proj
encoder.layers.23.self_attn.q_proj
encoder.layers.23.self_attn.out_proj
⚠️ Non-linear modules skipped: 24
('encoder.layers.0.self_attn', 'CLIPAttention')
('encoder.layers.1.self_attn', 'CLIPAttention')
('encoder.layers.2.self_attn', 'CLIPAttention')
('encoder.layers.3.self_attn', 'CLIPAttention')
('encoder.layers.4.self_attn', 'CLIPAttention')
('encoder.layers.5.self_attn', 'CLIPAttention')
('encoder.layers.6.self_attn', 'CLIPAttention')
('encoder.layers.7.self_attn', 'CLIPAttention')
('encoder.layers.8.self_attn', 'CLIPAttention')
('encoder.layers.9.self_attn', 'CLIPAttention')
('encoder.layers.10.self_attn', 'CLIPAttention')
('encoder.layers.11.self_attn', 'CLIPAttention')
('encoder.layers.12.self_attn', 'CLIPAttention')
('encoder.layers.13.self_attn', 'CLIPAttention')
('encoder.layers.14.self_attn', 'CLIPAttention')
('encoder.layers.15.self_attn', 'CLIPAttention')
('encoder.layers.16.self_attn', 'CLIPAttention')
('encoder.layers.17.self_attn', 'CLIPAttention')
('encoder.layers.18.self_attn', 'CLIPAttention')
('encoder.layers.19.self_attn', 'CLIPAttention')
('encoder.layers.20.self_attn', 'CLIPAttention')
('encoder.layers.21.self_attn', 'CLIPAttention')
('encoder.layers.22.self_attn', 'CLIPAttention')
('encoder.layers.23.self_attn', 'CLIPAttention')

🔧 Applying Block-LoRA to CLIP...

⚙️ Setting up optimizer...
✅ Setup complete!
   Block-LoRA params: 3,145,728
   Decoder params: 0

======================================================================
🎯 STARTING TRAINING
======================================================================


======================================================================
Epoch 1/30
======================================================================

📊 Epoch 1 Summary:
  Train Loss: 0.5250
  Val Loss: 0.4995
  Val mIoU: 0.3691
💾 Best model saved! (mIoU: 0.3691)

======================================================================
Epoch 2/30
======================================================================

📊 Epoch 2 Summary:
  Train Loss: 0.4747
  Val Loss: 0.4362
  Val mIoU: 0.3866
💾 Best model saved! (mIoU: 0.3866)

======================================================================
Epoch 3/30
======================================================================

📊 Epoch 3 Summary:
  Train Loss: 0.4266
  Val Loss: 0.4132
  Val mIoU: 0.3936
💾 Best model saved! (mIoU: 0.3936)

======================================================================
Epoch 4/30
======================================================================

📊 Epoch 4 Summary:
  Train Loss: 0.4099
  Val Loss: 0.4042
  Val mIoU: 0.3963
💾 Best model saved! (mIoU: 0.3963)

======================================================================
Epoch 5/30
======================================================================

📊 Epoch 5 Summary:
  Train Loss: 0.3974
  Val Loss: 0.3983
  Val mIoU: 0.3980
💾 Best model saved! (mIoU: 0.3980)

======================================================================
Epoch 6/30
======================================================================

📊 Epoch 6 Summary:
  Train Loss: 0.3883
  Val Loss: 0.3926
  Val mIoU: 0.4002
💾 Best model saved! (mIoU: 0.4002)

======================================================================
Epoch 7/30
======================================================================

📊 Epoch 7 Summary:
  Train Loss: 0.3803
  Val Loss: 0.3878
  Val mIoU: 0.4029
💾 Best model saved! (mIoU: 0.4029)

======================================================================
Epoch 8/30
======================================================================

📊 Epoch 8 Summary:
  Train Loss: 0.3723
  Val Loss: 0.3841
  Val mIoU: 0.4050
💾 Best model saved! (mIoU: 0.4050)

======================================================================
Epoch 9/30
======================================================================

📊 Epoch 9 Summary:
  Train Loss: 0.3668
  Val Loss: 0.3809
  Val mIoU: 0.4083
💾 Best model saved! (mIoU: 0.4083)

======================================================================
Epoch 10/30
======================================================================

📊 Epoch 10 Summary:
  Train Loss: 0.3610
  Val Loss: 0.3783
  Val mIoU: 0.4107
💾 Best model saved! (mIoU: 0.4107)

======================================================================
Epoch 11/30
======================================================================

📊 Epoch 11 Summary:
  Train Loss: 0.3573
  Val Loss: 0.3762
  Val mIoU: 0.4123
💾 Best model saved! (mIoU: 0.4123)

======================================================================
Epoch 12/30
======================================================================

📊 Epoch 12 Summary:
  Train Loss: 0.3517
  Val Loss: 0.3742
  Val mIoU: 0.4142
💾 Best model saved! (mIoU: 0.4142)

======================================================================
Epoch 13/30
======================================================================

📊 Epoch 13 Summary:
  Train Loss: 0.3486
  Val Loss: 0.3728
  Val mIoU: 0.4153
💾 Best model saved! (mIoU: 0.4153)

======================================================================
Epoch 14/30
======================================================================

📊 Epoch 14 Summary:
  Train Loss: 0.3434
  Val Loss: 0.3711
  Val mIoU: 0.4165
💾 Best model saved! (mIoU: 0.4165)

======================================================================
Epoch 15/30
======================================================================

📊 Epoch 15 Summary:
  Train Loss: 0.3411
  Val Loss: 0.3696
  Val mIoU: 0.4183
💾 Best model saved! (mIoU: 0.4183)

======================================================================
Epoch 16/30
======================================================================

📊 Epoch 16 Summary:
  Train Loss: 0.3385
  Val Loss: 0.3680
  Val mIoU: 0.4200
💾 Best model saved! (mIoU: 0.4200)

======================================================================
Epoch 17/30
======================================================================

📊 Epoch 17 Summary:
  Train Loss: 0.3355
  Val Loss: 0.3665
  Val mIoU: 0.4212
💾 Best model saved! (mIoU: 0.4212)

======================================================================
Epoch 18/30
======================================================================

📊 Epoch 18 Summary:
  Train Loss: 0.3339
  Val Loss: 0.3654
  Val mIoU: 0.4224
💾 Best model saved! (mIoU: 0.4224)

======================================================================
Epoch 19/30
======================================================================

📊 Epoch 19 Summary:
  Train Loss: 0.3336
  Val Loss: 0.3648
  Val mIoU: 0.4231
💾 Best model saved! (mIoU: 0.4231)

======================================================================
Epoch 20/30
======================================================================

📊 Epoch 20 Summary:
  Train Loss: 0.3304
  Val Loss: 0.3642
  Val mIoU: 0.4239
💾 Best model saved! (mIoU: 0.4239)

======================================================================
Epoch 21/30
======================================================================

📊 Epoch 21 Summary:
  Train Loss: 0.3291
  Val Loss: 0.3636
  Val mIoU: 0.4243
💾 Best model saved! (mIoU: 0.4243)

======================================================================
Epoch 22/30
======================================================================

📊 Epoch 22 Summary:
  Train Loss: 0.3282
  Val Loss: 0.3632
  Val mIoU: 0.4247
💾 Best model saved! (mIoU: 0.4247)

======================================================================
Epoch 23/30
======================================================================

📊 Epoch 23 Summary:
  Train Loss: 0.3277
  Val Loss: 0.3628
  Val mIoU: 0.4250
💾 Best model saved! (mIoU: 0.4250)

======================================================================
Epoch 24/30
======================================================================

📊 Epoch 24 Summary:
  Train Loss: 0.3268
  Val Loss: 0.3627
  Val mIoU: 0.4251
💾 Best model saved! (mIoU: 0.4251)

======================================================================
Epoch 25/30
======================================================================

📊 Epoch 25 Summary:
  Train Loss: 0.3261
  Val Loss: 0.3625
  Val mIoU: 0.4253
💾 Best model saved! (mIoU: 0.4253)

======================================================================
Epoch 26/30
======================================================================

📊 Epoch 26 Summary:
  Train Loss: 0.3251
  Val Loss: 0.3624
  Val mIoU: 0.4254
💾 Best model saved! (mIoU: 0.4254)

======================================================================
Epoch 27/30
======================================================================

📊 Epoch 27 Summary:
  Train Loss: 0.3250
  Val Loss: 0.3623
  Val mIoU: 0.4255
💾 Best model saved! (mIoU: 0.4255)

======================================================================
Epoch 28/30
======================================================================

📊 Epoch 28 Summary:
  Train Loss: 0.3243
  Val Loss: 0.3622
  Val mIoU: 0.4256
💾 Best model saved! (mIoU: 0.4256)

======================================================================
Epoch 29/30
======================================================================

📊 Epoch 29 Summary:
  Train Loss: 0.3244
  Val Loss: 0.3622
  Val mIoU: 0.4256
💾 Best model saved! (mIoU: 0.4256)

======================================================================
Epoch 30/30
======================================================================

📊 Epoch 30 Summary:
  Train Loss: 0.3248
  Val Loss: 0.3622
  Val mIoU: 0.4256

======================================================================
✅ TRAINING COMPLETE!
======================================================================
Best mIoU: 0.4256
======================================================================
