======================================================================
🚀 BLOCK-LORA TRAINING (MUSES-clear)
======================================================================
Start: 2025-11-24 11:48:16
Device: cuda
Block-LoRA: r=16, n=2
======================================================================

 Creating base model...

📂 Loading baseline decoder...
✅ Baseline decoder loaded!
✅ Linear-like modules found: 96
encoder.layers.0.self_attn.k_proj
encoder.layers.0.self_attn.v_proj
encoder.layers.0.self_attn.q_proj
encoder.layers.0.self_attn.out_proj
encoder.layers.1.self_attn.k_proj
encoder.layers.1.self_attn.v_proj
encoder.layers.1.self_attn.q_proj
encoder.layers.1.self_attn.out_proj
encoder.layers.2.self_attn.k_proj
encoder.layers.2.self_attn.v_proj
encoder.layers.2.self_attn.q_proj
encoder.layers.2.self_attn.out_proj
encoder.layers.3.self_attn.k_proj
encoder.layers.3.self_attn.v_proj
encoder.layers.3.self_attn.q_proj
encoder.layers.3.self_attn.out_proj
encoder.layers.4.self_attn.k_proj
encoder.layers.4.self_attn.v_proj
encoder.layers.4.self_attn.q_proj
encoder.layers.4.self_attn.out_proj
encoder.layers.5.self_attn.k_proj
encoder.layers.5.self_attn.v_proj
encoder.layers.5.self_attn.q_proj
encoder.layers.5.self_attn.out_proj
encoder.layers.6.self_attn.k_proj
encoder.layers.6.self_attn.v_proj
encoder.layers.6.self_attn.q_proj
encoder.layers.6.self_attn.out_proj
encoder.layers.7.self_attn.k_proj
encoder.layers.7.self_attn.v_proj
encoder.layers.7.self_attn.q_proj
encoder.layers.7.self_attn.out_proj
encoder.layers.8.self_attn.k_proj
encoder.layers.8.self_attn.v_proj
encoder.layers.8.self_attn.q_proj
encoder.layers.8.self_attn.out_proj
encoder.layers.9.self_attn.k_proj
encoder.layers.9.self_attn.v_proj
encoder.layers.9.self_attn.q_proj
encoder.layers.9.self_attn.out_proj
encoder.layers.10.self_attn.k_proj
encoder.layers.10.self_attn.v_proj
encoder.layers.10.self_attn.q_proj
encoder.layers.10.self_attn.out_proj
encoder.layers.11.self_attn.k_proj
encoder.layers.11.self_attn.v_proj
encoder.layers.11.self_attn.q_proj
encoder.layers.11.self_attn.out_proj
encoder.layers.12.self_attn.k_proj
encoder.layers.12.self_attn.v_proj
encoder.layers.12.self_attn.q_proj
encoder.layers.12.self_attn.out_proj
encoder.layers.13.self_attn.k_proj
encoder.layers.13.self_attn.v_proj
encoder.layers.13.self_attn.q_proj
encoder.layers.13.self_attn.out_proj
encoder.layers.14.self_attn.k_proj
encoder.layers.14.self_attn.v_proj
encoder.layers.14.self_attn.q_proj
encoder.layers.14.self_attn.out_proj
encoder.layers.15.self_attn.k_proj
encoder.layers.15.self_attn.v_proj
encoder.layers.15.self_attn.q_proj
encoder.layers.15.self_attn.out_proj
encoder.layers.16.self_attn.k_proj
encoder.layers.16.self_attn.v_proj
encoder.layers.16.self_attn.q_proj
encoder.layers.16.self_attn.out_proj
encoder.layers.17.self_attn.k_proj
encoder.layers.17.self_attn.v_proj
encoder.layers.17.self_attn.q_proj
encoder.layers.17.self_attn.out_proj
encoder.layers.18.self_attn.k_proj
encoder.layers.18.self_attn.v_proj
encoder.layers.18.self_attn.q_proj
encoder.layers.18.self_attn.out_proj
encoder.layers.19.self_attn.k_proj
encoder.layers.19.self_attn.v_proj
encoder.layers.19.self_attn.q_proj
encoder.layers.19.self_attn.out_proj
encoder.layers.20.self_attn.k_proj
encoder.layers.20.self_attn.v_proj
encoder.layers.20.self_attn.q_proj
encoder.layers.20.self_attn.out_proj
encoder.layers.21.self_attn.k_proj
encoder.layers.21.self_attn.v_proj
encoder.layers.21.self_attn.q_proj
encoder.layers.21.self_attn.out_proj
encoder.layers.22.self_attn.k_proj
encoder.layers.22.self_attn.v_proj
encoder.layers.22.self_attn.q_proj
encoder.layers.22.self_attn.out_proj
encoder.layers.23.self_attn.k_proj
encoder.layers.23.self_attn.v_proj
encoder.layers.23.self_attn.q_proj
encoder.layers.23.self_attn.out_proj
⚠️ Non-linear modules skipped: 24
('encoder.layers.0.self_attn', 'CLIPAttention')
('encoder.layers.1.self_attn', 'CLIPAttention')
('encoder.layers.2.self_attn', 'CLIPAttention')
('encoder.layers.3.self_attn', 'CLIPAttention')
('encoder.layers.4.self_attn', 'CLIPAttention')
('encoder.layers.5.self_attn', 'CLIPAttention')
('encoder.layers.6.self_attn', 'CLIPAttention')
('encoder.layers.7.self_attn', 'CLIPAttention')
('encoder.layers.8.self_attn', 'CLIPAttention')
('encoder.layers.9.self_attn', 'CLIPAttention')
('encoder.layers.10.self_attn', 'CLIPAttention')
('encoder.layers.11.self_attn', 'CLIPAttention')
('encoder.layers.12.self_attn', 'CLIPAttention')
('encoder.layers.13.self_attn', 'CLIPAttention')
('encoder.layers.14.self_attn', 'CLIPAttention')
('encoder.layers.15.self_attn', 'CLIPAttention')
('encoder.layers.16.self_attn', 'CLIPAttention')
('encoder.layers.17.self_attn', 'CLIPAttention')
('encoder.layers.18.self_attn', 'CLIPAttention')
('encoder.layers.19.self_attn', 'CLIPAttention')
('encoder.layers.20.self_attn', 'CLIPAttention')
('encoder.layers.21.self_attn', 'CLIPAttention')
('encoder.layers.22.self_attn', 'CLIPAttention')
('encoder.layers.23.self_attn', 'CLIPAttention')

🔧 Applying Block-LoRA to CLIP...

⚙️ Setting up optimizer...
✅ Setup complete!
   Block-LoRA params: 3,145,728
   Decoder params: 0

======================================================================
🎯 STARTING TRAINING
======================================================================


======================================================================
Epoch 1/20
======================================================================

📊 Epoch 1 Summary:
  Train Loss: 0.5977
  Val Loss: 0.5824
  Val mIoU: 0.3268
💾 Best model saved! (mIoU: 0.3268)

======================================================================
Epoch 2/20
======================================================================

📊 Epoch 2 Summary:
  Train Loss: 0.5629
  Val Loss: 0.5610
  Val mIoU: 0.3330
💾 Best model saved! (mIoU: 0.3330)

======================================================================
Epoch 3/20
======================================================================

📊 Epoch 3 Summary:
  Train Loss: 0.5361
  Val Loss: 0.5449
  Val mIoU: 0.3382
💾 Best model saved! (mIoU: 0.3382)

======================================================================
Epoch 4/20
======================================================================

📊 Epoch 4 Summary:
  Train Loss: 0.5061
  Val Loss: 0.5223
  Val mIoU: 0.3452
💾 Best model saved! (mIoU: 0.3452)

======================================================================
Epoch 5/20
======================================================================

📊 Epoch 5 Summary:
  Train Loss: 0.4810
  Val Loss: 0.5027
  Val mIoU: 0.3507
💾 Best model saved! (mIoU: 0.3507)

======================================================================
Epoch 6/20
======================================================================

📊 Epoch 6 Summary:
  Train Loss: 0.4599
  Val Loss: 0.4918
  Val mIoU: 0.3540
💾 Best model saved! (mIoU: 0.3540)

======================================================================
Epoch 7/20
======================================================================

📊 Epoch 7 Summary:
  Train Loss: 0.4465
  Val Loss: 0.4809
  Val mIoU: 0.3573
💾 Best model saved! (mIoU: 0.3573)

======================================================================
Epoch 8/20
======================================================================

📊 Epoch 8 Summary:
  Train Loss: 0.4310
  Val Loss: 0.4746
  Val mIoU: 0.3594
💾 Best model saved! (mIoU: 0.3594)

======================================================================
Epoch 9/20
======================================================================

📊 Epoch 9 Summary:
  Train Loss: 0.4228
  Val Loss: 0.4705
  Val mIoU: 0.3605
💾 Best model saved! (mIoU: 0.3605)

======================================================================
Epoch 10/20
======================================================================

📊 Epoch 10 Summary:
  Train Loss: 0.4149
  Val Loss: 0.4691
  Val mIoU: 0.3601

======================================================================
Epoch 11/20
======================================================================

📊 Epoch 11 Summary:
  Train Loss: 0.4099
  Val Loss: 0.4648
  Val mIoU: 0.3624
💾 Best model saved! (mIoU: 0.3624)

======================================================================
Epoch 12/20
======================================================================

📊 Epoch 12 Summary:
  Train Loss: 0.4060
  Val Loss: 0.4629
  Val mIoU: 0.3632
💾 Best model saved! (mIoU: 0.3632)

======================================================================
Epoch 13/20
======================================================================

📊 Epoch 13 Summary:
  Train Loss: 0.4002
  Val Loss: 0.4619
  Val mIoU: 0.3639
💾 Best model saved! (mIoU: 0.3639)

======================================================================
Epoch 14/20
======================================================================

📊 Epoch 14 Summary:
  Train Loss: 0.3961
  Val Loss: 0.4605
  Val mIoU: 0.3643
💾 Best model saved! (mIoU: 0.3643)

======================================================================
Epoch 15/20
======================================================================

📊 Epoch 15 Summary:
  Train Loss: 0.3941
  Val Loss: 0.4599
  Val mIoU: 0.3644
💾 Best model saved! (mIoU: 0.3644)

======================================================================
Epoch 16/20
======================================================================

📊 Epoch 16 Summary:
  Train Loss: 0.3936
  Val Loss: 0.4595
  Val mIoU: 0.3647
💾 Best model saved! (mIoU: 0.3647)

======================================================================
Epoch 17/20
======================================================================

📊 Epoch 17 Summary:
  Train Loss: 0.3896
  Val Loss: 0.4591
  Val mIoU: 0.3648
💾 Best model saved! (mIoU: 0.3648)

======================================================================
Epoch 18/20
======================================================================

📊 Epoch 18 Summary:
  Train Loss: 0.3896
  Val Loss: 0.4587
  Val mIoU: 0.3651
💾 Best model saved! (mIoU: 0.3651)

======================================================================
Epoch 19/20
======================================================================

📊 Epoch 19 Summary:
  Train Loss: 0.3883
  Val Loss: 0.4587
  Val mIoU: 0.3652
💾 Best model saved! (mIoU: 0.3652)

======================================================================
Epoch 20/20
======================================================================

📊 Epoch 20 Summary:
  Train Loss: 0.3890
  Val Loss: 0.4586
  Val mIoU: 0.3652

======================================================================
✅ TRAINING COMPLETE!
======================================================================
Best mIoU: 0.3652
======================================================================
