======================================================================
🚀 BLOCK-LORA TRAINING (MV)
======================================================================
Start: 2025-11-24 14:07:39
Device: cuda
Block-LoRA: r=16, n=2
======================================================================

 Creating base model...

📂 Loading baseline decoder...
✅ Baseline decoder loaded!
✅ Linear-like modules found: 96
encoder.layers.0.self_attn.k_proj
encoder.layers.0.self_attn.v_proj
encoder.layers.0.self_attn.q_proj
encoder.layers.0.self_attn.out_proj
encoder.layers.1.self_attn.k_proj
encoder.layers.1.self_attn.v_proj
encoder.layers.1.self_attn.q_proj
encoder.layers.1.self_attn.out_proj
encoder.layers.2.self_attn.k_proj
encoder.layers.2.self_attn.v_proj
encoder.layers.2.self_attn.q_proj
encoder.layers.2.self_attn.out_proj
encoder.layers.3.self_attn.k_proj
encoder.layers.3.self_attn.v_proj
encoder.layers.3.self_attn.q_proj
encoder.layers.3.self_attn.out_proj
encoder.layers.4.self_attn.k_proj
encoder.layers.4.self_attn.v_proj
encoder.layers.4.self_attn.q_proj
encoder.layers.4.self_attn.out_proj
encoder.layers.5.self_attn.k_proj
encoder.layers.5.self_attn.v_proj
encoder.layers.5.self_attn.q_proj
encoder.layers.5.self_attn.out_proj
encoder.layers.6.self_attn.k_proj
encoder.layers.6.self_attn.v_proj
encoder.layers.6.self_attn.q_proj
encoder.layers.6.self_attn.out_proj
encoder.layers.7.self_attn.k_proj
encoder.layers.7.self_attn.v_proj
encoder.layers.7.self_attn.q_proj
encoder.layers.7.self_attn.out_proj
encoder.layers.8.self_attn.k_proj
encoder.layers.8.self_attn.v_proj
encoder.layers.8.self_attn.q_proj
encoder.layers.8.self_attn.out_proj
encoder.layers.9.self_attn.k_proj
encoder.layers.9.self_attn.v_proj
encoder.layers.9.self_attn.q_proj
encoder.layers.9.self_attn.out_proj
encoder.layers.10.self_attn.k_proj
encoder.layers.10.self_attn.v_proj
encoder.layers.10.self_attn.q_proj
encoder.layers.10.self_attn.out_proj
encoder.layers.11.self_attn.k_proj
encoder.layers.11.self_attn.v_proj
encoder.layers.11.self_attn.q_proj
encoder.layers.11.self_attn.out_proj
encoder.layers.12.self_attn.k_proj
encoder.layers.12.self_attn.v_proj
encoder.layers.12.self_attn.q_proj
encoder.layers.12.self_attn.out_proj
encoder.layers.13.self_attn.k_proj
encoder.layers.13.self_attn.v_proj
encoder.layers.13.self_attn.q_proj
encoder.layers.13.self_attn.out_proj
encoder.layers.14.self_attn.k_proj
encoder.layers.14.self_attn.v_proj
encoder.layers.14.self_attn.q_proj
encoder.layers.14.self_attn.out_proj
encoder.layers.15.self_attn.k_proj
encoder.layers.15.self_attn.v_proj
encoder.layers.15.self_attn.q_proj
encoder.layers.15.self_attn.out_proj
encoder.layers.16.self_attn.k_proj
encoder.layers.16.self_attn.v_proj
encoder.layers.16.self_attn.q_proj
encoder.layers.16.self_attn.out_proj
encoder.layers.17.self_attn.k_proj
encoder.layers.17.self_attn.v_proj
encoder.layers.17.self_attn.q_proj
encoder.layers.17.self_attn.out_proj
encoder.layers.18.self_attn.k_proj
encoder.layers.18.self_attn.v_proj
encoder.layers.18.self_attn.q_proj
encoder.layers.18.self_attn.out_proj
encoder.layers.19.self_attn.k_proj
encoder.layers.19.self_attn.v_proj
encoder.layers.19.self_attn.q_proj
encoder.layers.19.self_attn.out_proj
encoder.layers.20.self_attn.k_proj
encoder.layers.20.self_attn.v_proj
encoder.layers.20.self_attn.q_proj
encoder.layers.20.self_attn.out_proj
encoder.layers.21.self_attn.k_proj
encoder.layers.21.self_attn.v_proj
encoder.layers.21.self_attn.q_proj
encoder.layers.21.self_attn.out_proj
encoder.layers.22.self_attn.k_proj
encoder.layers.22.self_attn.v_proj
encoder.layers.22.self_attn.q_proj
encoder.layers.22.self_attn.out_proj
encoder.layers.23.self_attn.k_proj
encoder.layers.23.self_attn.v_proj
encoder.layers.23.self_attn.q_proj
encoder.layers.23.self_attn.out_proj
⚠️ Non-linear modules skipped: 24
('encoder.layers.0.self_attn', 'CLIPAttention')
('encoder.layers.1.self_attn', 'CLIPAttention')
('encoder.layers.2.self_attn', 'CLIPAttention')
('encoder.layers.3.self_attn', 'CLIPAttention')
('encoder.layers.4.self_attn', 'CLIPAttention')
('encoder.layers.5.self_attn', 'CLIPAttention')
('encoder.layers.6.self_attn', 'CLIPAttention')
('encoder.layers.7.self_attn', 'CLIPAttention')
('encoder.layers.8.self_attn', 'CLIPAttention')
('encoder.layers.9.self_attn', 'CLIPAttention')
('encoder.layers.10.self_attn', 'CLIPAttention')
('encoder.layers.11.self_attn', 'CLIPAttention')
('encoder.layers.12.self_attn', 'CLIPAttention')
('encoder.layers.13.self_attn', 'CLIPAttention')
('encoder.layers.14.self_attn', 'CLIPAttention')
('encoder.layers.15.self_attn', 'CLIPAttention')
('encoder.layers.16.self_attn', 'CLIPAttention')
('encoder.layers.17.self_attn', 'CLIPAttention')
('encoder.layers.18.self_attn', 'CLIPAttention')
('encoder.layers.19.self_attn', 'CLIPAttention')
('encoder.layers.20.self_attn', 'CLIPAttention')
('encoder.layers.21.self_attn', 'CLIPAttention')
('encoder.layers.22.self_attn', 'CLIPAttention')
('encoder.layers.23.self_attn', 'CLIPAttention')

🔧 Applying Block-LoRA to CLIP...

⚙️ Setting up optimizer...
✅ Setup complete!
   Block-LoRA params: 3,145,728
   Decoder params: 0

======================================================================
🎯 STARTING TRAINING
======================================================================


======================================================================
Epoch 1/20
======================================================================
[Epoch 1][100/2250] Loss: 0.1572
[Epoch 1][200/2250] Loss: 0.1586
[Epoch 1][300/2250] Loss: 0.1590
[Epoch 1][400/2250] Loss: 0.1570
[Epoch 1][500/2250] Loss: 0.1570
[Epoch 1][600/2250] Loss: 0.1566
[Epoch 1][700/2250] Loss: 0.1558
[Epoch 1][800/2250] Loss: 0.1564
[Epoch 1][900/2250] Loss: 0.1565
[Epoch 1][1000/2250] Loss: 0.1566
[Epoch 1][1100/2250] Loss: 0.1565
[Epoch 1][1200/2250] Loss: 0.1565
[Epoch 1][1300/2250] Loss: 0.1562
[Epoch 1][1400/2250] Loss: 0.1559
[Epoch 1][1500/2250] Loss: 0.1556
[Epoch 1][1600/2250] Loss: 0.1555
[Epoch 1][1700/2250] Loss: 0.1551
[Epoch 1][1800/2250] Loss: 0.1549
[Epoch 1][1900/2250] Loss: 0.1548
[Epoch 1][2000/2250] Loss: 0.1543
[Epoch 1][2100/2250] Loss: 0.1545
[Epoch 1][2200/2250] Loss: 0.1545

📊 Epoch 1 Summary:
  Train Loss: 0.1544
  Val Loss: 0.1804
  Val mIoU: 0.5514
💾 Best model saved! (mIoU: 0.5514)

======================================================================
Epoch 2/20
======================================================================
[Epoch 2][100/2250] Loss: 0.1457
[Epoch 2][200/2250] Loss: 0.1464
[Epoch 2][300/2250] Loss: 0.1482
[Epoch 2][400/2250] Loss: 0.1480
[Epoch 2][500/2250] Loss: 0.1489
[Epoch 2][600/2250] Loss: 0.1500
[Epoch 2][700/2250] Loss: 0.1492
[Epoch 2][800/2250] Loss: 0.1491
[Epoch 2][900/2250] Loss: 0.1496
[Epoch 2][1000/2250] Loss: 0.1496
[Epoch 2][1100/2250] Loss: 0.1502
[Epoch 2][1200/2250] Loss: 0.1501
[Epoch 2][1300/2250] Loss: 0.1499
[Epoch 2][1400/2250] Loss: 0.1495
[Epoch 2][1500/2250] Loss: 0.1492
[Epoch 2][1600/2250] Loss: 0.1490
[Epoch 2][1700/2250] Loss: 0.1494
[Epoch 2][1800/2250] Loss: 0.1486
[Epoch 2][1900/2250] Loss: 0.1487
[Epoch 2][2000/2250] Loss: 0.1486
[Epoch 2][2100/2250] Loss: 0.1483
[Epoch 2][2200/2250] Loss: 0.1484

📊 Epoch 2 Summary:
  Train Loss: 0.1483
  Val Loss: 0.1726
  Val mIoU: 0.5570
💾 Best model saved! (mIoU: 0.5570)

======================================================================
Epoch 3/20
======================================================================
[Epoch 3][100/2250] Loss: 0.1398
[Epoch 3][200/2250] Loss: 0.1408
[Epoch 3][300/2250] Loss: 0.1431
[Epoch 3][400/2250] Loss: 0.1429
[Epoch 3][500/2250] Loss: 0.1439
[Epoch 3][600/2250] Loss: 0.1437
[Epoch 3][700/2250] Loss: 0.1435
[Epoch 3][800/2250] Loss: 0.1437
[Epoch 3][900/2250] Loss: 0.1437
[Epoch 3][1000/2250] Loss: 0.1437
[Epoch 3][1100/2250] Loss: 0.1436
[Epoch 3][1200/2250] Loss: 0.1435
[Epoch 3][1300/2250] Loss: 0.1432
[Epoch 3][1400/2250] Loss: 0.1430
[Epoch 3][1500/2250] Loss: 0.1433
[Epoch 3][1600/2250] Loss: 0.1427
[Epoch 3][1700/2250] Loss: 0.1427
[Epoch 3][1800/2250] Loss: 0.1425
[Epoch 3][1900/2250] Loss: 0.1426
[Epoch 3][2000/2250] Loss: 0.1423
[Epoch 3][2100/2250] Loss: 0.1426
[Epoch 3][2200/2250] Loss: 0.1427

📊 Epoch 3 Summary:
  Train Loss: 0.1426
  Val Loss: 0.1642
  Val mIoU: 0.5647
💾 Best model saved! (mIoU: 0.5647)

======================================================================
Epoch 4/20
======================================================================
[Epoch 4][100/2250] Loss: 0.1363
[Epoch 4][200/2250] Loss: 0.1381
[Epoch 4][300/2250] Loss: 0.1384
[Epoch 4][400/2250] Loss: 0.1372
[Epoch 4][500/2250] Loss: 0.1377
[Epoch 4][600/2250] Loss: 0.1376
[Epoch 4][700/2250] Loss: 0.1367
[Epoch 4][800/2250] Loss: 0.1369
[Epoch 4][900/2250] Loss: 0.1372
[Epoch 4][1000/2250] Loss: 0.1378
[Epoch 4][1100/2250] Loss: 0.1377
[Epoch 4][1200/2250] Loss: 0.1378
[Epoch 4][1300/2250] Loss: 0.1379
[Epoch 4][1400/2250] Loss: 0.1376
[Epoch 4][1500/2250] Loss: 0.1374
[Epoch 4][1600/2250] Loss: 0.1372
[Epoch 4][1700/2250] Loss: 0.1374
[Epoch 4][1800/2250] Loss: 0.1372
[Epoch 4][1900/2250] Loss: 0.1371
[Epoch 4][2000/2250] Loss: 0.1374
[Epoch 4][2100/2250] Loss: 0.1374
[Epoch 4][2200/2250] Loss: 0.1374

📊 Epoch 4 Summary:
  Train Loss: 0.1373
  Val Loss: 0.1587
  Val mIoU: 0.5694
💾 Best model saved! (mIoU: 0.5694)

======================================================================
Epoch 5/20
======================================================================
[Epoch 5][100/2250] Loss: 0.1357
[Epoch 5][200/2250] Loss: 0.1318
[Epoch 5][300/2250] Loss: 0.1315
[Epoch 5][400/2250] Loss: 0.1316
[Epoch 5][500/2250] Loss: 0.1321
[Epoch 5][600/2250] Loss: 0.1315
[Epoch 5][700/2250] Loss: 0.1319
[Epoch 5][800/2250] Loss: 0.1321
[Epoch 5][900/2250] Loss: 0.1322
[Epoch 5][1000/2250] Loss: 0.1321
[Epoch 5][1100/2250] Loss: 0.1321
[Epoch 5][1200/2250] Loss: 0.1322
[Epoch 5][1300/2250] Loss: 0.1323
[Epoch 5][1400/2250] Loss: 0.1322
[Epoch 5][1500/2250] Loss: 0.1321
[Epoch 5][1600/2250] Loss: 0.1321
[Epoch 5][1700/2250] Loss: 0.1321
[Epoch 5][1800/2250] Loss: 0.1319
[Epoch 5][1900/2250] Loss: 0.1323
[Epoch 5][2000/2250] Loss: 0.1323
[Epoch 5][2100/2250] Loss: 0.1321
[Epoch 5][2200/2250] Loss: 0.1323

📊 Epoch 5 Summary:
  Train Loss: 0.1324
  Val Loss: 0.1541
  Val mIoU: 0.5724
💾 Best model saved! (mIoU: 0.5724)

======================================================================
Epoch 6/20
======================================================================
[Epoch 6][100/2250] Loss: 0.1290
[Epoch 6][200/2250] Loss: 0.1284
[Epoch 6][300/2250] Loss: 0.1286
[Epoch 6][400/2250] Loss: 0.1276
[Epoch 6][500/2250] Loss: 0.1268
[Epoch 6][600/2250] Loss: 0.1278
[Epoch 6][700/2250] Loss: 0.1279
[Epoch 6][800/2250] Loss: 0.1278
[Epoch 6][900/2250] Loss: 0.1279
[Epoch 6][1000/2250] Loss: 0.1278
[Epoch 6][1100/2250] Loss: 0.1281
[Epoch 6][1200/2250] Loss: 0.1279
[Epoch 6][1300/2250] Loss: 0.1279
[Epoch 6][1400/2250] Loss: 0.1281
[Epoch 6][1500/2250] Loss: 0.1281
[Epoch 6][1600/2250] Loss: 0.1284
[Epoch 6][1700/2250] Loss: 0.1285
[Epoch 6][1800/2250] Loss: 0.1287
[Epoch 6][1900/2250] Loss: 0.1285
[Epoch 6][2000/2250] Loss: 0.1285
[Epoch 6][2100/2250] Loss: 0.1286
[Epoch 6][2200/2250] Loss: 0.1283

📊 Epoch 6 Summary:
  Train Loss: 0.1283
  Val Loss: 0.1527
  Val mIoU: 0.5747
💾 Best model saved! (mIoU: 0.5747)

======================================================================
Epoch 7/20
======================================================================
[Epoch 7][100/2250] Loss: 0.1274
[Epoch 7][200/2250] Loss: 0.1259
[Epoch 7][300/2250] Loss: 0.1252
[Epoch 7][400/2250] Loss: 0.1249
[Epoch 7][500/2250] Loss: 0.1257
[Epoch 7][600/2250] Loss: 0.1255
[Epoch 7][700/2250] Loss: 0.1254
[Epoch 7][800/2250] Loss: 0.1253
[Epoch 7][900/2250] Loss: 0.1251
[Epoch 7][1000/2250] Loss: 0.1248
[Epoch 7][1100/2250] Loss: 0.1246
[Epoch 7][1200/2250] Loss: 0.1251
[Epoch 7][1300/2250] Loss: 0.1252
[Epoch 7][1400/2250] Loss: 0.1251
[Epoch 7][1500/2250] Loss: 0.1249
[Epoch 7][1600/2250] Loss: 0.1247
[Epoch 7][1700/2250] Loss: 0.1245
[Epoch 7][1800/2250] Loss: 0.1246
[Epoch 7][1900/2250] Loss: 0.1245
[Epoch 7][2000/2250] Loss: 0.1245
[Epoch 7][2100/2250] Loss: 0.1245
[Epoch 7][2200/2250] Loss: 0.1245

📊 Epoch 7 Summary:
  Train Loss: 0.1247
  Val Loss: 0.1512
  Val mIoU: 0.5769
💾 Best model saved! (mIoU: 0.5769)

======================================================================
Epoch 8/20
======================================================================
[Epoch 8][100/2250] Loss: 0.1245
[Epoch 8][200/2250] Loss: 0.1225
[Epoch 8][300/2250] Loss: 0.1220
[Epoch 8][400/2250] Loss: 0.1213
[Epoch 8][500/2250] Loss: 0.1219
[Epoch 8][600/2250] Loss: 0.1220
[Epoch 8][700/2250] Loss: 0.1229
[Epoch 8][800/2250] Loss: 0.1226
[Epoch 8][900/2250] Loss: 0.1221
[Epoch 8][1000/2250] Loss: 0.1223
[Epoch 8][1100/2250] Loss: 0.1223
[Epoch 8][1200/2250] Loss: 0.1223
[Epoch 8][1300/2250] Loss: 0.1224
[Epoch 8][1400/2250] Loss: 0.1221
[Epoch 8][1500/2250] Loss: 0.1218
[Epoch 8][1600/2250] Loss: 0.1217
[Epoch 8][1700/2250] Loss: 0.1217
[Epoch 8][1800/2250] Loss: 0.1218
[Epoch 8][1900/2250] Loss: 0.1218
[Epoch 8][2000/2250] Loss: 0.1216
[Epoch 8][2100/2250] Loss: 0.1217
[Epoch 8][2200/2250] Loss: 0.1217

📊 Epoch 8 Summary:
  Train Loss: 0.1217
  Val Loss: 0.1484
  Val mIoU: 0.5803
💾 Best model saved! (mIoU: 0.5803)

======================================================================
Epoch 9/20
======================================================================
[Epoch 9][100/2250] Loss: 0.1165
[Epoch 9][200/2250] Loss: 0.1170
[Epoch 9][300/2250] Loss: 0.1182
[Epoch 9][400/2250] Loss: 0.1196
[Epoch 9][500/2250] Loss: 0.1198
[Epoch 9][600/2250] Loss: 0.1193
[Epoch 9][700/2250] Loss: 0.1194
[Epoch 9][800/2250] Loss: 0.1195
[Epoch 9][900/2250] Loss: 0.1192
[Epoch 9][1000/2250] Loss: 0.1190
[Epoch 9][1100/2250] Loss: 0.1186
[Epoch 9][1200/2250] Loss: 0.1187
[Epoch 9][1300/2250] Loss: 0.1188
[Epoch 9][1400/2250] Loss: 0.1189
[Epoch 9][1500/2250] Loss: 0.1187
[Epoch 9][1600/2250] Loss: 0.1186
[Epoch 9][1700/2250] Loss: 0.1189
[Epoch 9][1800/2250] Loss: 0.1189
[Epoch 9][1900/2250] Loss: 0.1190
[Epoch 9][2000/2250] Loss: 0.1190
[Epoch 9][2100/2250] Loss: 0.1190
[Epoch 9][2200/2250] Loss: 0.1190

📊 Epoch 9 Summary:
  Train Loss: 0.1189
  Val Loss: 0.1476
  Val mIoU: 0.5814
💾 Best model saved! (mIoU: 0.5814)

======================================================================
Epoch 10/20
======================================================================
[Epoch 10][100/2250] Loss: 0.1162
[Epoch 10][200/2250] Loss: 0.1144
[Epoch 10][300/2250] Loss: 0.1159
[Epoch 10][400/2250] Loss: 0.1158
[Epoch 10][500/2250] Loss: 0.1162
[Epoch 10][600/2250] Loss: 0.1157
[Epoch 10][700/2250] Loss: 0.1160
[Epoch 10][800/2250] Loss: 0.1157
[Epoch 10][900/2250] Loss: 0.1164
[Epoch 10][1000/2250] Loss: 0.1162
[Epoch 10][1100/2250] Loss: 0.1163
[Epoch 10][1200/2250] Loss: 0.1163
[Epoch 10][1300/2250] Loss: 0.1162
[Epoch 10][1400/2250] Loss: 0.1161
[Epoch 10][1500/2250] Loss: 0.1159
[Epoch 10][1600/2250] Loss: 0.1161
[Epoch 10][1700/2250] Loss: 0.1163
[Epoch 10][1800/2250] Loss: 0.1162
[Epoch 10][1900/2250] Loss: 0.1164
[Epoch 10][2000/2250] Loss: 0.1163
[Epoch 10][2100/2250] Loss: 0.1161
[Epoch 10][2200/2250] Loss: 0.1162

📊 Epoch 10 Summary:
  Train Loss: 0.1161
  Val Loss: 0.1469
  Val mIoU: 0.5830
💾 Best model saved! (mIoU: 0.5830)

======================================================================
Epoch 11/20
======================================================================
[Epoch 11][100/2250] Loss: 0.1170
[Epoch 11][200/2250] Loss: 0.1148
[Epoch 11][300/2250] Loss: 0.1143
[Epoch 11][400/2250] Loss: 0.1143
[Epoch 11][500/2250] Loss: 0.1145
[Epoch 11][600/2250] Loss: 0.1142
[Epoch 11][700/2250] Loss: 0.1142
[Epoch 11][800/2250] Loss: 0.1142
[Epoch 11][900/2250] Loss: 0.1141
[Epoch 11][1000/2250] Loss: 0.1146
[Epoch 11][1100/2250] Loss: 0.1146
[Epoch 11][1200/2250] Loss: 0.1148
[Epoch 11][1300/2250] Loss: 0.1148
[Epoch 11][1400/2250] Loss: 0.1146
[Epoch 11][1500/2250] Loss: 0.1144
[Epoch 11][1600/2250] Loss: 0.1143
[Epoch 11][1700/2250] Loss: 0.1140
[Epoch 11][1800/2250] Loss: 0.1141
[Epoch 11][1900/2250] Loss: 0.1140
[Epoch 11][2000/2250] Loss: 0.1140
[Epoch 11][2100/2250] Loss: 0.1140
[Epoch 11][2200/2250] Loss: 0.1140

📊 Epoch 11 Summary:
  Train Loss: 0.1139
  Val Loss: 0.1470
  Val mIoU: 0.5836
💾 Best model saved! (mIoU: 0.5836)

======================================================================
Epoch 12/20
======================================================================
[Epoch 12][100/2250] Loss: 0.1140
[Epoch 12][200/2250] Loss: 0.1119
[Epoch 12][300/2250] Loss: 0.1121
[Epoch 12][400/2250] Loss: 0.1113
[Epoch 12][500/2250] Loss: 0.1121
[Epoch 12][600/2250] Loss: 0.1131
[Epoch 12][700/2250] Loss: 0.1129
[Epoch 12][800/2250] Loss: 0.1125
[Epoch 12][900/2250] Loss: 0.1124
[Epoch 12][1000/2250] Loss: 0.1117
[Epoch 12][1100/2250] Loss: 0.1117
[Epoch 12][1200/2250] Loss: 0.1118
[Epoch 12][1300/2250] Loss: 0.1115
[Epoch 12][1400/2250] Loss: 0.1116
[Epoch 12][1500/2250] Loss: 0.1114
[Epoch 12][1600/2250] Loss: 0.1116
[Epoch 12][1700/2250] Loss: 0.1117
[Epoch 12][1800/2250] Loss: 0.1119
[Epoch 12][1900/2250] Loss: 0.1119
[Epoch 12][2000/2250] Loss: 0.1121
[Epoch 12][2100/2250] Loss: 0.1122
[Epoch 12][2200/2250] Loss: 0.1121

📊 Epoch 12 Summary:
  Train Loss: 0.1121
  Val Loss: 0.1465
  Val mIoU: 0.5856
💾 Best model saved! (mIoU: 0.5856)

======================================================================
Epoch 13/20
======================================================================
[Epoch 13][100/2250] Loss: 0.1072
[Epoch 13][200/2250] Loss: 0.1072
[Epoch 13][300/2250] Loss: 0.1076
[Epoch 13][400/2250] Loss: 0.1092
[Epoch 13][500/2250] Loss: 0.1092
[Epoch 13][600/2250] Loss: 0.1092
[Epoch 13][700/2250] Loss: 0.1096
[Epoch 13][800/2250] Loss: 0.1097
[Epoch 13][900/2250] Loss: 0.1099
[Epoch 13][1000/2250] Loss: 0.1103
[Epoch 13][1100/2250] Loss: 0.1110
[Epoch 13][1200/2250] Loss: 0.1109
[Epoch 13][1300/2250] Loss: 0.1109
[Epoch 13][1400/2250] Loss: 0.1111
[Epoch 13][1500/2250] Loss: 0.1109
[Epoch 13][1600/2250] Loss: 0.1109
[Epoch 13][1700/2250] Loss: 0.1107
[Epoch 13][1800/2250] Loss: 0.1106
[Epoch 13][1900/2250] Loss: 0.1107
[Epoch 13][2000/2250] Loss: 0.1107
[Epoch 13][2100/2250] Loss: 0.1105
[Epoch 13][2200/2250] Loss: 0.1104

📊 Epoch 13 Summary:
  Train Loss: 0.1104
  Val Loss: 0.1465
  Val mIoU: 0.5868
💾 Best model saved! (mIoU: 0.5868)

======================================================================
Epoch 14/20
======================================================================
[Epoch 14][100/2250] Loss: 0.1071
[Epoch 14][200/2250] Loss: 0.1087
[Epoch 14][300/2250] Loss: 0.1084
[Epoch 14][400/2250] Loss: 0.1078
[Epoch 14][500/2250] Loss: 0.1084
[Epoch 14][600/2250] Loss: 0.1087
[Epoch 14][700/2250] Loss: 0.1090
[Epoch 14][800/2250] Loss: 0.1091
[Epoch 14][900/2250] Loss: 0.1089
[Epoch 14][1000/2250] Loss: 0.1090
[Epoch 14][1100/2250] Loss: 0.1089
[Epoch 14][1200/2250] Loss: 0.1088
[Epoch 14][1300/2250] Loss: 0.1089
[Epoch 14][1400/2250] Loss: 0.1092
[Epoch 14][1500/2250] Loss: 0.1090
[Epoch 14][1600/2250] Loss: 0.1091
[Epoch 14][1700/2250] Loss: 0.1092
[Epoch 14][1800/2250] Loss: 0.1091
[Epoch 14][1900/2250] Loss: 0.1089
[Epoch 14][2000/2250] Loss: 0.1089
[Epoch 14][2100/2250] Loss: 0.1089
[Epoch 14][2200/2250] Loss: 0.1090

📊 Epoch 14 Summary:
  Train Loss: 0.1090
  Val Loss: 0.1471
  Val mIoU: 0.5867

======================================================================
Epoch 15/20
======================================================================
[Epoch 15][100/2250] Loss: 0.1048
[Epoch 15][200/2250] Loss: 0.1069
[Epoch 15][300/2250] Loss: 0.1073
[Epoch 15][400/2250] Loss: 0.1078
[Epoch 15][500/2250] Loss: 0.1074
[Epoch 15][600/2250] Loss: 0.1078
[Epoch 15][700/2250] Loss: 0.1076
[Epoch 15][800/2250] Loss: 0.1077
[Epoch 15][900/2250] Loss: 0.1077
[Epoch 15][1000/2250] Loss: 0.1078
[Epoch 15][1100/2250] Loss: 0.1076
[Epoch 15][1200/2250] Loss: 0.1076
[Epoch 15][1300/2250] Loss: 0.1077
[Epoch 15][1400/2250] Loss: 0.1075
[Epoch 15][1500/2250] Loss: 0.1077
[Epoch 15][1600/2250] Loss: 0.1079
[Epoch 15][1700/2250] Loss: 0.1080
[Epoch 15][1800/2250] Loss: 0.1081
[Epoch 15][1900/2250] Loss: 0.1081
[Epoch 15][2000/2250] Loss: 0.1079
[Epoch 15][2100/2250] Loss: 0.1079
[Epoch 15][2200/2250] Loss: 0.1078

📊 Epoch 15 Summary:
  Train Loss: 0.1078
  Val Loss: 0.1462
  Val mIoU: 0.5880
💾 Best model saved! (mIoU: 0.5880)

======================================================================
Epoch 16/20
======================================================================
[Epoch 16][100/2250] Loss: 0.1097
[Epoch 16][200/2250] Loss: 0.1097
[Epoch 16][300/2250] Loss: 0.1075
[Epoch 16][400/2250] Loss: 0.1075
[Epoch 16][500/2250] Loss: 0.1079
[Epoch 16][600/2250] Loss: 0.1075
[Epoch 16][700/2250] Loss: 0.1072
[Epoch 16][800/2250] Loss: 0.1071
[Epoch 16][900/2250] Loss: 0.1072
[Epoch 16][1000/2250] Loss: 0.1075
[Epoch 16][1100/2250] Loss: 0.1075
[Epoch 16][1200/2250] Loss: 0.1074
[Epoch 16][1300/2250] Loss: 0.1073
[Epoch 16][1400/2250] Loss: 0.1072
[Epoch 16][1500/2250] Loss: 0.1072
[Epoch 16][1600/2250] Loss: 0.1072
[Epoch 16][1700/2250] Loss: 0.1073
[Epoch 16][1800/2250] Loss: 0.1072
[Epoch 16][1900/2250] Loss: 0.1070
[Epoch 16][2000/2250] Loss: 0.1069
[Epoch 16][2100/2250] Loss: 0.1069
[Epoch 16][2200/2250] Loss: 0.1070

📊 Epoch 16 Summary:
  Train Loss: 0.1070
  Val Loss: 0.1460
  Val mIoU: 0.5883
💾 Best model saved! (mIoU: 0.5883)

======================================================================
Epoch 17/20
======================================================================
[Epoch 17][100/2250] Loss: 0.1048
[Epoch 17][200/2250] Loss: 0.1080
[Epoch 17][300/2250] Loss: 0.1065
[Epoch 17][400/2250] Loss: 0.1068
[Epoch 17][500/2250] Loss: 0.1066
[Epoch 17][600/2250] Loss: 0.1064
[Epoch 17][700/2250] Loss: 0.1065
[Epoch 17][800/2250] Loss: 0.1069
[Epoch 17][900/2250] Loss: 0.1066
[Epoch 17][1000/2250] Loss: 0.1066
[Epoch 17][1100/2250] Loss: 0.1067
[Epoch 17][1200/2250] Loss: 0.1067
[Epoch 17][1300/2250] Loss: 0.1065
[Epoch 17][1400/2250] Loss: 0.1063
[Epoch 17][1500/2250] Loss: 0.1062
[Epoch 17][1600/2250] Loss: 0.1062
[Epoch 17][1700/2250] Loss: 0.1063
[Epoch 17][1800/2250] Loss: 0.1065
[Epoch 17][1900/2250] Loss: 0.1065
[Epoch 17][2000/2250] Loss: 0.1066
[Epoch 17][2100/2250] Loss: 0.1066
[Epoch 17][2200/2250] Loss: 0.1065

📊 Epoch 17 Summary:
  Train Loss: 0.1064
  Val Loss: 0.1462
  Val mIoU: 0.5884
💾 Best model saved! (mIoU: 0.5884)

======================================================================
Epoch 18/20
======================================================================
[Epoch 18][100/2250] Loss: 0.1052
[Epoch 18][200/2250] Loss: 0.1068
[Epoch 18][300/2250] Loss: 0.1058
[Epoch 18][400/2250] Loss: 0.1065
[Epoch 18][500/2250] Loss: 0.1063
[Epoch 18][600/2250] Loss: 0.1058
[Epoch 18][700/2250] Loss: 0.1059
[Epoch 18][800/2250] Loss: 0.1056
[Epoch 18][900/2250] Loss: 0.1057
[Epoch 18][1000/2250] Loss: 0.1057
[Epoch 18][1100/2250] Loss: 0.1058
[Epoch 18][1200/2250] Loss: 0.1057
[Epoch 18][1300/2250] Loss: 0.1055
[Epoch 18][1400/2250] Loss: 0.1056
[Epoch 18][1500/2250] Loss: 0.1055
[Epoch 18][1600/2250] Loss: 0.1055
[Epoch 18][1700/2250] Loss: 0.1055
[Epoch 18][1800/2250] Loss: 0.1055
[Epoch 18][1900/2250] Loss: 0.1055
[Epoch 18][2000/2250] Loss: 0.1055
[Epoch 18][2100/2250] Loss: 0.1057
[Epoch 18][2200/2250] Loss: 0.1057

📊 Epoch 18 Summary:
  Train Loss: 0.1059
  Val Loss: 0.1463
  Val mIoU: 0.5884

======================================================================
Epoch 19/20
======================================================================
[Epoch 19][100/2250] Loss: 0.1076
[Epoch 19][200/2250] Loss: 0.1050
[Epoch 19][300/2250] Loss: 0.1052
[Epoch 19][400/2250] Loss: 0.1055
[Epoch 19][500/2250] Loss: 0.1054
[Epoch 19][600/2250] Loss: 0.1053
[Epoch 19][700/2250] Loss: 0.1054
[Epoch 19][800/2250] Loss: 0.1059
[Epoch 19][900/2250] Loss: 0.1058
[Epoch 19][1000/2250] Loss: 0.1057
[Epoch 19][1100/2250] Loss: 0.1056
[Epoch 19][1200/2250] Loss: 0.1055
[Epoch 19][1300/2250] Loss: 0.1055
[Epoch 19][1400/2250] Loss: 0.1054
[Epoch 19][1500/2250] Loss: 0.1054
[Epoch 19][1600/2250] Loss: 0.1056
[Epoch 19][1700/2250] Loss: 0.1055
[Epoch 19][1800/2250] Loss: 0.1057
[Epoch 19][1900/2250] Loss: 0.1056
[Epoch 19][2000/2250] Loss: 0.1057
[Epoch 19][2100/2250] Loss: 0.1056
[Epoch 19][2200/2250] Loss: 0.1057

📊 Epoch 19 Summary:
  Train Loss: 0.1056
  Val Loss: 0.1464
  Val mIoU: 0.5883

======================================================================
Epoch 20/20
======================================================================
[Epoch 20][100/2250] Loss: 0.1056
[Epoch 20][200/2250] Loss: 0.1054
[Epoch 20][300/2250] Loss: 0.1060
[Epoch 20][400/2250] Loss: 0.1062
[Epoch 20][500/2250] Loss: 0.1060
[Epoch 20][600/2250] Loss: 0.1058
[Epoch 20][700/2250] Loss: 0.1052
[Epoch 20][800/2250] Loss: 0.1054
[Epoch 20][900/2250] Loss: 0.1053
[Epoch 20][1000/2250] Loss: 0.1052
[Epoch 20][1100/2250] Loss: 0.1052
[Epoch 20][1200/2250] Loss: 0.1053
[Epoch 20][1300/2250] Loss: 0.1053
[Epoch 20][1400/2250] Loss: 0.1055
[Epoch 20][1500/2250] Loss: 0.1057
[Epoch 20][1600/2250] Loss: 0.1056
[Epoch 20][1700/2250] Loss: 0.1055
[Epoch 20][1800/2250] Loss: 0.1054
[Epoch 20][1900/2250] Loss: 0.1054
[Epoch 20][2000/2250] Loss: 0.1055
[Epoch 20][2100/2250] Loss: 0.1055
[Epoch 20][2200/2250] Loss: 0.1056

📊 Epoch 20 Summary:
  Train Loss: 0.1055
  Val Loss: 0.1463
  Val mIoU: 0.5884
💾 Best model saved! (mIoU: 0.5884)

======================================================================
✅ TRAINING COMPLETE!
======================================================================
Best mIoU: 0.5884
======================================================================
======================================================================
🚀 BLOCK-LORA TRAINING (MV)
======================================================================
Start: 2025-11-24 16:38:19
Device: cuda
Block-LoRA: r=16, n=2
======================================================================

 Creating base model...

📂 Loading baseline decoder...
✅ Baseline decoder loaded!
✅ Linear-like modules found: 96
encoder.layers.0.self_attn.k_proj
encoder.layers.0.self_attn.v_proj
encoder.layers.0.self_attn.q_proj
encoder.layers.0.self_attn.out_proj
encoder.layers.1.self_attn.k_proj
encoder.layers.1.self_attn.v_proj
encoder.layers.1.self_attn.q_proj
encoder.layers.1.self_attn.out_proj
encoder.layers.2.self_attn.k_proj
encoder.layers.2.self_attn.v_proj
encoder.layers.2.self_attn.q_proj
encoder.layers.2.self_attn.out_proj
encoder.layers.3.self_attn.k_proj
encoder.layers.3.self_attn.v_proj
encoder.layers.3.self_attn.q_proj
encoder.layers.3.self_attn.out_proj
encoder.layers.4.self_attn.k_proj
encoder.layers.4.self_attn.v_proj
encoder.layers.4.self_attn.q_proj
encoder.layers.4.self_attn.out_proj
encoder.layers.5.self_attn.k_proj
encoder.layers.5.self_attn.v_proj
encoder.layers.5.self_attn.q_proj
encoder.layers.5.self_attn.out_proj
encoder.layers.6.self_attn.k_proj
encoder.layers.6.self_attn.v_proj
encoder.layers.6.self_attn.q_proj
encoder.layers.6.self_attn.out_proj
encoder.layers.7.self_attn.k_proj
encoder.layers.7.self_attn.v_proj
encoder.layers.7.self_attn.q_proj
encoder.layers.7.self_attn.out_proj
encoder.layers.8.self_attn.k_proj
encoder.layers.8.self_attn.v_proj
encoder.layers.8.self_attn.q_proj
encoder.layers.8.self_attn.out_proj
encoder.layers.9.self_attn.k_proj
encoder.layers.9.self_attn.v_proj
encoder.layers.9.self_attn.q_proj
encoder.layers.9.self_attn.out_proj
encoder.layers.10.self_attn.k_proj
encoder.layers.10.self_attn.v_proj
encoder.layers.10.self_attn.q_proj
encoder.layers.10.self_attn.out_proj
encoder.layers.11.self_attn.k_proj
encoder.layers.11.self_attn.v_proj
encoder.layers.11.self_attn.q_proj
encoder.layers.11.self_attn.out_proj
encoder.layers.12.self_attn.k_proj
encoder.layers.12.self_attn.v_proj
encoder.layers.12.self_attn.q_proj
encoder.layers.12.self_attn.out_proj
encoder.layers.13.self_attn.k_proj
encoder.layers.13.self_attn.v_proj
encoder.layers.13.self_attn.q_proj
encoder.layers.13.self_attn.out_proj
encoder.layers.14.self_attn.k_proj
encoder.layers.14.self_attn.v_proj
encoder.layers.14.self_attn.q_proj
encoder.layers.14.self_attn.out_proj
encoder.layers.15.self_attn.k_proj
encoder.layers.15.self_attn.v_proj
encoder.layers.15.self_attn.q_proj
encoder.layers.15.self_attn.out_proj
encoder.layers.16.self_attn.k_proj
encoder.layers.16.self_attn.v_proj
encoder.layers.16.self_attn.q_proj
encoder.layers.16.self_attn.out_proj
encoder.layers.17.self_attn.k_proj
encoder.layers.17.self_attn.v_proj
encoder.layers.17.self_attn.q_proj
encoder.layers.17.self_attn.out_proj
encoder.layers.18.self_attn.k_proj
encoder.layers.18.self_attn.v_proj
encoder.layers.18.self_attn.q_proj
encoder.layers.18.self_attn.out_proj
encoder.layers.19.self_attn.k_proj
encoder.layers.19.self_attn.v_proj
encoder.layers.19.self_attn.q_proj
encoder.layers.19.self_attn.out_proj
encoder.layers.20.self_attn.k_proj
encoder.layers.20.self_attn.v_proj
encoder.layers.20.self_attn.q_proj
encoder.layers.20.self_attn.out_proj
encoder.layers.21.self_attn.k_proj
encoder.layers.21.self_attn.v_proj
encoder.layers.21.self_attn.q_proj
encoder.layers.21.self_attn.out_proj
encoder.layers.22.self_attn.k_proj
encoder.layers.22.self_attn.v_proj
encoder.layers.22.self_attn.q_proj
encoder.layers.22.self_attn.out_proj
encoder.layers.23.self_attn.k_proj
encoder.layers.23.self_attn.v_proj
encoder.layers.23.self_attn.q_proj
encoder.layers.23.self_attn.out_proj
⚠️ Non-linear modules skipped: 24
('encoder.layers.0.self_attn', 'CLIPAttention')
('encoder.layers.1.self_attn', 'CLIPAttention')
('encoder.layers.2.self_attn', 'CLIPAttention')
('encoder.layers.3.self_attn', 'CLIPAttention')
('encoder.layers.4.self_attn', 'CLIPAttention')
('encoder.layers.5.self_attn', 'CLIPAttention')
('encoder.layers.6.self_attn', 'CLIPAttention')
('encoder.layers.7.self_attn', 'CLIPAttention')
('encoder.layers.8.self_attn', 'CLIPAttention')
('encoder.layers.9.self_attn', 'CLIPAttention')
('encoder.layers.10.self_attn', 'CLIPAttention')
('encoder.layers.11.self_attn', 'CLIPAttention')
('encoder.layers.12.self_attn', 'CLIPAttention')
('encoder.layers.13.self_attn', 'CLIPAttention')
('encoder.layers.14.self_attn', 'CLIPAttention')
('encoder.layers.15.self_attn', 'CLIPAttention')
('encoder.layers.16.self_attn', 'CLIPAttention')
('encoder.layers.17.self_attn', 'CLIPAttention')
('encoder.layers.18.self_attn', 'CLIPAttention')
('encoder.layers.19.self_attn', 'CLIPAttention')
('encoder.layers.20.self_attn', 'CLIPAttention')
('encoder.layers.21.self_attn', 'CLIPAttention')
('encoder.layers.22.self_attn', 'CLIPAttention')
('encoder.layers.23.self_attn', 'CLIPAttention')

🔧 Applying Block-LoRA to CLIP...

⚙️ Setting up optimizer...
✅ Setup complete!
   Block-LoRA params: 3,145,728
   Decoder params: 0

======================================================================
🎯 STARTING TRAINING
======================================================================


======================================================================
Epoch 1/30
======================================================================
[Epoch 1][100/2250] Loss: 0.1566
[Epoch 1][200/2250] Loss: 0.1573
[Epoch 1][300/2250] Loss: 0.1581
[Epoch 1][400/2250] Loss: 0.1589
[Epoch 1][500/2250] Loss: 0.1588
[Epoch 1][600/2250] Loss: 0.1579
[Epoch 1][700/2250] Loss: 0.1570
[Epoch 1][800/2250] Loss: 0.1569
[Epoch 1][900/2250] Loss: 0.1571
[Epoch 1][1000/2250] Loss: 0.1569
[Epoch 1][1100/2250] Loss: 0.1566
[Epoch 1][1200/2250] Loss: 0.1562
[Epoch 1][1300/2250] Loss: 0.1554
[Epoch 1][1400/2250] Loss: 0.1557
[Epoch 1][1500/2250] Loss: 0.1553
[Epoch 1][1600/2250] Loss: 0.1555
[Epoch 1][1700/2250] Loss: 0.1555
[Epoch 1][1800/2250] Loss: 0.1552
[Epoch 1][1900/2250] Loss: 0.1547
[Epoch 1][2000/2250] Loss: 0.1548
[Epoch 1][2100/2250] Loss: 0.1547
[Epoch 1][2200/2250] Loss: 0.1545

📊 Epoch 1 Summary:
  Train Loss: 0.1544
  Val Loss: 0.1808
  Val mIoU: 0.5509
💾 Best model saved! (mIoU: 0.5509)

======================================================================
Epoch 2/30
======================================================================
[Epoch 2][100/2250] Loss: 0.1543
[Epoch 2][200/2250] Loss: 0.1539
[Epoch 2][300/2250] Loss: 0.1553
[Epoch 2][400/2250] Loss: 0.1533
[Epoch 2][500/2250] Loss: 0.1528
[Epoch 2][600/2250] Loss: 0.1512
[Epoch 2][700/2250] Loss: 0.1509
[Epoch 2][800/2250] Loss: 0.1510
[Epoch 2][900/2250] Loss: 0.1504
[Epoch 2][1000/2250] Loss: 0.1510
[Epoch 2][1100/2250] Loss: 0.1506
[Epoch 2][1200/2250] Loss: 0.1499
[Epoch 2][1300/2250] Loss: 0.1497
[Epoch 2][1400/2250] Loss: 0.1495
[Epoch 2][1500/2250] Loss: 0.1495
[Epoch 2][1600/2250] Loss: 0.1491
[Epoch 2][1700/2250] Loss: 0.1490
[Epoch 2][1800/2250] Loss: 0.1490
[Epoch 2][1900/2250] Loss: 0.1488
[Epoch 2][2000/2250] Loss: 0.1488
[Epoch 2][2100/2250] Loss: 0.1487
[Epoch 2][2200/2250] Loss: 0.1487

📊 Epoch 2 Summary:
  Train Loss: 0.1487
  Val Loss: 0.1720
  Val mIoU: 0.5574
💾 Best model saved! (mIoU: 0.5574)

======================================================================
Epoch 3/30
======================================================================
[Epoch 3][100/2250] Loss: 0.1428
[Epoch 3][200/2250] Loss: 0.1440
[Epoch 3][300/2250] Loss: 0.1459
[Epoch 3][400/2250] Loss: 0.1468
[Epoch 3][500/2250] Loss: 0.1466
[Epoch 3][600/2250] Loss: 0.1475
[Epoch 3][700/2250] Loss: 0.1469
[Epoch 3][800/2250] Loss: 0.1470
[Epoch 3][900/2250] Loss: 0.1465
[Epoch 3][1000/2250] Loss: 0.1464
[Epoch 3][1100/2250] Loss: 0.1455
[Epoch 3][1200/2250] Loss: 0.1451
[Epoch 3][1300/2250] Loss: 0.1448
[Epoch 3][1400/2250] Loss: 0.1444
[Epoch 3][1500/2250] Loss: 0.1440
[Epoch 3][1600/2250] Loss: 0.1437
[Epoch 3][1700/2250] Loss: 0.1435
[Epoch 3][1800/2250] Loss: 0.1438
[Epoch 3][1900/2250] Loss: 0.1437
[Epoch 3][2000/2250] Loss: 0.1435
[Epoch 3][2100/2250] Loss: 0.1434
[Epoch 3][2200/2250] Loss: 0.1432

📊 Epoch 3 Summary:
  Train Loss: 0.1432
  Val Loss: 0.1643
  Val mIoU: 0.5626
💾 Best model saved! (mIoU: 0.5626)

======================================================================
Epoch 4/30
======================================================================
[Epoch 4][100/2250] Loss: 0.1403
[Epoch 4][200/2250] Loss: 0.1372
[Epoch 4][300/2250] Loss: 0.1385
[Epoch 4][400/2250] Loss: 0.1380
[Epoch 4][500/2250] Loss: 0.1381
[Epoch 4][600/2250] Loss: 0.1388
[Epoch 4][700/2250] Loss: 0.1384
[Epoch 4][800/2250] Loss: 0.1380
[Epoch 4][900/2250] Loss: 0.1374
[Epoch 4][1000/2250] Loss: 0.1375
[Epoch 4][1100/2250] Loss: 0.1378
[Epoch 4][1200/2250] Loss: 0.1383
[Epoch 4][1300/2250] Loss: 0.1383
[Epoch 4][1400/2250] Loss: 0.1380
[Epoch 4][1500/2250] Loss: 0.1381
[Epoch 4][1600/2250] Loss: 0.1378
[Epoch 4][1700/2250] Loss: 0.1376
[Epoch 4][1800/2250] Loss: 0.1375
[Epoch 4][1900/2250] Loss: 0.1375
[Epoch 4][2000/2250] Loss: 0.1376
[Epoch 4][2100/2250] Loss: 0.1378
[Epoch 4][2200/2250] Loss: 0.1377

📊 Epoch 4 Summary:
  Train Loss: 0.1377
  Val Loss: 0.1576
  Val mIoU: 0.5692
💾 Best model saved! (mIoU: 0.5692)

======================================================================
Epoch 5/30
======================================================================
[Epoch 5][100/2250] Loss: 0.1360
[Epoch 5][200/2250] Loss: 0.1347
[Epoch 5][300/2250] Loss: 0.1347
[Epoch 5][400/2250] Loss: 0.1334
[Epoch 5][500/2250] Loss: 0.1335
[Epoch 5][600/2250] Loss: 0.1332
[Epoch 5][700/2250] Loss: 0.1334
[Epoch 5][800/2250] Loss: 0.1335
[Epoch 5][900/2250] Loss: 0.1333
[Epoch 5][1000/2250] Loss: 0.1328
[Epoch 5][1100/2250] Loss: 0.1325
[Epoch 5][1200/2250] Loss: 0.1330
[Epoch 5][1300/2250] Loss: 0.1329
[Epoch 5][1400/2250] Loss: 0.1331
[Epoch 5][1500/2250] Loss: 0.1330
[Epoch 5][1600/2250] Loss: 0.1331
[Epoch 5][1700/2250] Loss: 0.1332
[Epoch 5][1800/2250] Loss: 0.1330
[Epoch 5][1900/2250] Loss: 0.1327
[Epoch 5][2000/2250] Loss: 0.1326
[Epoch 5][2100/2250] Loss: 0.1323
[Epoch 5][2200/2250] Loss: 0.1325

📊 Epoch 5 Summary:
  Train Loss: 0.1325
  Val Loss: 0.1540
  Val mIoU: 0.5722
💾 Best model saved! (mIoU: 0.5722)

======================================================================
Epoch 6/30
======================================================================
[Epoch 6][100/2250] Loss: 0.1301
[Epoch 6][200/2250] Loss: 0.1304
[Epoch 6][300/2250] Loss: 0.1291
[Epoch 6][400/2250] Loss: 0.1289
[Epoch 6][500/2250] Loss: 0.1285
[Epoch 6][600/2250] Loss: 0.1290
[Epoch 6][700/2250] Loss: 0.1286
[Epoch 6][800/2250] Loss: 0.1285
[Epoch 6][900/2250] Loss: 0.1285
[Epoch 6][1000/2250] Loss: 0.1289
[Epoch 6][1100/2250] Loss: 0.1285
[Epoch 6][1200/2250] Loss: 0.1288
[Epoch 6][1300/2250] Loss: 0.1285
[Epoch 6][1400/2250] Loss: 0.1283
[Epoch 6][1500/2250] Loss: 0.1284
[Epoch 6][1600/2250] Loss: 0.1285
[Epoch 6][1700/2250] Loss: 0.1286
[Epoch 6][1800/2250] Loss: 0.1286
[Epoch 6][1900/2250] Loss: 0.1286
[Epoch 6][2000/2250] Loss: 0.1287
[Epoch 6][2100/2250] Loss: 0.1285
[Epoch 6][2200/2250] Loss: 0.1286

📊 Epoch 6 Summary:
  Train Loss: 0.1286
  Val Loss: 0.1519
  Val mIoU: 0.5752
💾 Best model saved! (mIoU: 0.5752)

======================================================================
Epoch 7/30
======================================================================
[Epoch 7][100/2250] Loss: 0.1295
[Epoch 7][200/2250] Loss: 0.1292
[Epoch 7][300/2250] Loss: 0.1297
[Epoch 7][400/2250] Loss: 0.1287
[Epoch 7][500/2250] Loss: 0.1274
[Epoch 7][600/2250] Loss: 0.1261
[Epoch 7][700/2250] Loss: 0.1257
[Epoch 7][800/2250] Loss: 0.1261
[Epoch 7][900/2250] Loss: 0.1258
[Epoch 7][1000/2250] Loss: 0.1262
[Epoch 7][1100/2250] Loss: 0.1261
[Epoch 7][1200/2250] Loss: 0.1258
[Epoch 7][1300/2250] Loss: 0.1255
[Epoch 7][1400/2250] Loss: 0.1256
[Epoch 7][1500/2250] Loss: 0.1257
[Epoch 7][1600/2250] Loss: 0.1253
[Epoch 7][1700/2250] Loss: 0.1253
[Epoch 7][1800/2250] Loss: 0.1254
[Epoch 7][1900/2250] Loss: 0.1253
[Epoch 7][2000/2250] Loss: 0.1251
[Epoch 7][2100/2250] Loss: 0.1248
[Epoch 7][2200/2250] Loss: 0.1248

📊 Epoch 7 Summary:
  Train Loss: 0.1248
  Val Loss: 0.1503
  Val mIoU: 0.5784
💾 Best model saved! (mIoU: 0.5784)

======================================================================
Epoch 8/30
======================================================================
[Epoch 8][100/2250] Loss: 0.1213
[Epoch 8][200/2250] Loss: 0.1225
[Epoch 8][300/2250] Loss: 0.1213
[Epoch 8][400/2250] Loss: 0.1213
[Epoch 8][500/2250] Loss: 0.1221
[Epoch 8][600/2250] Loss: 0.1226
[Epoch 8][700/2250] Loss: 0.1221
[Epoch 8][800/2250] Loss: 0.1225
[Epoch 8][900/2250] Loss: 0.1223
[Epoch 8][1000/2250] Loss: 0.1227
[Epoch 8][1100/2250] Loss: 0.1228
[Epoch 8][1200/2250] Loss: 0.1228
[Epoch 8][1300/2250] Loss: 0.1225
[Epoch 8][1400/2250] Loss: 0.1224
[Epoch 8][1500/2250] Loss: 0.1225
[Epoch 8][1600/2250] Loss: 0.1222
[Epoch 8][1700/2250] Loss: 0.1223
[Epoch 8][1800/2250] Loss: 0.1220
[Epoch 8][1900/2250] Loss: 0.1220
[Epoch 8][2000/2250] Loss: 0.1218
[Epoch 8][2100/2250] Loss: 0.1217
[Epoch 8][2200/2250] Loss: 0.1217

📊 Epoch 8 Summary:
  Train Loss: 0.1216
  Val Loss: 0.1479
  Val mIoU: 0.5795
💾 Best model saved! (mIoU: 0.5795)

======================================================================
Epoch 9/30
======================================================================
[Epoch 9][100/2250] Loss: 0.1206
[Epoch 9][200/2250] Loss: 0.1191
[Epoch 9][300/2250] Loss: 0.1179
[Epoch 9][400/2250] Loss: 0.1188
[Epoch 9][500/2250] Loss: 0.1185
[Epoch 9][600/2250] Loss: 0.1194
[Epoch 9][700/2250] Loss: 0.1194
[Epoch 9][800/2250] Loss: 0.1192
[Epoch 9][900/2250] Loss: 0.1190
[Epoch 9][1000/2250] Loss: 0.1191
[Epoch 9][1100/2250] Loss: 0.1190
[Epoch 9][1200/2250] Loss: 0.1188
[Epoch 9][1300/2250] Loss: 0.1188
[Epoch 9][1400/2250] Loss: 0.1189
[Epoch 9][1500/2250] Loss: 0.1188
[Epoch 9][1600/2250] Loss: 0.1186
[Epoch 9][1700/2250] Loss: 0.1185
[Epoch 9][1800/2250] Loss: 0.1187
[Epoch 9][1900/2250] Loss: 0.1187
[Epoch 9][2000/2250] Loss: 0.1187
[Epoch 9][2100/2250] Loss: 0.1187
[Epoch 9][2200/2250] Loss: 0.1188

📊 Epoch 9 Summary:
  Train Loss: 0.1187
  Val Loss: 0.1468
  Val mIoU: 0.5822
💾 Best model saved! (mIoU: 0.5822)

======================================================================
Epoch 10/30
======================================================================
[Epoch 10][100/2250] Loss: 0.1125
[Epoch 10][200/2250] Loss: 0.1153
[Epoch 10][300/2250] Loss: 0.1140
[Epoch 10][400/2250] Loss: 0.1148
[Epoch 10][500/2250] Loss: 0.1153
[Epoch 10][600/2250] Loss: 0.1157
[Epoch 10][700/2250] Loss: 0.1156
[Epoch 10][800/2250] Loss: 0.1156
[Epoch 10][900/2250] Loss: 0.1150
[Epoch 10][1000/2250] Loss: 0.1152
[Epoch 10][1100/2250] Loss: 0.1157
[Epoch 10][1200/2250] Loss: 0.1160
[Epoch 10][1300/2250] Loss: 0.1161
[Epoch 10][1400/2250] Loss: 0.1159
[Epoch 10][1500/2250] Loss: 0.1160
[Epoch 10][1600/2250] Loss: 0.1164
[Epoch 10][1700/2250] Loss: 0.1162
[Epoch 10][1800/2250] Loss: 0.1161
[Epoch 10][1900/2250] Loss: 0.1159
[Epoch 10][2000/2250] Loss: 0.1158
[Epoch 10][2100/2250] Loss: 0.1160
[Epoch 10][2200/2250] Loss: 0.1160

📊 Epoch 10 Summary:
  Train Loss: 0.1159
  Val Loss: 0.1463
  Val mIoU: 0.5838
💾 Best model saved! (mIoU: 0.5838)

======================================================================
Epoch 11/30
======================================================================
[Epoch 11][100/2250] Loss: 0.1140
[Epoch 11][200/2250] Loss: 0.1146
[Epoch 11][300/2250] Loss: 0.1142
[Epoch 11][400/2250] Loss: 0.1145
[Epoch 11][500/2250] Loss: 0.1144
[Epoch 11][600/2250] Loss: 0.1143
[Epoch 11][700/2250] Loss: 0.1147
[Epoch 11][800/2250] Loss: 0.1146
[Epoch 11][900/2250] Loss: 0.1140
[Epoch 11][1000/2250] Loss: 0.1140
[Epoch 11][1100/2250] Loss: 0.1143
[Epoch 11][1200/2250] Loss: 0.1145
[Epoch 11][1300/2250] Loss: 0.1145
[Epoch 11][1400/2250] Loss: 0.1144
[Epoch 11][1500/2250] Loss: 0.1143
[Epoch 11][1600/2250] Loss: 0.1140
[Epoch 11][1700/2250] Loss: 0.1138
[Epoch 11][1800/2250] Loss: 0.1137
[Epoch 11][1900/2250] Loss: 0.1136
[Epoch 11][2000/2250] Loss: 0.1135
[Epoch 11][2100/2250] Loss: 0.1134
[Epoch 11][2200/2250] Loss: 0.1133

📊 Epoch 11 Summary:
  Train Loss: 0.1133
  Val Loss: 0.1448
  Val mIoU: 0.5860
💾 Best model saved! (mIoU: 0.5860)

======================================================================
Epoch 12/30
======================================================================
[Epoch 12][100/2250] Loss: 0.1113
[Epoch 12][200/2250] Loss: 0.1112
[Epoch 12][300/2250] Loss: 0.1112
[Epoch 12][400/2250] Loss: 0.1111
[Epoch 12][500/2250] Loss: 0.1111
[Epoch 12][600/2250] Loss: 0.1106
[Epoch 12][700/2250] Loss: 0.1108
[Epoch 12][800/2250] Loss: 0.1107
[Epoch 12][900/2250] Loss: 0.1107
[Epoch 12][1000/2250] Loss: 0.1107
[Epoch 12][1100/2250] Loss: 0.1106
[Epoch 12][1200/2250] Loss: 0.1104
[Epoch 12][1300/2250] Loss: 0.1099
[Epoch 12][1400/2250] Loss: 0.1102
[Epoch 12][1500/2250] Loss: 0.1103
[Epoch 12][1600/2250] Loss: 0.1105
[Epoch 12][1700/2250] Loss: 0.1104
[Epoch 12][1800/2250] Loss: 0.1105
[Epoch 12][1900/2250] Loss: 0.1105
[Epoch 12][2000/2250] Loss: 0.1107
[Epoch 12][2100/2250] Loss: 0.1109
[Epoch 12][2200/2250] Loss: 0.1109

📊 Epoch 12 Summary:
  Train Loss: 0.1110
  Val Loss: 0.1443
  Val mIoU: 0.5883
💾 Best model saved! (mIoU: 0.5883)

======================================================================
Epoch 13/30
======================================================================
[Epoch 13][100/2250] Loss: 0.1067
[Epoch 13][200/2250] Loss: 0.1092
[Epoch 13][300/2250] Loss: 0.1090
[Epoch 13][400/2250] Loss: 0.1084
[Epoch 13][500/2250] Loss: 0.1088
[Epoch 13][600/2250] Loss: 0.1093
[Epoch 13][700/2250] Loss: 0.1086
[Epoch 13][800/2250] Loss: 0.1085
[Epoch 13][900/2250] Loss: 0.1088
[Epoch 13][1000/2250] Loss: 0.1089
[Epoch 13][1100/2250] Loss: 0.1089
[Epoch 13][1200/2250] Loss: 0.1092
[Epoch 13][1300/2250] Loss: 0.1094
[Epoch 13][1400/2250] Loss: 0.1094
[Epoch 13][1500/2250] Loss: 0.1092
[Epoch 13][1600/2250] Loss: 0.1093
[Epoch 13][1700/2250] Loss: 0.1092
[Epoch 13][1800/2250] Loss: 0.1091
[Epoch 13][1900/2250] Loss: 0.1093
[Epoch 13][2000/2250] Loss: 0.1091
[Epoch 13][2100/2250] Loss: 0.1091
[Epoch 13][2200/2250] Loss: 0.1092

📊 Epoch 13 Summary:
  Train Loss: 0.1091
  Val Loss: 0.1448
  Val mIoU: 0.5882

======================================================================
Epoch 14/30
======================================================================
[Epoch 14][100/2250] Loss: 0.1062
[Epoch 14][200/2250] Loss: 0.1071
[Epoch 14][300/2250] Loss: 0.1082
[Epoch 14][400/2250] Loss: 0.1084
[Epoch 14][500/2250] Loss: 0.1077
[Epoch 14][600/2250] Loss: 0.1081
[Epoch 14][700/2250] Loss: 0.1084
[Epoch 14][800/2250] Loss: 0.1085
[Epoch 14][900/2250] Loss: 0.1083
[Epoch 14][1000/2250] Loss: 0.1082
[Epoch 14][1100/2250] Loss: 0.1081
[Epoch 14][1200/2250] Loss: 0.1077
[Epoch 14][1300/2250] Loss: 0.1075
[Epoch 14][1400/2250] Loss: 0.1075
[Epoch 14][1500/2250] Loss: 0.1073
[Epoch 14][1600/2250] Loss: 0.1076
[Epoch 14][1700/2250] Loss: 0.1074
[Epoch 14][1800/2250] Loss: 0.1073
[Epoch 14][1900/2250] Loss: 0.1071
[Epoch 14][2000/2250] Loss: 0.1072
[Epoch 14][2100/2250] Loss: 0.1070
[Epoch 14][2200/2250] Loss: 0.1071

📊 Epoch 14 Summary:
  Train Loss: 0.1072
  Val Loss: 0.1452
  Val mIoU: 0.5884
💾 Best model saved! (mIoU: 0.5884)

======================================================================
Epoch 15/30
======================================================================
[Epoch 15][100/2250] Loss: 0.1036
[Epoch 15][200/2250] Loss: 0.1060
[Epoch 15][300/2250] Loss: 0.1053
[Epoch 15][400/2250] Loss: 0.1055
[Epoch 15][500/2250] Loss: 0.1055
[Epoch 15][600/2250] Loss: 0.1060
[Epoch 15][700/2250] Loss: 0.1067
[Epoch 15][800/2250] Loss: 0.1061
[Epoch 15][900/2250] Loss: 0.1060
[Epoch 15][1000/2250] Loss: 0.1062
[Epoch 15][1100/2250] Loss: 0.1059
[Epoch 15][1200/2250] Loss: 0.1058
[Epoch 15][1300/2250] Loss: 0.1057
[Epoch 15][1400/2250] Loss: 0.1056
[Epoch 15][1500/2250] Loss: 0.1055
[Epoch 15][1600/2250] Loss: 0.1055
[Epoch 15][1700/2250] Loss: 0.1055
[Epoch 15][1800/2250] Loss: 0.1055
[Epoch 15][1900/2250] Loss: 0.1056
[Epoch 15][2000/2250] Loss: 0.1055
[Epoch 15][2100/2250] Loss: 0.1054
[Epoch 15][2200/2250] Loss: 0.1053

📊 Epoch 15 Summary:
  Train Loss: 0.1053
  Val Loss: 0.1456
  Val mIoU: 0.5894
💾 Best model saved! (mIoU: 0.5894)

======================================================================
Epoch 16/30
======================================================================
[Epoch 16][100/2250] Loss: 0.1015
[Epoch 16][200/2250] Loss: 0.1025
[Epoch 16][300/2250] Loss: 0.1015
[Epoch 16][400/2250] Loss: 0.1025
[Epoch 16][500/2250] Loss: 0.1031
[Epoch 16][600/2250] Loss: 0.1030
[Epoch 16][700/2250] Loss: 0.1029
[Epoch 16][800/2250] Loss: 0.1027
[Epoch 16][900/2250] Loss: 0.1027
[Epoch 16][1000/2250] Loss: 0.1027
[Epoch 16][1100/2250] Loss: 0.1029
[Epoch 16][1200/2250] Loss: 0.1032
[Epoch 16][1300/2250] Loss: 0.1033
[Epoch 16][1400/2250] Loss: 0.1035
[Epoch 16][1500/2250] Loss: 0.1037
[Epoch 16][1600/2250] Loss: 0.1037
[Epoch 16][1700/2250] Loss: 0.1038
[Epoch 16][1800/2250] Loss: 0.1039
[Epoch 16][1900/2250] Loss: 0.1039
[Epoch 16][2000/2250] Loss: 0.1037
[Epoch 16][2100/2250] Loss: 0.1036
[Epoch 16][2200/2250] Loss: 0.1039

📊 Epoch 16 Summary:
  Train Loss: 0.1038
  Val Loss: 0.1449
  Val mIoU: 0.5905
💾 Best model saved! (mIoU: 0.5905)

======================================================================
Epoch 17/30
======================================================================
[Epoch 17][100/2250] Loss: 0.1053
[Epoch 17][200/2250] Loss: 0.1033
[Epoch 17][300/2250] Loss: 0.1036
[Epoch 17][400/2250] Loss: 0.1029
[Epoch 17][500/2250] Loss: 0.1027
[Epoch 17][600/2250] Loss: 0.1030
[Epoch 17][700/2250] Loss: 0.1030
[Epoch 17][800/2250] Loss: 0.1027
[Epoch 17][900/2250] Loss: 0.1027
[Epoch 17][1000/2250] Loss: 0.1023
[Epoch 17][1100/2250] Loss: 0.1025
[Epoch 17][1200/2250] Loss: 0.1025
[Epoch 17][1300/2250] Loss: 0.1026
[Epoch 17][1400/2250] Loss: 0.1025
[Epoch 17][1500/2250] Loss: 0.1027
[Epoch 17][1600/2250] Loss: 0.1027
[Epoch 17][1700/2250] Loss: 0.1025
[Epoch 17][1800/2250] Loss: 0.1025
[Epoch 17][1900/2250] Loss: 0.1025
[Epoch 17][2000/2250] Loss: 0.1024
[Epoch 17][2100/2250] Loss: 0.1024
[Epoch 17][2200/2250] Loss: 0.1025

📊 Epoch 17 Summary:
  Train Loss: 0.1024
  Val Loss: 0.1454
  Val mIoU: 0.5912
💾 Best model saved! (mIoU: 0.5912)

======================================================================
Epoch 18/30
======================================================================
[Epoch 18][100/2250] Loss: 0.1018
[Epoch 18][200/2250] Loss: 0.1004
[Epoch 18][300/2250] Loss: 0.1006
[Epoch 18][400/2250] Loss: 0.1005
[Epoch 18][500/2250] Loss: 0.1005
[Epoch 18][600/2250] Loss: 0.1009
[Epoch 18][700/2250] Loss: 0.1011
[Epoch 18][800/2250] Loss: 0.1010
[Epoch 18][900/2250] Loss: 0.1010
[Epoch 18][1000/2250] Loss: 0.1009
[Epoch 18][1100/2250] Loss: 0.1010
[Epoch 18][1200/2250] Loss: 0.1011
[Epoch 18][1300/2250] Loss: 0.1012
[Epoch 18][1400/2250] Loss: 0.1014
[Epoch 18][1500/2250] Loss: 0.1013
[Epoch 18][1600/2250] Loss: 0.1013
[Epoch 18][1700/2250] Loss: 0.1012
[Epoch 18][1800/2250] Loss: 0.1013
[Epoch 18][1900/2250] Loss: 0.1012
[Epoch 18][2000/2250] Loss: 0.1013
[Epoch 18][2100/2250] Loss: 0.1011
[Epoch 18][2200/2250] Loss: 0.1011

📊 Epoch 18 Summary:
  Train Loss: 0.1011
  Val Loss: 0.1463
  Val mIoU: 0.5910

======================================================================
Epoch 19/30
======================================================================
[Epoch 19][100/2250] Loss: 0.0978
[Epoch 19][200/2250] Loss: 0.0973
[Epoch 19][300/2250] Loss: 0.0980
[Epoch 19][400/2250] Loss: 0.0982
[Epoch 19][500/2250] Loss: 0.0986
[Epoch 19][600/2250] Loss: 0.0990
[Epoch 19][700/2250] Loss: 0.0990
[Epoch 19][800/2250] Loss: 0.0991
[Epoch 19][900/2250] Loss: 0.0992
[Epoch 19][1000/2250] Loss: 0.0995
[Epoch 19][1100/2250] Loss: 0.0994
[Epoch 19][1200/2250] Loss: 0.0996
[Epoch 19][1300/2250] Loss: 0.0995
[Epoch 19][1400/2250] Loss: 0.0997
[Epoch 19][1500/2250] Loss: 0.0998
[Epoch 19][1600/2250] Loss: 0.0998
[Epoch 19][1700/2250] Loss: 0.0998
[Epoch 19][1800/2250] Loss: 0.0999
[Epoch 19][1900/2250] Loss: 0.0999
[Epoch 19][2000/2250] Loss: 0.0998
[Epoch 19][2100/2250] Loss: 0.0999
[Epoch 19][2200/2250] Loss: 0.1000

📊 Epoch 19 Summary:
  Train Loss: 0.1000
  Val Loss: 0.1454
  Val mIoU: 0.5924
💾 Best model saved! (mIoU: 0.5924)

======================================================================
Epoch 20/30
======================================================================
[Epoch 20][100/2250] Loss: 0.0989
[Epoch 20][200/2250] Loss: 0.0974
[Epoch 20][300/2250] Loss: 0.0982
[Epoch 20][400/2250] Loss: 0.0989
[Epoch 20][500/2250] Loss: 0.0990
[Epoch 20][600/2250] Loss: 0.0996
[Epoch 20][700/2250] Loss: 0.0994
[Epoch 20][800/2250] Loss: 0.0993
[Epoch 20][900/2250] Loss: 0.0993
[Epoch 20][1000/2250] Loss: 0.0992
[Epoch 20][1100/2250] Loss: 0.0991
[Epoch 20][1200/2250] Loss: 0.0990
[Epoch 20][1300/2250] Loss: 0.0988
[Epoch 20][1400/2250] Loss: 0.0987
[Epoch 20][1500/2250] Loss: 0.0988
[Epoch 20][1600/2250] Loss: 0.0986
[Epoch 20][1700/2250] Loss: 0.0987
[Epoch 20][1800/2250] Loss: 0.0989
[Epoch 20][1900/2250] Loss: 0.0990
[Epoch 20][2000/2250] Loss: 0.0990
[Epoch 20][2100/2250] Loss: 0.0989
[Epoch 20][2200/2250] Loss: 0.0990

📊 Epoch 20 Summary:
  Train Loss: 0.0991
  Val Loss: 0.1469
  Val mIoU: 0.5918

======================================================================
Epoch 21/30
======================================================================
[Epoch 21][100/2250] Loss: 0.0947
[Epoch 21][200/2250] Loss: 0.0967
[Epoch 21][300/2250] Loss: 0.0981
[Epoch 21][400/2250] Loss: 0.0992
[Epoch 21][500/2250] Loss: 0.0992
[Epoch 21][600/2250] Loss: 0.0993
[Epoch 21][700/2250] Loss: 0.0992
[Epoch 21][800/2250] Loss: 0.0993
[Epoch 21][900/2250] Loss: 0.0991
[Epoch 21][1000/2250] Loss: 0.0989
[Epoch 21][1100/2250] Loss: 0.0990
[Epoch 21][1200/2250] Loss: 0.0989
[Epoch 21][1300/2250] Loss: 0.0986
[Epoch 21][1400/2250] Loss: 0.0985
[Epoch 21][1500/2250] Loss: 0.0984
[Epoch 21][1600/2250] Loss: 0.0986
[Epoch 21][1700/2250] Loss: 0.0983
[Epoch 21][1800/2250] Loss: 0.0982
[Epoch 21][1900/2250] Loss: 0.0981
[Epoch 21][2000/2250] Loss: 0.0980
[Epoch 21][2100/2250] Loss: 0.0981
[Epoch 21][2200/2250] Loss: 0.0981

📊 Epoch 21 Summary:
  Train Loss: 0.0981
  Val Loss: 0.1462
  Val mIoU: 0.5934
💾 Best model saved! (mIoU: 0.5934)

======================================================================
Epoch 22/30
======================================================================
[Epoch 22][100/2250] Loss: 0.0967
[Epoch 22][200/2250] Loss: 0.0972
[Epoch 22][300/2250] Loss: 0.0977
[Epoch 22][400/2250] Loss: 0.0976
[Epoch 22][500/2250] Loss: 0.0974
[Epoch 22][600/2250] Loss: 0.0973
[Epoch 22][700/2250] Loss: 0.0972
[Epoch 22][800/2250] Loss: 0.0974
[Epoch 22][900/2250] Loss: 0.0975
[Epoch 22][1000/2250] Loss: 0.0975
[Epoch 22][1100/2250] Loss: 0.0976
[Epoch 22][1200/2250] Loss: 0.0976
[Epoch 22][1300/2250] Loss: 0.0976
[Epoch 22][1400/2250] Loss: 0.0976
[Epoch 22][1500/2250] Loss: 0.0975
[Epoch 22][1600/2250] Loss: 0.0975
[Epoch 22][1700/2250] Loss: 0.0975
[Epoch 22][1800/2250] Loss: 0.0974
[Epoch 22][1900/2250] Loss: 0.0974
[Epoch 22][2000/2250] Loss: 0.0974
[Epoch 22][2100/2250] Loss: 0.0974
[Epoch 22][2200/2250] Loss: 0.0973

📊 Epoch 22 Summary:
  Train Loss: 0.0974
  Val Loss: 0.1466
  Val mIoU: 0.5924

======================================================================
Epoch 23/30
======================================================================
[Epoch 23][100/2250] Loss: 0.1006
[Epoch 23][200/2250] Loss: 0.0975
[Epoch 23][300/2250] Loss: 0.0968
[Epoch 23][400/2250] Loss: 0.0972
[Epoch 23][500/2250] Loss: 0.0969
[Epoch 23][600/2250] Loss: 0.0970
[Epoch 23][700/2250] Loss: 0.0972
[Epoch 23][800/2250] Loss: 0.0968
[Epoch 23][900/2250] Loss: 0.0969
[Epoch 23][1000/2250] Loss: 0.0968
[Epoch 23][1100/2250] Loss: 0.0969
[Epoch 23][1200/2250] Loss: 0.0967
[Epoch 23][1300/2250] Loss: 0.0968
[Epoch 23][1400/2250] Loss: 0.0968
[Epoch 23][1500/2250] Loss: 0.0966
[Epoch 23][1600/2250] Loss: 0.0968
[Epoch 23][1700/2250] Loss: 0.0967
[Epoch 23][1800/2250] Loss: 0.0967
[Epoch 23][1900/2250] Loss: 0.0966
[Epoch 23][2000/2250] Loss: 0.0966
[Epoch 23][2100/2250] Loss: 0.0967
[Epoch 23][2200/2250] Loss: 0.0968

📊 Epoch 23 Summary:
  Train Loss: 0.0968
  Val Loss: 0.1469
  Val mIoU: 0.5930

======================================================================
Epoch 24/30
======================================================================
[Epoch 24][100/2250] Loss: 0.0967
[Epoch 24][200/2250] Loss: 0.0957
[Epoch 24][300/2250] Loss: 0.0956
[Epoch 24][400/2250] Loss: 0.0949
[Epoch 24][500/2250] Loss: 0.0950
[Epoch 24][600/2250] Loss: 0.0949
[Epoch 24][700/2250] Loss: 0.0953
[Epoch 24][800/2250] Loss: 0.0954
[Epoch 24][900/2250] Loss: 0.0953
[Epoch 24][1000/2250] Loss: 0.0956
[Epoch 24][1100/2250] Loss: 0.0957
[Epoch 24][1200/2250] Loss: 0.0954
[Epoch 24][1300/2250] Loss: 0.0952
[Epoch 24][1400/2250] Loss: 0.0954
[Epoch 24][1500/2250] Loss: 0.0954
[Epoch 24][1600/2250] Loss: 0.0955
[Epoch 24][1700/2250] Loss: 0.0959
[Epoch 24][1800/2250] Loss: 0.0960
[Epoch 24][1900/2250] Loss: 0.0961
[Epoch 24][2000/2250] Loss: 0.0962
[Epoch 24][2100/2250] Loss: 0.0963
[Epoch 24][2200/2250] Loss: 0.0963

📊 Epoch 24 Summary:
  Train Loss: 0.0963
  Val Loss: 0.1469
  Val mIoU: 0.5930

======================================================================
Epoch 25/30
======================================================================
[Epoch 25][100/2250] Loss: 0.0969
[Epoch 25][200/2250] Loss: 0.0974
[Epoch 25][300/2250] Loss: 0.0972
[Epoch 25][400/2250] Loss: 0.0974
[Epoch 25][500/2250] Loss: 0.0975
[Epoch 25][600/2250] Loss: 0.0969
[Epoch 25][700/2250] Loss: 0.0965
[Epoch 25][800/2250] Loss: 0.0962
[Epoch 25][900/2250] Loss: 0.0958
[Epoch 25][1000/2250] Loss: 0.0960
[Epoch 25][1100/2250] Loss: 0.0961
[Epoch 25][1200/2250] Loss: 0.0959
[Epoch 25][1300/2250] Loss: 0.0958
[Epoch 25][1400/2250] Loss: 0.0958
[Epoch 25][1500/2250] Loss: 0.0956
[Epoch 25][1600/2250] Loss: 0.0957
[Epoch 25][1700/2250] Loss: 0.0957
[Epoch 25][1800/2250] Loss: 0.0957
[Epoch 25][1900/2250] Loss: 0.0958
[Epoch 25][2000/2250] Loss: 0.0959
[Epoch 25][2100/2250] Loss: 0.0959
[Epoch 25][2200/2250] Loss: 0.0958

📊 Epoch 25 Summary:
  Train Loss: 0.0958
  Val Loss: 0.1471
  Val mIoU: 0.5934

======================================================================
Epoch 26/30
======================================================================
[Epoch 26][100/2250] Loss: 0.0959
[Epoch 26][200/2250] Loss: 0.0961
[Epoch 26][300/2250] Loss: 0.0956
[Epoch 26][400/2250] Loss: 0.0961
[Epoch 26][500/2250] Loss: 0.0961
[Epoch 26][600/2250] Loss: 0.0958
[Epoch 26][700/2250] Loss: 0.0956
[Epoch 26][800/2250] Loss: 0.0955
[Epoch 26][900/2250] Loss: 0.0957
[Epoch 26][1000/2250] Loss: 0.0955
[Epoch 26][1100/2250] Loss: 0.0955
[Epoch 26][1200/2250] Loss: 0.0956
[Epoch 26][1300/2250] Loss: 0.0956
[Epoch 26][1400/2250] Loss: 0.0955
[Epoch 26][1500/2250] Loss: 0.0956
[Epoch 26][1600/2250] Loss: 0.0956
[Epoch 26][1700/2250] Loss: 0.0957
[Epoch 26][1800/2250] Loss: 0.0957
[Epoch 26][1900/2250] Loss: 0.0958
[Epoch 26][2000/2250] Loss: 0.0957
[Epoch 26][2100/2250] Loss: 0.0957
[Epoch 26][2200/2250] Loss: 0.0956

📊 Epoch 26 Summary:
  Train Loss: 0.0955
  Val Loss: 0.1474
  Val mIoU: 0.5933

======================================================================
Epoch 27/30
======================================================================
[Epoch 27][100/2250] Loss: 0.0971
[Epoch 27][200/2250] Loss: 0.0981
[Epoch 27][300/2250] Loss: 0.0966
