======================================================================
🚀 LORA TRAINING (ADE20K)
======================================================================
Start: 2025-11-22 03:54:05
Device: cuda
LoRA: r=16
======================================================================

 Creating base model...

📂 Loading baseline decoder...
✅ Baseline decoder loaded!
✅ Linear-like modules found: 96
encoder.layers.0.self_attn.k_proj
encoder.layers.0.self_attn.v_proj
encoder.layers.0.self_attn.q_proj
encoder.layers.0.self_attn.out_proj
encoder.layers.1.self_attn.k_proj
encoder.layers.1.self_attn.v_proj
encoder.layers.1.self_attn.q_proj
encoder.layers.1.self_attn.out_proj
encoder.layers.2.self_attn.k_proj
encoder.layers.2.self_attn.v_proj
encoder.layers.2.self_attn.q_proj
encoder.layers.2.self_attn.out_proj
encoder.layers.3.self_attn.k_proj
encoder.layers.3.self_attn.v_proj
encoder.layers.3.self_attn.q_proj
encoder.layers.3.self_attn.out_proj
encoder.layers.4.self_attn.k_proj
encoder.layers.4.self_attn.v_proj
encoder.layers.4.self_attn.q_proj
encoder.layers.4.self_attn.out_proj
encoder.layers.5.self_attn.k_proj
encoder.layers.5.self_attn.v_proj
encoder.layers.5.self_attn.q_proj
encoder.layers.5.self_attn.out_proj
encoder.layers.6.self_attn.k_proj
encoder.layers.6.self_attn.v_proj
encoder.layers.6.self_attn.q_proj
encoder.layers.6.self_attn.out_proj
encoder.layers.7.self_attn.k_proj
encoder.layers.7.self_attn.v_proj
encoder.layers.7.self_attn.q_proj
encoder.layers.7.self_attn.out_proj
encoder.layers.8.self_attn.k_proj
encoder.layers.8.self_attn.v_proj
encoder.layers.8.self_attn.q_proj
encoder.layers.8.self_attn.out_proj
encoder.layers.9.self_attn.k_proj
encoder.layers.9.self_attn.v_proj
encoder.layers.9.self_attn.q_proj
encoder.layers.9.self_attn.out_proj
encoder.layers.10.self_attn.k_proj
encoder.layers.10.self_attn.v_proj
encoder.layers.10.self_attn.q_proj
encoder.layers.10.self_attn.out_proj
encoder.layers.11.self_attn.k_proj
encoder.layers.11.self_attn.v_proj
encoder.layers.11.self_attn.q_proj
encoder.layers.11.self_attn.out_proj
encoder.layers.12.self_attn.k_proj
encoder.layers.12.self_attn.v_proj
encoder.layers.12.self_attn.q_proj
encoder.layers.12.self_attn.out_proj
encoder.layers.13.self_attn.k_proj
encoder.layers.13.self_attn.v_proj
encoder.layers.13.self_attn.q_proj
encoder.layers.13.self_attn.out_proj
encoder.layers.14.self_attn.k_proj
encoder.layers.14.self_attn.v_proj
encoder.layers.14.self_attn.q_proj
encoder.layers.14.self_attn.out_proj
encoder.layers.15.self_attn.k_proj
encoder.layers.15.self_attn.v_proj
encoder.layers.15.self_attn.q_proj
encoder.layers.15.self_attn.out_proj
encoder.layers.16.self_attn.k_proj
encoder.layers.16.self_attn.v_proj
encoder.layers.16.self_attn.q_proj
encoder.layers.16.self_attn.out_proj
encoder.layers.17.self_attn.k_proj
encoder.layers.17.self_attn.v_proj
encoder.layers.17.self_attn.q_proj
encoder.layers.17.self_attn.out_proj
encoder.layers.18.self_attn.k_proj
encoder.layers.18.self_attn.v_proj
encoder.layers.18.self_attn.q_proj
encoder.layers.18.self_attn.out_proj
encoder.layers.19.self_attn.k_proj
encoder.layers.19.self_attn.v_proj
encoder.layers.19.self_attn.q_proj
encoder.layers.19.self_attn.out_proj
encoder.layers.20.self_attn.k_proj
encoder.layers.20.self_attn.v_proj
encoder.layers.20.self_attn.q_proj
encoder.layers.20.self_attn.out_proj
encoder.layers.21.self_attn.k_proj
encoder.layers.21.self_attn.v_proj
encoder.layers.21.self_attn.q_proj
encoder.layers.21.self_attn.out_proj
encoder.layers.22.self_attn.k_proj
encoder.layers.22.self_attn.v_proj
encoder.layers.22.self_attn.q_proj
encoder.layers.22.self_attn.out_proj
encoder.layers.23.self_attn.k_proj
encoder.layers.23.self_attn.v_proj
encoder.layers.23.self_attn.q_proj
encoder.layers.23.self_attn.out_proj
⚠️ Non-linear modules skipped: 24
('encoder.layers.0.self_attn', 'CLIPAttention')
('encoder.layers.1.self_attn', 'CLIPAttention')
('encoder.layers.2.self_attn', 'CLIPAttention')
('encoder.layers.3.self_attn', 'CLIPAttention')
('encoder.layers.4.self_attn', 'CLIPAttention')
('encoder.layers.5.self_attn', 'CLIPAttention')
('encoder.layers.6.self_attn', 'CLIPAttention')
('encoder.layers.7.self_attn', 'CLIPAttention')
('encoder.layers.8.self_attn', 'CLIPAttention')
('encoder.layers.9.self_attn', 'CLIPAttention')
('encoder.layers.10.self_attn', 'CLIPAttention')
('encoder.layers.11.self_attn', 'CLIPAttention')
('encoder.layers.12.self_attn', 'CLIPAttention')
('encoder.layers.13.self_attn', 'CLIPAttention')
('encoder.layers.14.self_attn', 'CLIPAttention')
('encoder.layers.15.self_attn', 'CLIPAttention')
('encoder.layers.16.self_attn', 'CLIPAttention')
('encoder.layers.17.self_attn', 'CLIPAttention')
('encoder.layers.18.self_attn', 'CLIPAttention')
('encoder.layers.19.self_attn', 'CLIPAttention')
('encoder.layers.20.self_attn', 'CLIPAttention')
('encoder.layers.21.self_attn', 'CLIPAttention')
('encoder.layers.22.self_attn', 'CLIPAttention')
('encoder.layers.23.self_attn', 'CLIPAttention')

🔧 Applying LoRA to CLIP...

⚙️ Setting up optimizer...
✅ Setup complete!
   LoRA params: 3,145,728
   Decoder params: 0

======================================================================
🎯 STARTING TRAINING
======================================================================


======================================================================
Epoch 1/20
======================================================================
[Epoch 1][100/528] Loss: 0.2964
[Epoch 1][200/528] Loss: 0.2959
[Epoch 1][300/528] Loss: 0.2949
[Epoch 1][400/528] Loss: 0.2932
[Epoch 1][500/528] Loss: 0.2926

📊 Epoch 1 Summary:
  Train Loss: 0.2928
  Val Loss: 0.3500
  Val mIoU: 0.4617
💾 Best model saved! (mIoU: 0.4617)

======================================================================
Epoch 2/20
======================================================================
[Epoch 2][100/528] Loss: 0.2876
[Epoch 2][200/528] Loss: 0.2857
[Epoch 2][300/528] Loss: 0.2819
[Epoch 2][400/528] Loss: 0.2783
[Epoch 2][500/528] Loss: 0.2774

📊 Epoch 2 Summary:
  Train Loss: 0.2773
  Val Loss: 0.3390
  Val mIoU: 0.4643
💾 Best model saved! (mIoU: 0.4643)

======================================================================
Epoch 3/20
======================================================================
[Epoch 3][100/528] Loss: 0.2638
[Epoch 3][200/528] Loss: 0.2656
[Epoch 3][300/528] Loss: 0.2647
[Epoch 3][400/528] Loss: 0.2637
[Epoch 3][500/528] Loss: 0.2636

📊 Epoch 3 Summary:
  Train Loss: 0.2633
  Val Loss: 0.3340
  Val mIoU: 0.4707
💾 Best model saved! (mIoU: 0.4707)

======================================================================
Epoch 4/20
======================================================================
[Epoch 4][100/528] Loss: 0.2455
[Epoch 4][200/528] Loss: 0.2467
[Epoch 4][300/528] Loss: 0.2465
[Epoch 4][400/528] Loss: 0.2459
[Epoch 4][500/528] Loss: 0.2455

📊 Epoch 4 Summary:
  Train Loss: 0.2459
  Val Loss: 0.3322
  Val mIoU: 0.4761
💾 Best model saved! (mIoU: 0.4761)

======================================================================
Epoch 5/20
======================================================================
[Epoch 5][100/528] Loss: 0.2280
[Epoch 5][200/528] Loss: 0.2289
[Epoch 5][300/528] Loss: 0.2276
[Epoch 5][400/528] Loss: 0.2273
[Epoch 5][500/528] Loss: 0.2272

📊 Epoch 5 Summary:
  Train Loss: 0.2275
  Val Loss: 0.3415
  Val mIoU: 0.4775
💾 Best model saved! (mIoU: 0.4775)

======================================================================
Epoch 6/20
======================================================================
[Epoch 6][100/528] Loss: 0.2131
[Epoch 6][200/528] Loss: 0.2127
[Epoch 6][300/528] Loss: 0.2126
[Epoch 6][400/528] Loss: 0.2114
[Epoch 6][500/528] Loss: 0.2111

📊 Epoch 6 Summary:
  Train Loss: 0.2113
  Val Loss: 0.3442
  Val mIoU: 0.4862
💾 Best model saved! (mIoU: 0.4862)

======================================================================
Epoch 7/20
======================================================================
[Epoch 7][100/528] Loss: 0.1980
[Epoch 7][200/528] Loss: 0.1992
[Epoch 7][300/528] Loss: 0.1997
[Epoch 7][400/528] Loss: 0.1990
[Epoch 7][500/528] Loss: 0.1995

📊 Epoch 7 Summary:
  Train Loss: 0.1995
  Val Loss: 0.3526
  Val mIoU: 0.4838

======================================================================
Epoch 8/20
======================================================================
[Epoch 8][100/528] Loss: 0.1879
[Epoch 8][200/528] Loss: 0.1897
[Epoch 8][300/528] Loss: 0.1914
[Epoch 8][400/528] Loss: 0.1905
[Epoch 8][500/528] Loss: 0.1911

📊 Epoch 8 Summary:
  Train Loss: 0.1911
  Val Loss: 0.3534
  Val mIoU: 0.4834

======================================================================
Epoch 9/20
======================================================================
[Epoch 9][100/528] Loss: 0.1849
[Epoch 9][200/528] Loss: 0.1814
[Epoch 9][300/528] Loss: 0.1807
[Epoch 9][400/528] Loss: 0.1829
[Epoch 9][500/528] Loss: 0.1837

📊 Epoch 9 Summary:
  Train Loss: 0.1839
  Val Loss: 0.3521
  Val mIoU: 0.4895
💾 Best model saved! (mIoU: 0.4895)

======================================================================
Epoch 10/20
======================================================================
[Epoch 10][100/528] Loss: 0.1793
[Epoch 10][200/528] Loss: 0.1786
[Epoch 10][300/528] Loss: 0.1778
[Epoch 10][400/528] Loss: 0.1782
[Epoch 10][500/528] Loss: 0.1776

📊 Epoch 10 Summary:
  Train Loss: 0.1771
  Val Loss: 0.3613
  Val mIoU: 0.4927
💾 Best model saved! (mIoU: 0.4927)

======================================================================
Epoch 11/20
======================================================================
[Epoch 11][100/528] Loss: 0.1687
[Epoch 11][200/528] Loss: 0.1709
[Epoch 11][300/528] Loss: 0.1729
[Epoch 11][400/528] Loss: 0.1720
[Epoch 11][500/528] Loss: 0.1721

📊 Epoch 11 Summary:
  Train Loss: 0.1724
  Val Loss: 0.3647
  Val mIoU: 0.4942
💾 Best model saved! (mIoU: 0.4942)

======================================================================
Epoch 12/20
======================================================================
[Epoch 12][100/528] Loss: 0.1686
[Epoch 12][200/528] Loss: 0.1696
[Epoch 12][300/528] Loss: 0.1692
[Epoch 12][400/528] Loss: 0.1682
[Epoch 12][500/528] Loss: 0.1673

📊 Epoch 12 Summary:
  Train Loss: 0.1677
  Val Loss: 0.3673
  Val mIoU: 0.4943
💾 Best model saved! (mIoU: 0.4943)

======================================================================
Epoch 13/20
======================================================================
[Epoch 13][100/528] Loss: 0.1611
[Epoch 13][200/528] Loss: 0.1608
[Epoch 13][300/528] Loss: 0.1606
[Epoch 13][400/528] Loss: 0.1628
[Epoch 13][500/528] Loss: 0.1639

📊 Epoch 13 Summary:
  Train Loss: 0.1639
  Val Loss: 0.3758
  Val mIoU: 0.4948
💾 Best model saved! (mIoU: 0.4948)

======================================================================
Epoch 14/20
======================================================================
[Epoch 14][100/528] Loss: 0.1594
[Epoch 14][200/528] Loss: 0.1590
[Epoch 14][300/528] Loss: 0.1599
[Epoch 14][400/528] Loss: 0.1591
[Epoch 14][500/528] Loss: 0.1607

📊 Epoch 14 Summary:
  Train Loss: 0.1602
  Val Loss: 0.3760
  Val mIoU: 0.4954
💾 Best model saved! (mIoU: 0.4954)

======================================================================
Epoch 15/20
======================================================================
[Epoch 15][100/528] Loss: 0.1579
[Epoch 15][200/528] Loss: 0.1557
[Epoch 15][300/528] Loss: 0.1575
[Epoch 15][400/528] Loss: 0.1581
[Epoch 15][500/528] Loss: 0.1580

📊 Epoch 15 Summary:
  Train Loss: 0.1576
  Val Loss: 0.3885
  Val mIoU: 0.4948

======================================================================
Epoch 16/20
======================================================================
[Epoch 16][100/528] Loss: 0.1555
[Epoch 16][200/528] Loss: 0.1530
[Epoch 16][300/528] Loss: 0.1550
[Epoch 16][400/528] Loss: 0.1553
[Epoch 16][500/528] Loss: 0.1551

📊 Epoch 16 Summary:
  Train Loss: 0.1553
  Val Loss: 0.3868
  Val mIoU: 0.4963
💾 Best model saved! (mIoU: 0.4963)

======================================================================
Epoch 17/20
======================================================================
[Epoch 17][100/528] Loss: 0.1562
[Epoch 17][200/528] Loss: 0.1535
[Epoch 17][300/528] Loss: 0.1534
[Epoch 17][400/528] Loss: 0.1538
[Epoch 17][500/528] Loss: 0.1539

📊 Epoch 17 Summary:
  Train Loss: 0.1537
  Val Loss: 0.3899
  Val mIoU: 0.4957

======================================================================
Epoch 18/20
======================================================================
[Epoch 18][100/528] Loss: 0.1501
[Epoch 18][200/528] Loss: 0.1510
[Epoch 18][300/528] Loss: 0.1520
[Epoch 18][400/528] Loss: 0.1516
[Epoch 18][500/528] Loss: 0.1526

📊 Epoch 18 Summary:
  Train Loss: 0.1522
  Val Loss: 0.3922
  Val mIoU: 0.4964
💾 Best model saved! (mIoU: 0.4964)

======================================================================
Epoch 19/20
======================================================================
[Epoch 19][100/528] Loss: 0.1535
[Epoch 19][200/528] Loss: 0.1529
[Epoch 19][300/528] Loss: 0.1533
[Epoch 19][400/528] Loss: 0.1519
[Epoch 19][500/528] Loss: 0.1517

📊 Epoch 19 Summary:
  Train Loss: 0.1513
  Val Loss: 0.3946
  Val mIoU: 0.4954

======================================================================
Epoch 20/20
======================================================================
[Epoch 20][100/528] Loss: 0.1472
[Epoch 20][200/528] Loss: 0.1499
[Epoch 20][300/528] Loss: 0.1517
[Epoch 20][400/528] Loss: 0.1515
[Epoch 20][500/528] Loss: 0.1512

📊 Epoch 20 Summary:
  Train Loss: 0.1510
  Val Loss: 0.3945
  Val mIoU: 0.4956

======================================================================
✅ TRAINING COMPLETE!
======================================================================
Best mIoU: 0.4964
======================================================================
======================================================================
🚀 LORA TRAINING (ADE20K)
======================================================================
Start: 2025-11-24 16:29:26
Device: cuda
LoRA: r=16
======================================================================

 Creating base model...

📂 Loading baseline decoder...
✅ Baseline decoder loaded!
✅ Linear-like modules found: 96
encoder.layers.0.self_attn.k_proj
encoder.layers.0.self_attn.v_proj
encoder.layers.0.self_attn.q_proj
encoder.layers.0.self_attn.out_proj
encoder.layers.1.self_attn.k_proj
encoder.layers.1.self_attn.v_proj
encoder.layers.1.self_attn.q_proj
encoder.layers.1.self_attn.out_proj
encoder.layers.2.self_attn.k_proj
encoder.layers.2.self_attn.v_proj
encoder.layers.2.self_attn.q_proj
encoder.layers.2.self_attn.out_proj
encoder.layers.3.self_attn.k_proj
encoder.layers.3.self_attn.v_proj
encoder.layers.3.self_attn.q_proj
encoder.layers.3.self_attn.out_proj
encoder.layers.4.self_attn.k_proj
encoder.layers.4.self_attn.v_proj
encoder.layers.4.self_attn.q_proj
encoder.layers.4.self_attn.out_proj
encoder.layers.5.self_attn.k_proj
encoder.layers.5.self_attn.v_proj
encoder.layers.5.self_attn.q_proj
encoder.layers.5.self_attn.out_proj
encoder.layers.6.self_attn.k_proj
encoder.layers.6.self_attn.v_proj
encoder.layers.6.self_attn.q_proj
encoder.layers.6.self_attn.out_proj
encoder.layers.7.self_attn.k_proj
encoder.layers.7.self_attn.v_proj
encoder.layers.7.self_attn.q_proj
encoder.layers.7.self_attn.out_proj
encoder.layers.8.self_attn.k_proj
encoder.layers.8.self_attn.v_proj
encoder.layers.8.self_attn.q_proj
encoder.layers.8.self_attn.out_proj
encoder.layers.9.self_attn.k_proj
encoder.layers.9.self_attn.v_proj
encoder.layers.9.self_attn.q_proj
encoder.layers.9.self_attn.out_proj
encoder.layers.10.self_attn.k_proj
encoder.layers.10.self_attn.v_proj
encoder.layers.10.self_attn.q_proj
encoder.layers.10.self_attn.out_proj
encoder.layers.11.self_attn.k_proj
encoder.layers.11.self_attn.v_proj
encoder.layers.11.self_attn.q_proj
encoder.layers.11.self_attn.out_proj
encoder.layers.12.self_attn.k_proj
encoder.layers.12.self_attn.v_proj
encoder.layers.12.self_attn.q_proj
encoder.layers.12.self_attn.out_proj
encoder.layers.13.self_attn.k_proj
encoder.layers.13.self_attn.v_proj
encoder.layers.13.self_attn.q_proj
encoder.layers.13.self_attn.out_proj
encoder.layers.14.self_attn.k_proj
encoder.layers.14.self_attn.v_proj
encoder.layers.14.self_attn.q_proj
encoder.layers.14.self_attn.out_proj
encoder.layers.15.self_attn.k_proj
encoder.layers.15.self_attn.v_proj
encoder.layers.15.self_attn.q_proj
encoder.layers.15.self_attn.out_proj
encoder.layers.16.self_attn.k_proj
encoder.layers.16.self_attn.v_proj
encoder.layers.16.self_attn.q_proj
encoder.layers.16.self_attn.out_proj
encoder.layers.17.self_attn.k_proj
encoder.layers.17.self_attn.v_proj
encoder.layers.17.self_attn.q_proj
encoder.layers.17.self_attn.out_proj
encoder.layers.18.self_attn.k_proj
encoder.layers.18.self_attn.v_proj
encoder.layers.18.self_attn.q_proj
encoder.layers.18.self_attn.out_proj
encoder.layers.19.self_attn.k_proj
encoder.layers.19.self_attn.v_proj
encoder.layers.19.self_attn.q_proj
encoder.layers.19.self_attn.out_proj
encoder.layers.20.self_attn.k_proj
encoder.layers.20.self_attn.v_proj
encoder.layers.20.self_attn.q_proj
encoder.layers.20.self_attn.out_proj
encoder.layers.21.self_attn.k_proj
encoder.layers.21.self_attn.v_proj
encoder.layers.21.self_attn.q_proj
encoder.layers.21.self_attn.out_proj
encoder.layers.22.self_attn.k_proj
encoder.layers.22.self_attn.v_proj
encoder.layers.22.self_attn.q_proj
encoder.layers.22.self_attn.out_proj
encoder.layers.23.self_attn.k_proj
encoder.layers.23.self_attn.v_proj
encoder.layers.23.self_attn.q_proj
encoder.layers.23.self_attn.out_proj
⚠️ Non-linear modules skipped: 24
('encoder.layers.0.self_attn', 'CLIPAttention')
('encoder.layers.1.self_attn', 'CLIPAttention')
('encoder.layers.2.self_attn', 'CLIPAttention')
('encoder.layers.3.self_attn', 'CLIPAttention')
('encoder.layers.4.self_attn', 'CLIPAttention')
('encoder.layers.5.self_attn', 'CLIPAttention')
('encoder.layers.6.self_attn', 'CLIPAttention')
('encoder.layers.7.self_attn', 'CLIPAttention')
('encoder.layers.8.self_attn', 'CLIPAttention')
('encoder.layers.9.self_attn', 'CLIPAttention')
('encoder.layers.10.self_attn', 'CLIPAttention')
('encoder.layers.11.self_attn', 'CLIPAttention')
('encoder.layers.12.self_attn', 'CLIPAttention')
('encoder.layers.13.self_attn', 'CLIPAttention')
('encoder.layers.14.self_attn', 'CLIPAttention')
('encoder.layers.15.self_attn', 'CLIPAttention')
('encoder.layers.16.self_attn', 'CLIPAttention')
('encoder.layers.17.self_attn', 'CLIPAttention')
('encoder.layers.18.self_attn', 'CLIPAttention')
('encoder.layers.19.self_attn', 'CLIPAttention')
('encoder.layers.20.self_attn', 'CLIPAttention')
('encoder.layers.21.self_attn', 'CLIPAttention')
('encoder.layers.22.self_attn', 'CLIPAttention')
('encoder.layers.23.self_attn', 'CLIPAttention')

🔧 Applying LoRA to CLIP...

⚙️ Setting up optimizer...
✅ Setup complete!
   LoRA params: 3,145,728
   Decoder params: 0

======================================================================
🎯 STARTING TRAINING
======================================================================


======================================================================
Epoch 1/20
======================================================================
[Epoch 1][100/1055] Loss: 0.7703
[Epoch 1][200/1055] Loss: 0.7732
[Epoch 1][300/1055] Loss: 0.7649
[Epoch 1][400/1055] Loss: 0.7498
[Epoch 1][500/1055] Loss: 0.7311
[Epoch 1][600/1055] Loss: 0.7158
[Epoch 1][700/1055] Loss: 0.6984
[Epoch 1][800/1055] Loss: 0.6883
[Epoch 1][900/1055] Loss: 0.6759
[Epoch 1][1000/1055] Loss: 0.6643

📊 Epoch 1 Summary:
  Train Loss: 0.6588
  Val Loss: 0.5448
  Val mIoU: 0.4135
💾 Best model saved! (mIoU: 0.4135)

======================================================================
Epoch 2/20
======================================================================
[Epoch 2][100/1055] Loss: 0.5654
[Epoch 2][200/1055] Loss: 0.5394
[Epoch 2][300/1055] Loss: 0.5254
[Epoch 2][400/1055] Loss: 0.5176
[Epoch 2][500/1055] Loss: 0.5141
[Epoch 2][600/1055] Loss: 0.5065
[Epoch 2][700/1055] Loss: 0.5022
[Epoch 2][800/1055] Loss: 0.4939
[Epoch 2][900/1055] Loss: 0.4908
[Epoch 2][1000/1055] Loss: 0.4842

📊 Epoch 2 Summary:
  Train Loss: 0.4822
  Val Loss: 0.4278
  Val mIoU: 0.4380
💾 Best model saved! (mIoU: 0.4380)

======================================================================
Epoch 3/20
======================================================================
[Epoch 3][100/1055] Loss: 0.4277
[Epoch 3][200/1055] Loss: 0.4324
[Epoch 3][300/1055] Loss: 0.4306
[Epoch 3][400/1055] Loss: 0.4269
[Epoch 3][500/1055] Loss: 0.4209
[Epoch 3][600/1055] Loss: 0.4178
[Epoch 3][700/1055] Loss: 0.4143
[Epoch 3][800/1055] Loss: 0.4121
[Epoch 3][900/1055] Loss: 0.4090
[Epoch 3][1000/1055] Loss: 0.4058

📊 Epoch 3 Summary:
  Train Loss: 0.4058
  Val Loss: 0.3884
  Val mIoU: 0.4524
💾 Best model saved! (mIoU: 0.4524)

======================================================================
Epoch 4/20
======================================================================
[Epoch 4][100/1055] Loss: 0.3795
[Epoch 4][200/1055] Loss: 0.3712
[Epoch 4][300/1055] Loss: 0.3703
[Epoch 4][400/1055] Loss: 0.3704
[Epoch 4][500/1055] Loss: 0.3702
[Epoch 4][600/1055] Loss: 0.3705
[Epoch 4][700/1055] Loss: 0.3682
[Epoch 4][800/1055] Loss: 0.3678
[Epoch 4][900/1055] Loss: 0.3679
[Epoch 4][1000/1055] Loss: 0.3666

📊 Epoch 4 Summary:
  Train Loss: 0.3661
  Val Loss: 0.3632
  Val mIoU: 0.4620
💾 Best model saved! (mIoU: 0.4620)

======================================================================
Epoch 5/20
======================================================================
[Epoch 5][100/1055] Loss: 0.3525
[Epoch 5][200/1055] Loss: 0.3442
[Epoch 5][300/1055] Loss: 0.3427
[Epoch 5][400/1055] Loss: 0.3457
[Epoch 5][500/1055] Loss: 0.3436
[Epoch 5][600/1055] Loss: 0.3450
[Epoch 5][700/1055] Loss: 0.3448
[Epoch 5][800/1055] Loss: 0.3422
[Epoch 5][900/1055] Loss: 0.3401
[Epoch 5][1000/1055] Loss: 0.3418

📊 Epoch 5 Summary:
  Train Loss: 0.3410
  Val Loss: 0.3548
  Val mIoU: 0.4638
💾 Best model saved! (mIoU: 0.4638)

======================================================================
Epoch 6/20
======================================================================
[Epoch 6][100/1055] Loss: 0.3080
[Epoch 6][200/1055] Loss: 0.3254
[Epoch 6][300/1055] Loss: 0.3231
[Epoch 6][400/1055] Loss: 0.3227
[Epoch 6][500/1055] Loss: 0.3253
[Epoch 6][600/1055] Loss: 0.3251
[Epoch 6][700/1055] Loss: 0.3265
[Epoch 6][800/1055] Loss: 0.3266
[Epoch 6][900/1055] Loss: 0.3266
[Epoch 6][1000/1055] Loss: 0.3265

📊 Epoch 6 Summary:
  Train Loss: 0.3256
  Val Loss: 0.3511
  Val mIoU: 0.4715
💾 Best model saved! (mIoU: 0.4715)

======================================================================
Epoch 7/20
======================================================================
[Epoch 7][100/1055] Loss: 0.3191
[Epoch 7][200/1055] Loss: 0.3139
[Epoch 7][300/1055] Loss: 0.3148
[Epoch 7][400/1055] Loss: 0.3156
[Epoch 7][500/1055] Loss: 0.3139
[Epoch 7][600/1055] Loss: 0.3135
[Epoch 7][700/1055] Loss: 0.3127
[Epoch 7][800/1055] Loss: 0.3113
[Epoch 7][900/1055] Loss: 0.3124
[Epoch 7][1000/1055] Loss: 0.3127

📊 Epoch 7 Summary:
  Train Loss: 0.3118
  Val Loss: 0.3520
  Val mIoU: 0.4752
💾 Best model saved! (mIoU: 0.4752)

======================================================================
Epoch 8/20
======================================================================
[Epoch 8][100/1055] Loss: 0.2975
[Epoch 8][200/1055] Loss: 0.2997
[Epoch 8][300/1055] Loss: 0.3036
[Epoch 8][400/1055] Loss: 0.3023
[Epoch 8][500/1055] Loss: 0.3032
[Epoch 8][600/1055] Loss: 0.3032
[Epoch 8][700/1055] Loss: 0.3033
[Epoch 8][800/1055] Loss: 0.3034
[Epoch 8][900/1055] Loss: 0.3020
[Epoch 8][1000/1055] Loss: 0.3018

📊 Epoch 8 Summary:
  Train Loss: 0.3016
  Val Loss: 0.3444
  Val mIoU: 0.4770
💾 Best model saved! (mIoU: 0.4770)

======================================================================
Epoch 9/20
======================================================================
[Epoch 9][100/1055] Loss: 0.2959
[Epoch 9][200/1055] Loss: 0.2956
[Epoch 9][300/1055] Loss: 0.2931
[Epoch 9][400/1055] Loss: 0.2939
[Epoch 9][500/1055] Loss: 0.2925
[Epoch 9][600/1055] Loss: 0.2919
[Epoch 9][700/1055] Loss: 0.2915
[Epoch 9][800/1055] Loss: 0.2910
[Epoch 9][900/1055] Loss: 0.2923
[Epoch 9][1000/1055] Loss: 0.2923

📊 Epoch 9 Summary:
  Train Loss: 0.2922
  Val Loss: 0.3477
  Val mIoU: 0.4768

======================================================================
Epoch 10/20
======================================================================
[Epoch 10][100/1055] Loss: 0.2724
[Epoch 10][200/1055] Loss: 0.2774
[Epoch 10][300/1055] Loss: 0.2802
[Epoch 10][400/1055] Loss: 0.2803
[Epoch 10][500/1055] Loss: 0.2815
[Epoch 10][600/1055] Loss: 0.2820
[Epoch 10][700/1055] Loss: 0.2819
[Epoch 10][800/1055] Loss: 0.2827
[Epoch 10][900/1055] Loss: 0.2821
[Epoch 10][1000/1055] Loss: 0.2828

📊 Epoch 10 Summary:
  Train Loss: 0.2840
  Val Loss: 0.3517
  Val mIoU: 0.4794
💾 Best model saved! (mIoU: 0.4794)

======================================================================
Epoch 11/20
======================================================================
[Epoch 11][100/1055] Loss: 0.2779
[Epoch 11][200/1055] Loss: 0.2734
[Epoch 11][300/1055] Loss: 0.2720
[Epoch 11][400/1055] Loss: 0.2724
[Epoch 11][500/1055] Loss: 0.2752
[Epoch 11][600/1055] Loss: 0.2750
[Epoch 11][700/1055] Loss: 0.2763
[Epoch 11][800/1055] Loss: 0.2760
[Epoch 11][900/1055] Loss: 0.2775
[Epoch 11][1000/1055] Loss: 0.2762

📊 Epoch 11 Summary:
  Train Loss: 0.2762
  Val Loss: 0.3514
  Val mIoU: 0.4791

======================================================================
Epoch 12/20
======================================================================
[Epoch 12][100/1055] Loss: 0.2599
[Epoch 12][200/1055] Loss: 0.2621
[Epoch 12][300/1055] Loss: 0.2672
[Epoch 12][400/1055] Loss: 0.2663
[Epoch 12][500/1055] Loss: 0.2673
[Epoch 12][600/1055] Loss: 0.2679
[Epoch 12][700/1055] Loss: 0.2678
[Epoch 12][800/1055] Loss: 0.2683
[Epoch 12][900/1055] Loss: 0.2689
[Epoch 12][1000/1055] Loss: 0.2689

📊 Epoch 12 Summary:
  Train Loss: 0.2687
  Val Loss: 0.3523
  Val mIoU: 0.4823
💾 Best model saved! (mIoU: 0.4823)

======================================================================
Epoch 13/20
======================================================================
[Epoch 13][100/1055] Loss: 0.2547
[Epoch 13][200/1055] Loss: 0.2622
[Epoch 13][300/1055] Loss: 0.2595
[Epoch 13][400/1055] Loss: 0.2609
[Epoch 13][500/1055] Loss: 0.2625
[Epoch 13][600/1055] Loss: 0.2626
[Epoch 13][700/1055] Loss: 0.2645
[Epoch 13][800/1055] Loss: 0.2635
[Epoch 13][900/1055] Loss: 0.2633
[Epoch 13][1000/1055] Loss: 0.2622

📊 Epoch 13 Summary:
  Train Loss: 0.2632
  Val Loss: 0.3481
  Val mIoU: 0.4823
💾 Best model saved! (mIoU: 0.4823)

======================================================================
Epoch 14/20
======================================================================
[Epoch 14][100/1055] Loss: 0.2658
[Epoch 14][200/1055] Loss: 0.2642
[Epoch 14][300/1055] Loss: 0.2643
[Epoch 14][400/1055] Loss: 0.2651
[Epoch 14][500/1055] Loss: 0.2642
[Epoch 14][600/1055] Loss: 0.2627
[Epoch 14][700/1055] Loss: 0.2615
[Epoch 14][800/1055] Loss: 0.2601
[Epoch 14][900/1055] Loss: 0.2588
[Epoch 14][1000/1055] Loss: 0.2582

📊 Epoch 14 Summary:
  Train Loss: 0.2579
  Val Loss: 0.3624
  Val mIoU: 0.4831
💾 Best model saved! (mIoU: 0.4831)

======================================================================
Epoch 15/20
======================================================================
[Epoch 15][100/1055] Loss: 0.2491
[Epoch 15][200/1055] Loss: 0.2508
[Epoch 15][300/1055] Loss: 0.2518
[Epoch 15][400/1055] Loss: 0.2556
[Epoch 15][500/1055] Loss: 0.2563
[Epoch 15][600/1055] Loss: 0.2551
[Epoch 15][700/1055] Loss: 0.2560
[Epoch 15][800/1055] Loss: 0.2558
[Epoch 15][900/1055] Loss: 0.2552
[Epoch 15][1000/1055] Loss: 0.2534

📊 Epoch 15 Summary:
  Train Loss: 0.2541
  Val Loss: 0.3630
  Val mIoU: 0.4852
💾 Best model saved! (mIoU: 0.4852)

======================================================================
Epoch 16/20
======================================================================
[Epoch 16][100/1055] Loss: 0.2414
[Epoch 16][200/1055] Loss: 0.2494
[Epoch 16][300/1055] Loss: 0.2505
[Epoch 16][400/1055] Loss: 0.2514
[Epoch 16][500/1055] Loss: 0.2499
[Epoch 16][600/1055] Loss: 0.2502
[Epoch 16][700/1055] Loss: 0.2494
[Epoch 16][800/1055] Loss: 0.2494
[Epoch 16][900/1055] Loss: 0.2493
[Epoch 16][1000/1055] Loss: 0.2504

📊 Epoch 16 Summary:
  Train Loss: 0.2502
  Val Loss: 0.3615
  Val mIoU: 0.4851

======================================================================
Epoch 17/20
======================================================================
[Epoch 17][100/1055] Loss: 0.2373
[Epoch 17][200/1055] Loss: 0.2446
[Epoch 17][300/1055] Loss: 0.2461
[Epoch 17][400/1055] Loss: 0.2443
[Epoch 17][500/1055] Loss: 0.2463
[Epoch 17][600/1055] Loss: 0.2466
[Epoch 17][700/1055] Loss: 0.2459
[Epoch 17][800/1055] Loss: 0.2469
[Epoch 17][900/1055] Loss: 0.2468
[Epoch 17][1000/1055] Loss: 0.2476

📊 Epoch 17 Summary:
  Train Loss: 0.2475
  Val Loss: 0.3607
  Val mIoU: 0.4845

======================================================================
Epoch 18/20
======================================================================
[Epoch 18][100/1055] Loss: 0.2339
[Epoch 18][200/1055] Loss: 0.2352
[Epoch 18][300/1055] Loss: 0.2384
[Epoch 18][400/1055] Loss: 0.2415
[Epoch 18][500/1055] Loss: 0.2443
[Epoch 18][600/1055] Loss: 0.2445
[Epoch 18][700/1055] Loss: 0.2448
[Epoch 18][800/1055] Loss: 0.2462
[Epoch 18][900/1055] Loss: 0.2463
[Epoch 18][1000/1055] Loss: 0.2457

📊 Epoch 18 Summary:
  Train Loss: 0.2455
  Val Loss: 0.3633
  Val mIoU: 0.4849

======================================================================
Epoch 19/20
======================================================================
[Epoch 19][100/1055] Loss: 0.2337
[Epoch 19][200/1055] Loss: 0.2370
[Epoch 19][300/1055] Loss: 0.2396
[Epoch 19][400/1055] Loss: 0.2399
[Epoch 19][500/1055] Loss: 0.2391
[Epoch 19][600/1055] Loss: 0.2407
[Epoch 19][700/1055] Loss: 0.2413
[Epoch 19][800/1055] Loss: 0.2426
[Epoch 19][900/1055] Loss: 0.2422
[Epoch 19][1000/1055] Loss: 0.2437

📊 Epoch 19 Summary:
  Train Loss: 0.2442
  Val Loss: 0.3629
  Val mIoU: 0.4849

======================================================================
Epoch 20/20
======================================================================
[Epoch 20][100/1055] Loss: 0.2433
[Epoch 20][200/1055] Loss: 0.2465
[Epoch 20][300/1055] Loss: 0.2469
[Epoch 20][400/1055] Loss: 0.2451
[Epoch 20][500/1055] Loss: 0.2438
[Epoch 20][600/1055] Loss: 0.2445
[Epoch 20][700/1055] Loss: 0.2453
[Epoch 20][800/1055] Loss: 0.2438
[Epoch 20][900/1055] Loss: 0.2440
[Epoch 20][1000/1055] Loss: 0.2441

📊 Epoch 20 Summary:
  Train Loss: 0.2440
  Val Loss: 0.3632
  Val mIoU: 0.4848

======================================================================
✅ TRAINING COMPLETE!
======================================================================
Best mIoU: 0.4852
======================================================================
